../winc1500/driver/source/nmasic.c:66:7:chip_apply_conf	32	static
../winc1500/driver/source/nmasic.c:106:6:chip_idle	16	static
../winc1500/driver/source/nmasic.c:117:7:enable_interrupts	16	static
../winc1500/driver/source/nmasic.c:144:7:cpu_start	16	static
../winc1500/driver/source/nmasic.c:171:8:nmi_get_chipid	16	static
../winc1500/driver/source/nmasic.c:234:8:nmi_get_rfrevid	16	static
../winc1500/driver/source/nmasic.c:244:6:restore_pmu_settings_after_global_reset	8	static
../winc1500/driver/source/nmasic.c:256:6:nmi_update_pll	16	static
../winc1500/driver/source/nmasic.c:267:6:nmi_set_sys_clk_src_to_xo	16	static
../winc1500/driver/source/nmasic.c:279:7:chip_sleep	16	static
../winc1500/driver/source/nmasic.c:313:7:chip_wake	24	static
../winc1500/driver/source/nmasic.c:363:7:cpu_halt	16	static
../winc1500/driver/source/nmasic.c:378:7:chip_reset_and_cpu_halt	16	static
../winc1500/driver/source/nmasic.c:393:7:chip_reset	16	static
../winc1500/driver/source/nmasic.c:401:7:wait_for_bootrom	40	static
../winc1500/driver/source/nmasic.c:474:7:wait_for_firmware_start	40	static
../winc1500/driver/source/nmasic.c:510:7:chip_deinit	16	static
../winc1500/driver/source/nmasic.c:613:7:nmi_get_otp_mac_address	40	static
../winc1500/driver/source/nmasic.c:645:7:nmi_get_mac_address	40	static
