../Core/Src/main.c:87:6:EXTI15_10_IRQHandler	16	static
../Core/Src/main.c:103:6:HAL_GPIO_EXTI_Callback	16	static
../Core/Src/main.c:129:13:socket_cb	32	static
../Core/Src/main.c:207:13:wifi_cb	32	static
../Core/Src/main.c:241:5:main	200	static
../Core/Src/main.c:383:6:SystemClock_Config	88	static
../Core/Src/main.c:430:13:MX_SDIO_SD_Init	4	static
../Core/Src/main.c:458:13:MX_SPI1_Init	8	static
../Core/Src/main.c:496:13:MX_GPIO_Init	56	static
../Core/Src/main.c:625:6:Error_Handler	4	static,ignoring_inline_asm
