Archive member included to satisfy reference by file (symbol)

C:/ST/STM32CubeIDE_1.15.1/STM32CubeIDE/plugins/com.st.stm32cube.ide.mcu.externaltools.gnu-tools-for-stm32.12.3.rel1.win32_1.0.200.202406191623/tools/bin/../lib/gcc/arm-none-eabi/12.3.1/../../../../arm-none-eabi/lib/thumb/v7e-m+fp/hard\libc_nano.a(libc_a-exit.o)
                              C:/ST/STM32CubeIDE_1.15.1/STM32CubeIDE/plugins/com.st.stm32cube.ide.mcu.externaltools.gnu-tools-for-stm32.12.3.rel1.win32_1.0.200.202406191623/tools/bin/../lib/gcc/arm-none-eabi/12.3.1/../../../../arm-none-eabi/lib/thumb/v7e-m+fp/hard/crt0.o (exit)
C:/ST/STM32CubeIDE_1.15.1/STM32CubeIDE/plugins/com.st.stm32cube.ide.mcu.externaltools.gnu-tools-for-stm32.12.3.rel1.win32_1.0.200.202406191623/tools/bin/../lib/gcc/arm-none-eabi/12.3.1/../../../../arm-none-eabi/lib/thumb/v7e-m+fp/hard\libc_nano.a(libc_a-malloc.o)
                              ./embeddedWebSrv/src/http_SSI_replacer.o (malloc)
C:/ST/STM32CubeIDE_1.15.1/STM32CubeIDE/plugins/com.st.stm32cube.ide.mcu.externaltools.gnu-tools-for-stm32.12.3.rel1.win32_1.0.200.202406191623/tools/bin/../lib/gcc/arm-none-eabi/12.3.1/../../../../arm-none-eabi/lib/thumb/v7e-m+fp/hard\libc_nano.a(libc_a-mallocr.o)
                              C:/ST/STM32CubeIDE_1.15.1/STM32CubeIDE/plugins/com.st.stm32cube.ide.mcu.externaltools.gnu-tools-for-stm32.12.3.rel1.win32_1.0.200.202406191623/tools/bin/../lib/gcc/arm-none-eabi/12.3.1/../../../../arm-none-eabi/lib/thumb/v7e-m+fp/hard\libc_nano.a(libc_a-malloc.o) (_malloc_r)
C:/ST/STM32CubeIDE_1.15.1/STM32CubeIDE/plugins/com.st.stm32cube.ide.mcu.externaltools.gnu-tools-for-stm32.12.3.rel1.win32_1.0.200.202406191623/tools/bin/../lib/gcc/arm-none-eabi/12.3.1/../../../../arm-none-eabi/lib/thumb/v7e-m+fp/hard\libc_nano.a(libc_a-mlock.o)
                              C:/ST/STM32CubeIDE_1.15.1/STM32CubeIDE/plugins/com.st.stm32cube.ide.mcu.externaltools.gnu-tools-for-stm32.12.3.rel1.win32_1.0.200.202406191623/tools/bin/../lib/gcc/arm-none-eabi/12.3.1/../../../../arm-none-eabi/lib/thumb/v7e-m+fp/hard\libc_nano.a(libc_a-mallocr.o) (__malloc_lock)
C:/ST/STM32CubeIDE_1.15.1/STM32CubeIDE/plugins/com.st.stm32cube.ide.mcu.externaltools.gnu-tools-for-stm32.12.3.rel1.win32_1.0.200.202406191623/tools/bin/../lib/gcc/arm-none-eabi/12.3.1/../../../../arm-none-eabi/lib/thumb/v7e-m+fp/hard\libc_nano.a(libc_a-findfp.o)
                              C:/ST/STM32CubeIDE_1.15.1/STM32CubeIDE/plugins/com.st.stm32cube.ide.mcu.externaltools.gnu-tools-for-stm32.12.3.rel1.win32_1.0.200.202406191623/tools/bin/../lib/gcc/arm-none-eabi/12.3.1/../../../../arm-none-eabi/lib/thumb/v7e-m+fp/hard\libc_nano.a(libc_a-exit.o) (__stdio_exit_handler)
C:/ST/STM32CubeIDE_1.15.1/STM32CubeIDE/plugins/com.st.stm32cube.ide.mcu.externaltools.gnu-tools-for-stm32.12.3.rel1.win32_1.0.200.202406191623/tools/bin/../lib/gcc/arm-none-eabi/12.3.1/../../../../arm-none-eabi/lib/thumb/v7e-m+fp/hard\libc_nano.a(libc_a-fprintf.o)
                              ./embeddedWebSrv/src/http_SSI_replacer.o (fprintf)
C:/ST/STM32CubeIDE_1.15.1/STM32CubeIDE/plugins/com.st.stm32cube.ide.mcu.externaltools.gnu-tools-for-stm32.12.3.rel1.win32_1.0.200.202406191623/tools/bin/../lib/gcc/arm-none-eabi/12.3.1/../../../../arm-none-eabi/lib/thumb/v7e-m+fp/hard\libc_nano.a(libc_a-fwalk.o)
                              C:/ST/STM32CubeIDE_1.15.1/STM32CubeIDE/plugins/com.st.stm32cube.ide.mcu.externaltools.gnu-tools-for-stm32.12.3.rel1.win32_1.0.200.202406191623/tools/bin/../lib/gcc/arm-none-eabi/12.3.1/../../../../arm-none-eabi/lib/thumb/v7e-m+fp/hard\libc_nano.a(libc_a-findfp.o) (_fwalk_sglue)
C:/ST/STM32CubeIDE_1.15.1/STM32CubeIDE/plugins/com.st.stm32cube.ide.mcu.externaltools.gnu-tools-for-stm32.12.3.rel1.win32_1.0.200.202406191623/tools/bin/../lib/gcc/arm-none-eabi/12.3.1/../../../../arm-none-eabi/lib/thumb/v7e-m+fp/hard\libc_nano.a(libc_a-printf.o)
                              ./Core/Src/main.o (printf)
C:/ST/STM32CubeIDE_1.15.1/STM32CubeIDE/plugins/com.st.stm32cube.ide.mcu.externaltools.gnu-tools-for-stm32.12.3.rel1.win32_1.0.200.202406191623/tools/bin/../lib/gcc/arm-none-eabi/12.3.1/../../../../arm-none-eabi/lib/thumb/v7e-m+fp/hard\libc_nano.a(libc_a-puts.o)
                              ./Core/Src/main.o (puts)
C:/ST/STM32CubeIDE_1.15.1/STM32CubeIDE/plugins/com.st.stm32cube.ide.mcu.externaltools.gnu-tools-for-stm32.12.3.rel1.win32_1.0.200.202406191623/tools/bin/../lib/gcc/arm-none-eabi/12.3.1/../../../../arm-none-eabi/lib/thumb/v7e-m+fp/hard\libc_nano.a(libc_a-snprintf.o)
                              ./embeddedWebSrv/src/http_response.o (snprintf)
C:/ST/STM32CubeIDE_1.15.1/STM32CubeIDE/plugins/com.st.stm32cube.ide.mcu.externaltools.gnu-tools-for-stm32.12.3.rel1.win32_1.0.200.202406191623/tools/bin/../lib/gcc/arm-none-eabi/12.3.1/../../../../arm-none-eabi/lib/thumb/v7e-m+fp/hard\libc_nano.a(libc_a-sprintf.o)
                              ./embeddedWebSrv/src/http_server.o (sprintf)
[...]
Memory Configuration

Name             Origin             Length             Attributes
CCMRAM           0x10000000         0x00010000         xrw
RAM              0x20000000         0x00020000         xrw
FLASH            0x08000000         0x00100000         xr
*default*        0x00000000         0xffffffff

Linker script and memory map

LOAD C:/ST/STM32CubeIDE_1.15.1/STM32CubeIDE/plugins/com.st.stm32cube.ide.mcu.externaltools.gnu-tools-for-stm32.12.3.rel1.win32_1.0.200.202406191623/tools/bin/../lib/gcc/arm-none-eabi/12.3.1/thumb/v7e-m+fp/hard/crti.o
LOAD C:/ST/STM32CubeIDE_1.15.1/STM32CubeIDE/plugins/com.st.stm32cube.ide.mcu.externaltools.gnu-tools-for-stm32.12.3.rel1.win32_1.0.200.202406191623/tools/bin/../lib/gcc/arm-none-eabi/12.3.1/thumb/v7e-m+fp/hard/crtbegin.o
LOAD C:/ST/STM32CubeIDE_1.15.1/STM32CubeIDE/plugins/com.st.stm32cube.ide.mcu.externaltools.gnu-tools-for-stm32.12.3.rel1.win32_1.0.200.202406191623/tools/bin/../lib/gcc/arm-none-eabi/12.3.1/../../../../arm-none-eabi/lib/thumb/v7e-m+fp/hard/crt0.o
LOAD ./Core/Src/main.o
LOAD ./Core/Src/stm32f4xx_hal_msp.o
LOAD ./Core/Src/stm32f4xx_it.o
LOAD ./Core/Src/syscalls.o
LOAD ./Core/Src/sysmem.o
LOAD ./Core/Src/system_stm32f4xx.o
LOAD ./Core/Startup/startup_stm32f407vgtx.o
LOAD ./Drivers/BSP/STM32F4xx_Discovery_407/Src/stm32f4xx_nucleo_144.o
LOAD ./Drivers/STM32F4xx_HAL_Driver/Src/stm32f4xx_hal.o
LOAD ./Drivers/STM32F4xx_HAL_Driver/Src/stm32f4xx_hal_cortex.o
LOAD ./Drivers/STM32F4xx_HAL_Driver/Src/stm32f4xx_hal_dma.o
LOAD ./Drivers/STM32F4xx_HAL_Driver/Src/stm32f4xx_hal_dma_ex.o
LOAD ./Drivers/STM32F4xx_HAL_Driver/Src/stm32f4xx_hal_exti.o
LOAD ./Drivers/STM32F4xx_HAL_Driver/Src/stm32f4xx_hal_flash.o
LOAD ./Drivers/STM32F4xx_HAL_Driver/Src/stm32f4xx_hal_flash_ex.o
LOAD ./Drivers/STM32F4xx_HAL_Driver/Src/stm32f4xx_hal_flash_ramfunc.o
LOAD ./Drivers/STM32F4xx_HAL_Driver/Src/stm32f4xx_hal_gpio.o
LOAD ./Drivers/STM32F4xx_HAL_Driver/Src/stm32f4xx_hal_pwr.o
LOAD ./Drivers/STM32F4xx_HAL_Driver/Src/stm32f4xx_hal_pwr_ex.o
LOAD ./Drivers/STM32F4xx_HAL_Driver/Src/stm32f4xx_hal_rcc.o
LOAD ./Drivers/STM32F4xx_HAL_Driver/Src/stm32f4xx_hal_rcc_ex.o
LOAD ./Drivers/STM32F4xx_HAL_Driver/Src/stm32f4xx_hal_spi.o
LOAD ./Drivers/STM32F4xx_HAL_Driver/Src/stm32f4xx_hal_tim.o
LOAD ./Drivers/STM32F4xx_HAL_Driver/Src/stm32f4xx_hal_tim_ex.o
LOAD ./embeddedWebSrv/resources/index_html.o
LOAD ./embeddedWebSrv/resources/timer_ssi.o
LOAD ./embeddedWebSrv/src/helperFunctions.o
LOAD ./embeddedWebSrv/src/http_SSI_replacer.o
LOAD ./embeddedWebSrv/src/http_cgi.o
LOAD ./embeddedWebSrv/src/http_file.o
LOAD ./embeddedWebSrv/src/http_local_filesystem.o
LOAD ./embeddedWebSrv/src/http_net.o
LOAD ./embeddedWebSrv/src/http_request_parser.o
LOAD ./embeddedWebSrv/src/http_response.o
LOAD ./embeddedWebSrv/src/http_server.o
LOAD ./embeddedWebSrv/src/http_server_platform.o
LOAD ./winc1500/bsp/source/nm_bsp_stm32f407.o
LOAD ./winc1500/bus_wrapper/source/nm_bus_wrapper_stm32f407.o
LOAD ./winc1500/common/source/nm_common.o
LOAD ./winc1500/driver/source/m2m_ate_mode.o
LOAD ./winc1500/driver/source/m2m_crypto.o
LOAD ./winc1500/driver/source/m2m_hif.o
LOAD ./winc1500/driver/source/m2m_ota.o
LOAD ./winc1500/driver/source/m2m_periph.o
LOAD ./winc1500/driver/source/m2m_ssl.o
LOAD ./winc1500/driver/source/m2m_wifi.o
LOAD ./winc1500/driver/source/nmasic.o
LOAD ./winc1500/driver/source/nmbus.o
LOAD ./winc1500/driver/source/nmdrv.o
LOAD ./winc1500/driver/source/nmi2c.o
LOAD ./winc1500/driver/source/nmspi.o
LOAD ./winc1500/driver/source/nmuart.o
LOAD ./winc1500/root_cert/X509/asn1.o
LOAD ./winc1500/root_cert/X509/hash.o
LOAD ./winc1500/root_cert/X509/x509_cert.o
LOAD ./winc1500/root_cert/root_setup.o
LOAD ./winc1500/socket/source/socket.o
LOAD ./winc1500/spi_flash/source/spi_flash.o
START GROUP
LOAD C:/ST/STM32CubeIDE_1.15.1/STM32CubeIDE/plugins/com.st.stm32cube.ide.mcu.externaltools.gnu-tools-for-stm32.12.3.rel1.win32_1.0.200.202406191623/tools/bin/../lib/gcc/arm-none-eabi/12.3.1/../../../../arm-none-eabi/lib/thumb/v7e-m+fp/hard\libc_nano.a
LOAD C:/ST/STM32CubeIDE_1.15.1/STM32CubeIDE/plugins/com.st.stm32cube.ide.mcu.externaltools.gnu-tools-for-stm32.12.3.rel1.win32_1.0.200.202406191623/tools/bin/../lib/gcc/arm-none-eabi/12.3.1/../../../../arm-none-eabi/lib/thumb/v7e-m+fp/hard\libm.a
END GROUP
START GROUP
LOAD C:/ST/STM32CubeIDE_1.15.1/STM32CubeIDE/plugins/com.st.stm32cube.ide.mcu.externaltools.gnu-tools-for-stm32.12.3.rel1.win32_1.0.200.202406191623/tools/bin/../lib/gcc/arm-none-eabi/12.3.1/thumb/v7e-m+fp/hard\libgcc.a
LOAD C:/ST/STM32CubeIDE_1.15.1/STM32CubeIDE/plugins/com.st.stm32cube.ide.mcu.externaltools.gnu-tools-for-stm32.12.3.rel1.win32_1.0.200.202406191623/tools/bin/../lib/gcc/arm-none-eabi/12.3.1/../../../../arm-none-eabi/lib/thumb/v7e-m+fp/hard\libc_nano.a
END GROUP
START GROUP
LOAD C:/ST/STM32CubeIDE_1.15.1/STM32CubeIDE/plugins/com.st.stm32cube.ide.mcu.externaltools.gnu-tools-for-stm32.12.3.rel1.win32_1.0.200.202406191623/tools/bin/../lib/gcc/arm-none-eabi/12.3.1/thumb/v7e-m+fp/hard\libgcc.a
LOAD C:/ST/STM32CubeIDE_1.15.1/STM32CubeIDE/plugins/com.st.stm32cube.ide.mcu.externaltools.gnu-tools-for-stm32.12.3.rel1.win32_1.0.200.202406191623/tools/bin/../lib/gcc/arm-none-eabi/12.3.1/../../../../arm-none-eabi/lib/thumb/v7e-m+fp/hard\libc_nano.a
LOAD C:/ST/STM32CubeIDE_1.15.1/STM32CubeIDE/plugins/com.st.stm32cube.ide.mcu.externaltools.gnu-tools-for-stm32.12.3.rel1.win32_1.0.200.202406191623/tools/bin/../lib/gcc/arm-none-eabi/12.3.1/../../../../arm-none-eabi/lib/thumb/v7e-m+fp/hard\libnosys.a
END GROUP
START GROUP
LOAD C:/ST/STM32CubeIDE_1.15.1/STM32CubeIDE/plugins/com.st.stm32cube.ide.mcu.externaltools.gnu-tools-for-stm32.12.3.rel1.win32_1.0.200.202406191623/tools/bin/../lib/gcc/arm-none-eabi/12.3.1/thumb/v7e-m+fp/hard\libgcc.a
LOAD C:/ST/STM32CubeIDE_1.15.1/STM32CubeIDE/plugins/com.st.stm32cube.ide.mcu.externaltools.gnu-tools-for-stm32.12.3.rel1.win32_1.0.200.202406191623/tools/bin/../lib/gcc/arm-none-eabi/12.3.1/../../../../arm-none-eabi/lib/thumb/v7e-m+fp/hard\libc_nano.a
LOAD C:/ST/STM32CubeIDE_1.15.1/STM32CubeIDE/plugins/com.st.stm32cube.ide.mcu.externaltools.gnu-tools-for-stm32.12.3.rel1.win32_1.0.200.202406191623/tools/bin/../lib/gcc/arm-none-eabi/12.3.1/../../../../arm-none-eabi/lib/thumb/v7e-m+fp/hard\libnosys.a
END GROUP
LOAD C:/ST/STM32CubeIDE_1.15.1/STM32CubeIDE/plugins/com.st.stm32cube.ide.mcu.externaltools.gnu-tools-for-stm32.12.3.rel1.win32_1.0.200.202406191623/tools/bin/../lib/gcc/arm-none-eabi/12.3.1/thumb/v7e-m+fp/hard/crtend.o
LOAD C:/ST/STM32CubeIDE_1.15.1/STM32CubeIDE/plugins/com.st.stm32cube.ide.mcu.externaltools.gnu-tools-for-stm32.12.3.rel1.win32_1.0.200.202406191623/tools/bin/../lib/gcc/arm-none-eabi/12.3.1/thumb/v7e-m+fp/hard/crtn.o
                0x20020000                        _estack = (ORIGIN (RAM) + LENGTH (RAM))
                0x00000200                        _Min_Heap_Size = 0x200
                0x00000400                        _Min_Stack_Size = 0x400

.isr_vector     0x08000000      0x188
                0x08000000                        . = ALIGN (0x4)
 *(.isr_vector)
 .isr_vector    0x08000000      0x188 ./Core/Startup/startup_stm32f407vgtx.o
                0x08000000                g_pfnVectors
                0x08000188                        . = ALIGN (0x4)

.text           0x08000190     0xa768
                0x08000190                        . = ALIGN (0x4)
 *(.text)
 .text          0x08000190       0x40 C:/ST/STM32CubeIDE_1.15.1/STM32CubeIDE/plugins/com.st.stm32cube.ide.mcu.externaltools.gnu-tools-for-stm32.12.3.rel1.win32_1.0.200.202406191623/tools/bin/../lib/gcc/arm-none-eabi/12.3.1/thumb/v7e-m+fp/hard/crtbegin.o
 .text          0x080001d0       0x14 C:/ST/STM32CubeIDE_1.15.1/STM32CubeIDE/plugins/com.st.stm32cube.ide.mcu.externaltools.gnu-tools-for-stm32.12.3.rel1.win32_1.0.200.202406191623/tools/bin/../lib/gcc/arm-none-eabi/12.3.1/../../../../arm-none-eabi/lib/thumb/v7e-m+fp/hard\libc_nano.a(libc_a-strcmp.o)
                0x080001d0                strcmp
 .text          0x080001e4       0x10 C:/ST/STM32CubeIDE_1.15.1/STM32CubeIDE/plugins/com.st.stm32cube.ide.mcu.externaltools.gnu-tools-for-stm32.12.3.rel1.win32_1.0.200.202406191623/tools/bin/../lib/gcc/arm-none-eabi/12.3.1/../../../../arm-none-eabi/lib/thumb/v7e-m+fp/hard\libc_nano.a(libc_a-strlen.o)
                0x080001e4                strlen
 *fill*         0x080001f4        0xc 
 .text          0x08000200       0xa0 C:/ST/STM32CubeIDE_1.15.1/STM32CubeIDE/plugins/com.st.stm32cube.ide.mcu.externaltools.gnu-tools-for-stm32.12.3.rel1.win32_1.0.200.202406191623/tools/bin/../lib/gcc/arm-none-eabi/12.3.1/../../../../arm-none-eabi/lib/thumb/v7e-m+fp/hard\libc_nano.a(libc_a-memchr.o)
                0x08000200                memchr
 .text          0x080002a0       0x30 C:/ST/STM32CubeIDE_1.15.1/STM32CubeIDE/plugins/com.st.stm32cube.ide.mcu.externaltools.gnu-tools-for-stm32.12.3.rel1.win32_1.0.200.202406191623/tools/bin/../lib/gcc/arm-none-eabi/12.3.1/thumb/v7e-m+fp/hard\libgcc.a(_aeabi_uldivmod.o)
                0x080002a0                __aeabi_uldivmod
 .text          0x080002d0      0x2bc C:/ST/STM32CubeIDE_1.15.1/STM32CubeIDE/plugins/com.st.stm32cube.ide.mcu.externaltools.gnu-tools-for-stm32.12.3.rel1.win32_1.0.200.202406191623/tools/bin/../lib/gcc/arm-none-eabi/12.3.1/thumb/v7e-m+fp/hard\libgcc.a(_udivmoddi4.o)
                0x080002d0                __udivmoddi4
 .text          0x0800058c        0x4 C:/ST/STM32CubeIDE_1.15.1/STM32CubeIDE/plugins/com.st.stm32cube.ide.mcu.externaltools.gnu-tools-for-stm32.12.3.rel1.win32_1.0.200.202406191623/tools/bin/../lib/gcc/arm-none-eabi/12.3.1/thumb/v7e-m+fp/hard\libgcc.a(_dvmd_tls.o)
                0x0800058c                __aeabi_idiv0
                0x0800058c                __aeabi_ldiv0
 *(.text*)
 .text.EXTI15_10_IRQHandler
                0x08000590       0x2c ./Core/Src/main.o
                0x08000590                EXTI15_10_IRQHandler
 .text.HAL_GPIO_EXTI_Callback
                0x080005bc       0x1e ./Core/Src/main.o
                0x080005bc                HAL_GPIO_EXTI_Callback
 *fill*         0x080005da        0x2 
 .text.socket_cb
                0x080005dc      0x180 ./Core/Src/main.o
 .text.wifi_cb  0x0800075c       0x88 ./Core/Src/main.o
 .text.main     0x080007e4      0x184 ./Core/Src/main.o
                0x080007e4                main
 .text.SystemClock_Config
                0x08000968       0xd0 ./Core/Src/main.o
                0x08000968                SystemClock_Config
 .text.MX_SPI1_Init
                0x08000a38       0x6c ./Core/Src/main.o
 .text.MX_GPIO_Init
                0x08000aa4      0x29c ./Core/Src/main.o
 .text.Error_Handler
                0x08000d40        0xc ./Core/Src/main.o
                0x08000d40                Error_Handler
 .text.HAL_MspInit
                0x08000d4c       0x50 ./Core/Src/stm32f4xx_hal_msp.o
                0x08000d4c                HAL_MspInit
 .text.HAL_SPI_MspInit
                0x08000d9c       0xb8 ./Core/Src/stm32f4xx_hal_msp.o
                0x08000d9c                HAL_SPI_MspInit
 .text.NMI_Handler
                0x08000e54        0x8 ./Core/Src/stm32f4xx_it.o
                0x08000e54                NMI_Handler
 .text.HardFault_Handler
                0x08000e5c        0x8 ./Core/Src/stm32f4xx_it.o
                0x08000e5c                HardFault_Handler
 .text.MemManage_Handler
                0x08000e64        0x8 ./Core/Src/stm32f4xx_it.o
                0x08000e64                MemManage_Handler
 .text.BusFault_Handler
                0x08000e6c        0x8 ./Core/Src/stm32f4xx_it.o
                0x08000e6c                BusFault_Handler
 .text.UsageFault_Handler
                0x08000e74        0x8 ./Core/Src/stm32f4xx_it.o
                0x08000e74                UsageFault_Handler
 .text.SVC_Handler
                0x08000e7c        0xe ./Core/Src/stm32f4xx_it.o
                0x08000e7c                SVC_Handler
 .text.DebugMon_Handler
                0x08000e8a        0xe ./Core/Src/stm32f4xx_it.o
                0x08000e8a                DebugMon_Handler
 .text.PendSV_Handler
                0x08000e98        0xe ./Core/Src/stm32f4xx_it.o
                0x08000e98                PendSV_Handler
 .text.SysTick_Handler
                0x08000ea6        0xc ./Core/Src/stm32f4xx_it.o
                0x08000ea6                SysTick_Handler
 *fill*         0x08000eb2        0x2 
 .text.ITM_SendChar
                0x08000eb4       0x50 ./Core/Src/syscalls.o
                0x08000eb4                ITM_SendChar
 .text._getpid  0x08000f04       0x10 ./Core/Src/syscalls.o
                0x08000f04                _getpid
 .text._kill    0x08000f14       0x20 ./Core/Src/syscalls.o
                0x08000f14                _kill
 .text._exit    0x08000f34       0x16 ./Core/Src/syscalls.o
                0x08000f34                _exit
 .text._read    0x08000f4a       0x3a ./Core/Src/syscalls.o
                0x08000f4a                _read
 .text._write   0x08000f84       0x38 ./Core/Src/syscalls.o
                0x08000f84                _write
 .text._close   0x08000fbc       0x18 ./Core/Src/syscalls.o
                0x08000fbc                _close
 .text._fstat   0x08000fd4       0x20 ./Core/Src/syscalls.o
                0x08000fd4                _fstat
 .text._isatty  0x08000ff4       0x16 ./Core/Src/syscalls.o
                0x08000ff4                _isatty
 .text._lseek   0x0800100a       0x1a ./Core/Src/syscalls.o
                0x0800100a                _lseek
 .text._sbrk    0x08001024       0x6c ./Core/Src/sysmem.o
                0x08001024                _sbrk
 .text.SystemInit
                0x08001090       0x24 ./Core/Src/system_stm32f4xx.o
                0x08001090                SystemInit
 .text.Reset_Handler
                0x080010b4       0x50 ./Core/Startup/startup_stm32f407vgtx.o
                0x080010b4                Reset_Handler
 .text.Default_Handler
                0x08001104        0x2 ./Core/Startup/startup_stm32f407vgtx.o
                0x08001104                RTC_Alarm_IRQHandler
                0x08001104                HASH_RNG_IRQHandler
                0x08001104                EXTI2_IRQHandler
                0x08001104                TIM8_CC_IRQHandler
                0x08001104                TIM1_CC_IRQHandler
                0x08001104                DMA2_Stream5_IRQHandler
                0x08001104                DMA1_Stream5_IRQHandler
                0x08001104                PVD_IRQHandler
                0x08001104                SDIO_IRQHandler
                0x08001104                TAMP_STAMP_IRQHandler
                0x08001104                CAN2_RX1_IRQHandler
                0x08001104                EXTI3_IRQHandler
                0x08001104                TIM8_TRG_COM_TIM14_IRQHandler
                0x08001104                TIM1_UP_TIM10_IRQHandler
                0x08001104                TIM8_UP_TIM13_IRQHandler
                0x08001104                I2C3_ER_IRQHandler
                0x08001104                EXTI0_IRQHandler
                0x08001104                I2C2_EV_IRQHandler
                0x08001104                DMA1_Stream2_IRQHandler
                0x08001104                CAN1_RX0_IRQHandler
                0x08001104                FPU_IRQHandler
                0x08001104                OTG_HS_WKUP_IRQHandler
                0x08001104                CAN2_SCE_IRQHandler
                0x08001104                DMA2_Stream2_IRQHandler
                0x08001104                SPI1_IRQHandler
                0x08001104                TIM6_DAC_IRQHandler
                0x08001104                TIM1_BRK_TIM9_IRQHandler
                0x08001104                DCMI_IRQHandler
                0x08001104                CAN2_RX0_IRQHandler
                0x08001104                DMA2_Stream3_IRQHandler
                0x08001104                USART6_IRQHandler
                0x08001104                USART3_IRQHandler
                0x08001104                CAN1_RX1_IRQHandler
                0x08001104                UART5_IRQHandler
                0x08001104                DMA2_Stream0_IRQHandler
                0x08001104                TIM4_IRQHandler
                0x08001104                I2C1_EV_IRQHandler
                0x08001104                DMA1_Stream6_IRQHandler
                0x08001104                DMA1_Stream1_IRQHandler
                0x08001104                UART4_IRQHandler
                0x08001104                TIM3_IRQHandler
                0x08001104                RCC_IRQHandler
                0x08001104                TIM8_BRK_TIM12_IRQHandler
                0x08001104                Default_Handler
                0x08001104                ADC_IRQHandler
                0x08001104                DMA1_Stream7_IRQHandler
                0x08001104                TIM7_IRQHandler
                0x08001104                CAN2_TX_IRQHandler
                0x08001104                TIM5_IRQHandler
                0x08001104                DMA2_Stream7_IRQHandler
                0x08001104                I2C3_EV_IRQHandler
                0x08001104                EXTI9_5_IRQHandler
                0x08001104                RTC_WKUP_IRQHandler
                0x08001104                ETH_WKUP_IRQHandler
                0x08001104                SPI2_IRQHandler
                0x08001104                OTG_HS_EP1_IN_IRQHandler
                0x08001104                DMA1_Stream0_IRQHandler
                0x08001104                CAN1_TX_IRQHandler
                0x08001104                EXTI4_IRQHandler
                0x08001104                FSMC_IRQHandler
                0x08001104                ETH_IRQHandler
                0x08001104                OTG_HS_EP1_OUT_IRQHandler
                0x08001104                WWDG_IRQHandler
                0x08001104                TIM2_IRQHandler
                0x08001104                OTG_FS_WKUP_IRQHandler
                0x08001104                TIM1_TRG_COM_TIM11_IRQHandler
                0x08001104                OTG_HS_IRQHandler
                0x08001104                EXTI1_IRQHandler
                0x08001104                USART2_IRQHandler
                0x08001104                I2C2_ER_IRQHandler
                0x08001104                DMA2_Stream1_IRQHandler
                0x08001104                CAN1_SCE_IRQHandler
                0x08001104                FLASH_IRQHandler
                0x08001104                DMA2_Stream4_IRQHandler
                0x08001104                USART1_IRQHandler
                0x08001104                OTG_FS_IRQHandler
                0x08001104                SPI3_IRQHandler
                0x08001104                DMA1_Stream4_IRQHandler
                0x08001104                I2C1_ER_IRQHandler
                0x08001104                DMA2_Stream6_IRQHandler
                0x08001104                DMA1_Stream3_IRQHandler
 *fill*         0x08001106        0x2 
 .text.BSP_LED_On
                0x08001108       0x34 ./Drivers/BSP/STM32F4xx_Discovery_407/Src/stm32f4xx_nucleo_144.o
                0x08001108                BSP_LED_On
 .text.BSP_LED_Off
                0x0800113c       0x34 ./Drivers/BSP/STM32F4xx_Discovery_407/Src/stm32f4xx_nucleo_144.o
                0x0800113c                BSP_LED_Off
 .text.BSP_LED_Toggle
                0x08001170       0x34 ./Drivers/BSP/STM32F4xx_Discovery_407/Src/stm32f4xx_nucleo_144.o
                0x08001170                BSP_LED_Toggle
 .text.HAL_Init
                0x080011a4       0x44 ./Drivers/STM32F4xx_HAL_Driver/Src/stm32f4xx_hal.o
                0x080011a4                HAL_Init
 .text.HAL_InitTick
                0x080011e8       0x60 ./Drivers/STM32F4xx_HAL_Driver/Src/stm32f4xx_hal.o
                0x080011e8                HAL_InitTick
 .text.HAL_IncTick
                0x08001248       0x28 ./Drivers/STM32F4xx_HAL_Driver/Src/stm32f4xx_hal.o
                0x08001248                HAL_IncTick
 .text.HAL_GetTick
                0x08001270       0x18 ./Drivers/STM32F4xx_HAL_Driver/Src/stm32f4xx_hal.o
                0x08001270                HAL_GetTick
 .text.HAL_Delay
                0x08001288       0x48 ./Drivers/STM32F4xx_HAL_Driver/Src/stm32f4xx_hal.o
                0x08001288                HAL_Delay
 .text.__NVIC_SetPriorityGrouping
                0x080012d0       0x48 ./Drivers/STM32F4xx_HAL_Driver/Src/stm32f4xx_hal_cortex.o
 .text.__NVIC_GetPriorityGrouping
                0x08001318       0x1c ./Drivers/STM32F4xx_HAL_Driver/Src/stm32f4xx_hal_cortex.o
 .text.__NVIC_EnableIRQ
                0x08001334       0x3c ./Drivers/STM32F4xx_HAL_Driver/Src/stm32f4xx_hal_cortex.o
 .text.__NVIC_DisableIRQ
                0x08001370       0x48 ./Drivers/STM32F4xx_HAL_Driver/Src/stm32f4xx_hal_cortex.o
 .text.__NVIC_SetPriority
                0x080013b8       0x54 ./Drivers/STM32F4xx_HAL_Driver/Src/stm32f4xx_hal_cortex.o
 .text.NVIC_EncodePriority
                0x0800140c       0x66 ./Drivers/STM32F4xx_HAL_Driver/Src/stm32f4xx_hal_cortex.o
 *fill*         0x08001472        0x2 
 .text.SysTick_Config
                0x08001474       0x44 ./Drivers/STM32F4xx_HAL_Driver/Src/stm32f4xx_hal_cortex.o
 .text.HAL_NVIC_SetPriorityGrouping
                0x080014b8       0x16 ./Drivers/STM32F4xx_HAL_Driver/Src/stm32f4xx_hal_cortex.o
                0x080014b8                HAL_NVIC_SetPriorityGrouping
 .text.HAL_NVIC_SetPriority
                0x080014ce       0x38 ./Drivers/STM32F4xx_HAL_Driver/Src/stm32f4xx_hal_cortex.o
                0x080014ce                HAL_NVIC_SetPriority
 .text.HAL_NVIC_EnableIRQ
                0x08001506       0x1c ./Drivers/STM32F4xx_HAL_Driver/Src/stm32f4xx_hal_cortex.o
                0x08001506                HAL_NVIC_EnableIRQ
 .text.HAL_NVIC_DisableIRQ
                0x08001522       0x1c ./Drivers/STM32F4xx_HAL_Driver/Src/stm32f4xx_hal_cortex.o
                0x08001522                HAL_NVIC_DisableIRQ
 .text.HAL_SYSTICK_Config
                0x0800153e       0x18 ./Drivers/STM32F4xx_HAL_Driver/Src/stm32f4xx_hal_cortex.o
                0x0800153e                HAL_SYSTICK_Config
 *fill*         0x08001556        0x2 
 .text.HAL_GPIO_Init
                0x08001558      0x338 ./Drivers/STM32F4xx_HAL_Driver/Src/stm32f4xx_hal_gpio.o
                0x08001558                HAL_GPIO_Init
 .text.HAL_GPIO_ReadPin
                0x08001890       0x30 ./Drivers/STM32F4xx_HAL_Driver/Src/stm32f4xx_hal_gpio.o
                0x08001890                HAL_GPIO_ReadPin
 .text.HAL_GPIO_WritePin
                0x080018c0       0x32 ./Drivers/STM32F4xx_HAL_Driver/Src/stm32f4xx_hal_gpio.o
                0x080018c0                HAL_GPIO_WritePin
 .text.HAL_GPIO_TogglePin
                0x080018f2       0x34 ./Drivers/STM32F4xx_HAL_Driver/Src/stm32f4xx_hal_gpio.o
                0x080018f2                HAL_GPIO_TogglePin
 *fill*         0x08001926        0x2 
 .text.HAL_GPIO_EXTI_IRQHandler
                0x08001928       0x30 ./Drivers/STM32F4xx_HAL_Driver/Src/stm32f4xx_hal_gpio.o
                0x08001928                HAL_GPIO_EXTI_IRQHandler
 .text.HAL_RCC_OscConfig
                0x08001958      0x4f0 ./Drivers/STM32F4xx_HAL_Driver/Src/stm32f4xx_hal_rcc.o
                0x08001958                HAL_RCC_OscConfig
 .text.HAL_RCC_ClockConfig
                0x08001e48      0x1cc ./Drivers/STM32F4xx_HAL_Driver/Src/stm32f4xx_hal_rcc.o
                0x08001e48                HAL_RCC_ClockConfig
 .text.HAL_RCC_GetSysClockFreq
                0x08002014      0x20c ./Drivers/STM32F4xx_HAL_Driver/Src/stm32f4xx_hal_rcc.o
                0x08002014                HAL_RCC_GetSysClockFreq
 .text.HAL_SPI_Init
                0x08002220      0x112 ./Drivers/STM32F4xx_HAL_Driver/Src/stm32f4xx_hal_spi.o
                0x08002220                HAL_SPI_Init
 .text.HAL_SPI_TransmitReceive
                0x08002332      0x360 ./Drivers/STM32F4xx_HAL_Driver/Src/stm32f4xx_hal_spi.o
                0x08002332                HAL_SPI_TransmitReceive
 *fill*         0x08002692        0x2 
 .text.SPI_WaitFlagStateUntilTimeout
                0x08002694      0x110 ./Drivers/STM32F4xx_HAL_Driver/Src/stm32f4xx_hal_spi.o
 .text.SPI_EndRxTxTransaction
                0x080027a4       0xa8 ./Drivers/STM32F4xx_HAL_Driver/Src/stm32f4xx_hal_spi.o
 .text.ishex    0x0800284c       0x3e ./embeddedWebSrv/src/helperFunctions.o
 *fill*         0x0800288a        0x2 
 .text.url_decode
                0x0800288c       0xac ./embeddedWebSrv/src/helperFunctions.o
                0x0800288c                url_decode
 .text.http_SSI_get_replacer_string
                0x08002938       0x68 ./embeddedWebSrv/src/http_SSI_replacer.o
                0x08002938                http_SSI_get_replacer_string
 .text.http_SSI_register_replacer
                0x080029a0       0xf0 ./embeddedWebSrv/src/http_SSI_replacer.o
                0x080029a0                http_SSI_register_replacer
 .text.http_SSI_deRegister_all
                0x08002a90       0x5c ./embeddedWebSrv/src/http_SSI_replacer.o
                0x08002a90                http_SSI_deRegister_all
 .text.http_CGI_exec_pathFunction
                0x08002aec       0x80 ./embeddedWebSrv/src/http_cgi.o
                0x08002aec                http_CGI_exec_pathFunction
 .text.http_CGI_register_pathFunction
                0x08002b6c      0x138 ./embeddedWebSrv/src/http_cgi.o
                0x08002b6c                http_CGI_register_pathFunction
 .text.http_cgi_get_contentType
                0x08002ca4       0x22 ./embeddedWebSrv/src/http_cgi.o
                0x08002ca4                http_cgi_get_contentType
 *fill*         0x08002cc6        0x2 
 .text.http_CGI_get_pathFunctionHandle
                0x08002cc8       0x6c ./embeddedWebSrv/src/http_cgi.o
                0x08002cc8                http_CGI_get_pathFunctionHandle
 .text.http_file_init_fopsStruct
                0x08002d34       0x1a ./embeddedWebSrv/src/http_file.o
                0x08002d34                http_file_init_fopsStruct
 *fill*         0x08002d4e        0x2 
 .text.http_file_register_fops
                0x08002d50       0x34 ./embeddedWebSrv/src/http_file.o
                0x08002d50                http_file_register_fops
 .text.http_localfs_init
                0x08002d84       0x18 ./embeddedWebSrv/src/http_local_filesystem.o
                0x08002d84                http_localfs_init
 .text.http_localfs_registerFile
                0x08002d9c       0xd0 ./embeddedWebSrv/src/http_local_filesystem.o
                0x08002d9c                http_localfs_registerFile
 .text.http_localfs_fopen
                0x08002e6c       0x68 ./embeddedWebSrv/src/http_local_filesystem.o
                0x08002e6c                http_localfs_fopen
 .text.http_localfs_fclose
                0x08002ed4       0x24 ./embeddedWebSrv/src/http_local_filesystem.o
                0x08002ed4                http_localfs_fclose
 .text.http_localfs_deinit
                0x08002ef8       0x24 ./embeddedWebSrv/src/http_local_filesystem.o
                0x08002ef8                http_localfs_deinit
 .text.http_localfs_fgetc
                0x08002f1c       0x74 ./embeddedWebSrv/src/http_local_filesystem.o
                0x08002f1c                http_localfs_fgetc
 .text.http_localfs_feof
                0x08002f90       0x40 ./embeddedWebSrv/src/http_local_filesystem.o
                0x08002f90                http_localfs_feof
 .text.http_localfs_fread
                0x08002fd0       0xe8 ./embeddedWebSrv/src/http_local_filesystem.o
                0x08002fd0                http_localfs_fread
 .text.http_localfs_fseek
                0x080030b8       0xf0 ./embeddedWebSrv/src/http_local_filesystem.o
                0x080030b8                http_localfs_fseek
 .text.http_net_init_netopsStruct
                0x080031a8       0x20 ./embeddedWebSrv/src/http_net.o
                0x080031a8                http_net_init_netopsStruct
 .text.http_net_register_netops
                0x080031c8       0x2c ./embeddedWebSrv/src/http_net.o
                0x080031c8                http_net_register_netops
 .text.parseRequest_mapMethodToEnum
                0x080031f4       0xdc ./embeddedWebSrv/src/http_request_parser.o
 .text.parseRequest_identifyFileClass
                0x080032d0       0xa0 ./embeddedWebSrv/src/http_request_parser.o
 .text.parseRquest_identifyRequest
                0x08003370      0x220 ./embeddedWebSrv/src/http_request_parser.o
                0x08003370                parseRquest_identifyRequest
 .text.http_response_getFileType
                0x08003590      0x224 ./embeddedWebSrv/src/http_response.o
                0x08003590                http_response_getFileType
 .text.http_response_get_contentType_string
                0x080037b4      0x254 ./embeddedWebSrv/src/http_response.o
                0x080037b4                http_response_get_contentType_string
 .text.http_response_contentTypeToString
                0x08003a08      0x188 ./embeddedWebSrv/src/http_response.o
                0x08003a08                http_response_contentTypeToString
 .text.http_response_response_header
                0x08003b90      0x46c ./embeddedWebSrv/src/http_response.o
                0x08003b90                http_response_response_header
 .text.http_response_initReponseStruct
                0x08003ffc       0x20 ./embeddedWebSrv/src/http_response.o
                0x08003ffc                http_response_initReponseStruct
 .text.http_server_send404
                0x0800401c       0x80 ./embeddedWebSrv/src/http_server.o
 .text.http_server_send501
                0x0800409c       0x80 ./embeddedWebSrv/src/http_server.o
 .text.http_server_send_serverError500
                0x0800411c       0x80 ./embeddedWebSrv/src/http_server.o
 .text.http_server_findNreplace
                0x0800419c       0x80 ./embeddedWebSrv/src/http_server.o
 .text.http_server_writeChunkedBody
                0x0800421c       0x68 ./embeddedWebSrv/src/http_server.o
 .text.http_server_findNseekBack
                0x08004284      0x144 ./embeddedWebSrv/src/http_server.o
 .text.http_server
                0x080043c8      0xc68 ./embeddedWebSrv/src/http_server.o
                0x080043c8                http_server
 .text.http_localfs_fopen_w
                0x08005030       0x18 ./embeddedWebSrv/src/http_server_platform.o
 .text.http_localfs_fclose_w
                0x08005048       0x18 ./embeddedWebSrv/src/http_server_platform.o
 .text.http_localfs_fread_w
                0x08005060       0x24 ./embeddedWebSrv/src/http_server_platform.o
 .text.http_localfs_fgetc_w
                0x08005084       0x18 ./embeddedWebSrv/src/http_server_platform.o
 .text.http_localfs_fseek_w
                0x0800509c       0x20 ./embeddedWebSrv/src/http_server_platform.o
 .text.http_localfs_feof_w
                0x080050bc       0x18 ./embeddedWebSrv/src/http_server_platform.o
 .text.tcpServerSocketEventHandler
                0x080050d4       0x9c ./embeddedWebSrv/src/http_server_platform.o
                0x080050d4                tcpServerSocketEventHandler
 .text.http_server_WINC15x0_net_read
                0x08005170       0x8c ./embeddedWebSrv/src/http_server_platform.o
                0x08005170                http_server_WINC15x0_net_read
 .text.http_server_WINC15x0_net_write
                0x080051fc       0x78 ./embeddedWebSrv/src/http_server_platform.o
                0x080051fc                http_server_WINC15x0_net_write
 .text.http_server_WINC15x0_net_disconnect
                0x08005274       0x24 ./embeddedWebSrv/src/http_server_platform.o
                0x08005274                http_server_WINC15x0_net_disconnect
 .text.http_server_timerVal_SSI_replacer_cb
                0x08005298       0x58 ./embeddedWebSrv/src/http_server_platform.o
                0x08005298                http_server_timerVal_SSI_replacer_cb
 .text.http_server_timerValCallCount_SSI_replacer_cb
                0x080052f0       0x64 ./embeddedWebSrv/src/http_server_platform.o
                0x080052f0                http_server_timerValCallCount_SSI_replacer_cb
 .text.httpServerTest_cgiPathFunction
                0x08005354       0xcc ./embeddedWebSrv/src/http_server_platform.o
                0x08005354                httpServerTest_cgiPathFunction
 .text.http_server_WINC15x0_init
                0x08005420      0x188 ./embeddedWebSrv/src/http_server_platform.o
                0x08005420                http_server_WINC15x0_init
 .text.init_chip_pins
                0x080055a8       0xac ./winc1500/bsp/source/nm_bsp_stm32f407.o
 .text.nm_bsp_init
                0x08005654       0x12 ./winc1500/bsp/source/nm_bsp_stm32f407.o
                0x08005654                nm_bsp_init
 *fill*         0x08005666        0x2 
 .text.nm_bsp_reset
                0x08005668       0x68 ./winc1500/bsp/source/nm_bsp_stm32f407.o
                0x08005668                nm_bsp_reset
 .text.nm_bsp_sleep
                0x080056d0       0x16 ./winc1500/bsp/source/nm_bsp_stm32f407.o
                0x080056d0                nm_bsp_sleep
 *fill*         0x080056e6        0x2 
 .text.nm_bsp_register_isr
                0x080056e8       0x60 ./winc1500/bsp/source/nm_bsp_stm32f407.o
                0x080056e8                nm_bsp_register_isr
 .text.nm_bsp_interrupt_ctrl
                0x08005748       0x30 ./winc1500/bsp/source/nm_bsp_stm32f407.o
                0x08005748                nm_bsp_interrupt_ctrl
 .text.spi_select_slave
                0x08005778       0x38 ./winc1500/bus_wrapper/source/nm_bus_wrapper_stm32f407.o
 .text.spi_rw   0x080057b0       0x98 ./winc1500/bus_wrapper/source/nm_bus_wrapper_stm32f407.o
 .text.nm_bus_wifi_spi_init
                0x08005848       0x84 ./winc1500/bus_wrapper/source/nm_bus_wrapper_stm32f407.o
                0x08005848                nm_bus_wifi_spi_init
 .text.nm_bus_init
                0x080058cc       0x8c ./winc1500/bus_wrapper/source/nm_bus_wrapper_stm32f407.o
                0x080058cc                nm_bus_init
 .text.nm_bus_ioctl
                0x08005958       0x44 ./winc1500/bus_wrapper/source/nm_bus_wrapper_stm32f407.o
                0x08005958                nm_bus_ioctl
 .text.nm_bus_deinit
                0x0800599c       0x10 ./winc1500/bus_wrapper/source/nm_bus_wrapper_stm32f407.o
                0x0800599c                nm_bus_deinit
 .text.m2m_memcpy
                0x080059ac       0x40 ./winc1500/common/source/nm_common.o
                0x080059ac                m2m_memcpy
 .text.m2m_memset
                0x080059ec       0x3a ./winc1500/common/source/nm_common.o
                0x080059ec                m2m_memset
 .text.m2m_strlen
                0x08005a26       0x30 ./winc1500/common/source/nm_common.o
                0x08005a26                m2m_strlen
 *fill*         0x08005a56        0x2 
 .text.isr      0x08005a58       0x20 ./winc1500/driver/source/m2m_hif.o
                0x08005a58                isr
 .text.hif_set_rx_done
                0x08005a78       0x60 ./winc1500/driver/source/m2m_hif.o
 .text.m2m_hif_cb
                0x08005ad8       0x1c ./winc1500/driver/source/m2m_hif.o
 .text.hif_chip_wake
                0x08005af4       0x60 ./winc1500/driver/source/m2m_hif.o
                0x08005af4                hif_chip_wake
 .text.hif_chip_sleep_sc
                0x08005b54       0x2c ./winc1500/driver/source/m2m_hif.o
                0x08005b54                hif_chip_sleep_sc
 .text.hif_chip_sleep
                0x08005b80       0x58 ./winc1500/driver/source/m2m_hif.o
                0x08005b80                hif_chip_sleep
 .text.hif_init
                0x08005bd8       0x38 ./winc1500/driver/source/m2m_hif.o
                0x08005bd8                hif_init
 .text.hif_send
                0x08005c10      0x244 ./winc1500/driver/source/m2m_hif.o
                0x08005c10                hif_send
 .text.hif_isr  0x08005e54      0x22c ./winc1500/driver/source/m2m_hif.o
 .text.hif_handle_isr
                0x08006080       0x44 ./winc1500/driver/source/m2m_hif.o
                0x08006080                hif_handle_isr
 .text.hif_receive
                0x080060c4       0xc8 ./winc1500/driver/source/m2m_hif.o
                0x080060c4                hif_receive
 .text.hif_register_cb
                0x0800618c       0x90 ./winc1500/driver/source/m2m_hif.o
                0x0800618c                hif_register_cb
 .text.m2m_wifi_cb
                0x0800621c      0x30c ./winc1500/driver/source/m2m_wifi.o
 .text.m2m_validate_ap_parameters
                0x08006528      0x11e ./winc1500/driver/source/m2m_wifi.o
 *fill*         0x08006646        0x2 
 .text.m2m_wifi_init
                0x08006648      0x108 ./winc1500/driver/source/m2m_wifi.o
                0x08006648                m2m_wifi_init
 .text.m2m_wifi_handle_events
                0x08006750       0x16 ./winc1500/driver/source/m2m_wifi.o
                0x08006750                m2m_wifi_handle_events
 .text.m2m_wifi_enable_ap
                0x08006766       0x40 ./winc1500/driver/source/m2m_wifi.o
                0x08006766                m2m_wifi_enable_ap
 .text.chip_apply_conf
                0x080067a6       0x60 ./winc1500/driver/source/nmasic.o
                0x080067a6                chip_apply_conf
 .text.enable_interrupts
                0x08006806       0x94 ./winc1500/driver/source/nmasic.o
                0x08006806                enable_interrupts
 *fill*         0x0800689a        0x2 
 .text.nmi_get_chipid
                0x0800689c       0xe8 ./winc1500/driver/source/nmasic.o
                0x0800689c                nmi_get_chipid
 .text.chip_sleep
                0x08006984       0xc8 ./winc1500/driver/source/nmasic.o
                0x08006984                chip_sleep
 .text.chip_wake
                0x08006a4c       0xe8 ./winc1500/driver/source/nmasic.o
                0x08006a4c                chip_wake
 .text.wait_for_bootrom
                0x08006b34      0x140 ./winc1500/driver/source/nmasic.o
                0x08006b34                wait_for_bootrom
 .text.wait_for_firmware_start
                0x08006c74       0x98 ./winc1500/driver/source/nmasic.o
                0x08006c74                wait_for_firmware_start
 .text.chip_deinit
                0x08006d0c       0x50 ./winc1500/driver/source/nmasic.o
                0x08006d0c                chip_deinit
 .text.nm_bus_iface_init
                0x08006d5c       0x22 ./winc1500/driver/source/nmbus.o
                0x08006d5c                nm_bus_iface_init
 .text.nm_bus_iface_deinit
                0x08006d7e       0x1e ./winc1500/driver/source/nmbus.o
                0x08006d7e                nm_bus_iface_deinit
 .text.nm_bus_reset
                0x08006d9c       0x1e ./winc1500/driver/source/nmbus.o
                0x08006d9c                nm_bus_reset
 .text.nm_read_reg
                0x08006dba       0x18 ./winc1500/driver/source/nmbus.o
                0x08006dba                nm_read_reg
 .text.nm_read_reg_with_ret
                0x08006dd2       0x1c ./winc1500/driver/source/nmbus.o
                0x08006dd2                nm_read_reg_with_ret
 .text.nm_write_reg
                0x08006dee       0x1c ./winc1500/driver/source/nmbus.o
                0x08006dee                nm_write_reg
 .text.p_nm_read_block
                0x08006e0a       0x24 ./winc1500/driver/source/nmbus.o
 *fill*         0x08006e2e        0x2 
 .text.nm_read_block
                0x08006e30       0x94 ./winc1500/driver/source/nmbus.o
                0x08006e30                nm_read_block
 .text.p_nm_write_block
                0x08006ec4       0x24 ./winc1500/driver/source/nmbus.o
 .text.nm_write_block
                0x08006ee8       0x94 ./winc1500/driver/source/nmbus.o
                0x08006ee8                nm_write_block
 .text.nm_get_firmware_full_info
                0x08006f7c      0x140 ./winc1500/driver/source/nmdrv.o
                0x08006f7c                nm_get_firmware_full_info
 .text.nm_drv_init
                0x080070bc       0xbc ./winc1500/driver/source/nmdrv.o
                0x080070bc                nm_drv_init
 .text.nm_drv_deinit
                0x08007178       0x56 ./winc1500/driver/source/nmdrv.o
                0x08007178                nm_drv_deinit
 .text.nmi_spi_read
                0x080071ce       0x2e ./winc1500/driver/source/nmspi.o
 .text.nmi_spi_write
                0x080071fc       0x2e ./winc1500/driver/source/nmspi.o
 *fill*         0x0800722a        0x2 
 .text.crc7_byte
                0x0800722c       0x2c ./winc1500/driver/source/nmspi.o
 .text.crc7     0x08007258       0x3a ./winc1500/driver/source/nmspi.o
 *fill*         0x08007292        0x2 
 .text.spi_cmd  0x08007294      0x22c ./winc1500/driver/source/nmspi.o
 .text.spi_data_rsp
                0x080074c0       0x74 ./winc1500/driver/source/nmspi.o
 .text.spi_cmd_rsp
                0x08007534       0xac ./winc1500/driver/source/nmspi.o
 .text.spi_data_read
                0x080075e0       0xf0 ./winc1500/driver/source/nmspi.o
 .text.spi_data_write
                0x080076d0       0xe8 ./winc1500/driver/source/nmspi.o
 .text.spi_write_reg
                0x080077b8       0xa8 ./winc1500/driver/source/nmspi.o
 .text.nm_spi_write
                0x08007860       0xc8 ./winc1500/driver/source/nmspi.o
 .text.spi_read_reg
                0x08007928       0xe6 ./winc1500/driver/source/nmspi.o
 .text.nm_spi_read
                0x08007a0e       0xda ./winc1500/driver/source/nmspi.o
 .text.nm_spi_reset
                0x08007ae8       0x24 ./winc1500/driver/source/nmspi.o
                0x08007ae8                nm_spi_reset
 .text.nm_spi_init
                0x08007b0c       0xa0 ./winc1500/driver/source/nmspi.o
                0x08007b0c                nm_spi_init
 .text.nm_spi_deinit
                0x08007bac       0x1c ./winc1500/driver/source/nmspi.o
                0x08007bac                nm_spi_deinit
 .text.nm_spi_read_reg
                0x08007bc8       0x22 ./winc1500/driver/source/nmspi.o
                0x08007bc8                nm_spi_read_reg
 .text.nm_spi_read_reg_with_ret
                0x08007bea       0x34 ./winc1500/driver/source/nmspi.o
                0x08007bea                nm_spi_read_reg_with_ret
 .text.nm_spi_write_reg
                0x08007c1e       0x34 ./winc1500/driver/source/nmspi.o
                0x08007c1e                nm_spi_write_reg
 .text.nm_spi_read_block
                0x08007c52       0x3c ./winc1500/driver/source/nmspi.o
                0x08007c52                nm_spi_read_block
 .text.nm_spi_write_block
                0x08007c8e       0x3c ./winc1500/driver/source/nmspi.o
                0x08007c8e                nm_spi_write_block
 *fill*         0x08007cca        0x2 
 .text.Socket_ReadSocketData
                0x08007ccc      0x144 ./winc1500/socket/source/socket.o
                0x08007ccc                Socket_ReadSocketData
 .text.m2m_ip_cb
                0x08007e10      0x43c ./winc1500/socket/source/socket.o
 .text.socketInit
                0x0800824c       0x40 ./winc1500/socket/source/socket.o
                0x0800824c                socketInit
 .text.registerSocketCallback
                0x0800828c       0x2c ./winc1500/socket/source/socket.o
                0x0800828c                registerSocketCallback
 .text.socket   0x080082b8      0x17c ./winc1500/socket/source/socket.o
                0x080082b8                socket
 .text.bind     0x08008434       0xbc ./winc1500/socket/source/socket.o
                0x08008434                bind
 .text.listen   0x080084f0       0x84 ./winc1500/socket/source/socket.o
                0x080084f0                listen
 .text.accept   0x08008574       0x48 ./winc1500/socket/source/socket.o
                0x08008574                accept
 .text.send     0x080085bc       0xec ./winc1500/socket/source/socket.o
                0x080085bc                send
 .text.recv     0x080086a8      0x10c ./winc1500/socket/source/socket.o
                0x080086a8                recv
 .text.close    0x080087b4       0xd0 ./winc1500/socket/source/socket.o
                0x080087b4                close
 .text.spi_flash_enter_low_power_mode
                0x08008884       0x6c ./winc1500/spi_flash/source/spi_flash.o
 .text.spi_flash_leave_low_power_mode
                0x080088f0       0x6c ./winc1500/spi_flash/source/spi_flash.o
 .text.spi_flash_enable
                0x0800895c       0xa0 ./winc1500/spi_flash/source/spi_flash.o
                0x0800895c                spi_flash_enable
 .text.malloc   0x080089fc       0x10 C:/ST/STM32CubeIDE_1.15.1/STM32CubeIDE/plugins/com.st.stm32cube.ide.mcu.externaltools.gnu-tools-for-stm32.12.3.rel1.win32_1.0.200.202406191623/tools/bin/../lib/gcc/arm-none-eabi/12.3.1/../../../../arm-none-eabi/lib/thumb/v7e-m+fp/hard\libc_nano.a(libc_a-malloc.o)
                0x080089fc                malloc
 .text.free     0x08008a0c       0x10 C:/ST/STM32CubeIDE_1.15.1/STM32CubeIDE/plugins/com.st.stm32cube.ide.mcu.externaltools.gnu-tools-for-stm32.12.3.rel1.win32_1.0.200.202406191623/tools/bin/../lib/gcc/arm-none-eabi/12.3.1/../../../../arm-none-eabi/lib/thumb/v7e-m+fp/hard\libc_nano.a(libc_a-malloc.o)
                0x08008a0c                free
 .text.sbrk_aligned
                0x08008a1c       0x44 C:/ST/STM32CubeIDE_1.15.1/STM32CubeIDE/plugins/com.st.stm32cube.ide.mcu.externaltools.gnu-tools-for-stm32.12.3.rel1.win32_1.0.200.202406191623/tools/bin/../lib/gcc/arm-none-eabi/12.3.1/../../../../arm-none-eabi/lib/thumb/v7e-m+fp/hard\libc_nano.a(libc_a-mallocr.o)
 .text._malloc_r
                0x08008a60      0x100 C:/ST/STM32CubeIDE_1.15.1/STM32CubeIDE/plugins/com.st.stm32cube.ide.mcu.externaltools.gnu-tools-for-stm32.12.3.rel1.win32_1.0.200.202406191623/tools/bin/../lib/gcc/arm-none-eabi/12.3.1/../../../../arm-none-eabi/lib/thumb/v7e-m+fp/hard\libc_nano.a(libc_a-mallocr.o)
                0x08008a60                _malloc_r
 .text.__malloc_lock
                0x08008b60        0xc C:/ST/STM32CubeIDE_1.15.1/STM32CubeIDE/plugins/com.st.stm32cube.ide.mcu.externaltools.gnu-tools-for-stm32.12.3.rel1.win32_1.0.200.202406191623/tools/bin/../lib/gcc/arm-none-eabi/12.3.1/../../../../arm-none-eabi/lib/thumb/v7e-m+fp/hard\libc_nano.a(libc_a-mlock.o)
                0x08008b60                __malloc_lock
 .text.__malloc_unlock
                0x08008b6c        0xc C:/ST/STM32CubeIDE_1.15.1/STM32CubeIDE/plugins/com.st.stm32cube.ide.mcu.externaltools.gnu-tools-for-stm32.12.3.rel1.win32_1.0.200.202406191623/tools/bin/../lib/gcc/arm-none-eabi/12.3.1/../../../../arm-none-eabi/lib/thumb/v7e-m+fp/hard\libc_nano.a(libc_a-mlock.o)
                0x08008b6c                __malloc_unlock
 .text.std      0x08008b78       0x6c C:/ST/STM32CubeIDE_1.15.1/STM32CubeIDE/plugins/com.st.stm32cube.ide.mcu.externaltools.gnu-tools-for-stm32.12.3.rel1.win32_1.0.200.202406191623/tools/bin/../lib/gcc/arm-none-eabi/12.3.1/../../../../arm-none-eabi/lib/thumb/v7e-m+fp/hard\libc_nano.a(libc_a-findfp.o)
 .text.stdio_exit_handler
                0x08008be4       0x18 C:/ST/STM32CubeIDE_1.15.1/STM32CubeIDE/plugins/com.st.stm32cube.ide.mcu.externaltools.gnu-tools-for-stm32.12.3.rel1.win32_1.0.200.202406191623/tools/bin/../lib/gcc/arm-none-eabi/12.3.1/../../../../arm-none-eabi/lib/thumb/v7e-m+fp/hard\libc_nano.a(libc_a-findfp.o)
 .text.cleanup_stdio
                0x08008bfc       0x40 C:/ST/STM32CubeIDE_1.15.1/STM32CubeIDE/plugins/com.st.stm32cube.ide.mcu.externaltools.gnu-tools-for-stm32.12.3.rel1.win32_1.0.200.202406191623/tools/bin/../lib/gcc/arm-none-eabi/12.3.1/../../../../arm-none-eabi/lib/thumb/v7e-m+fp/hard\libc_nano.a(libc_a-findfp.o)
 .text.global_stdio_init.part.0
                0x08008c3c       0x3c C:/ST/STM32CubeIDE_1.15.1/STM32CubeIDE/plugins/com.st.stm32cube.ide.mcu.externaltools.gnu-tools-for-stm32.12.3.rel1.win32_1.0.200.202406191623/tools/bin/../lib/gcc/arm-none-eabi/12.3.1/../../../../arm-none-eabi/lib/thumb/v7e-m+fp/hard\libc_nano.a(libc_a-findfp.o)
 .text.__sfp_lock_acquire
                0x08008c78        0xc C:/ST/STM32CubeIDE_1.15.1/STM32CubeIDE/plugins/com.st.stm32cube.ide.mcu.externaltools.gnu-tools-for-stm32.12.3.rel1.win32_1.0.200.202406191623/tools/bin/../lib/gcc/arm-none-eabi/12.3.1/../../../../arm-none-eabi/lib/thumb/v7e-m+fp/hard\libc_nano.a(libc_a-findfp.o)
                0x08008c78                __sfp_lock_acquire
 .text.__sfp_lock_release
                0x08008c84        0xc C:/ST/STM32CubeIDE_1.15.1/STM32CubeIDE/plugins/com.st.stm32cube.ide.mcu.externaltools.gnu-tools-for-stm32.12.3.rel1.win32_1.0.200.202406191623/tools/bin/../lib/gcc/arm-none-eabi/12.3.1/../../../../arm-none-eabi/lib/thumb/v7e-m+fp/hard\libc_nano.a(libc_a-findfp.o)
                0x08008c84                __sfp_lock_release
 .text.__sinit  0x08008c90       0x30 C:/ST/STM32CubeIDE_1.15.1/STM32CubeIDE/plugins/com.st.stm32cube.ide.mcu.externaltools.gnu-tools-for-stm32.12.3.rel1.win32_1.0.200.202406191623/tools/bin/../lib/gcc/arm-none-eabi/12.3.1/../../../../arm-none-eabi/lib/thumb/v7e-m+fp/hard\libc_nano.a(libc_a-findfp.o)
                0x08008c90                __sinit
 .text.fprintf  0x08008cc0       0x24 C:/ST/STM32CubeIDE_1.15.1/STM32CubeIDE/plugins/com.st.stm32cube.ide.mcu.externaltools.gnu-tools-for-stm32.12.3.rel1.win32_1.0.200.202406191623/tools/bin/../lib/gcc/arm-none-eabi/12.3.1/../../../../arm-none-eabi/lib/thumb/v7e-m+fp/hard\libc_nano.a(libc_a-fprintf.o)
                0x08008cc0                fiprintf
                0x08008cc0                fprintf
 .text._fwalk_sglue
                0x08008ce4       0x3c C:/ST/STM32CubeIDE_1.15.1/STM32CubeIDE/plugins/com.st.stm32cube.ide.mcu.externaltools.gnu-tools-for-stm32.12.3.rel1.win32_1.0.200.202406191623/tools/bin/../lib/gcc/arm-none-eabi/12.3.1/../../../../arm-none-eabi/lib/thumb/v7e-m+fp/hard\libc_nano.a(libc_a-fwalk.o)
                0x08008ce4                _fwalk_sglue
 .text.printf   0x08008d20       0x24 C:/ST/STM32CubeIDE_1.15.1/STM32CubeIDE/plugins/com.st.stm32cube.ide.mcu.externaltools.gnu-tools-for-stm32.12.3.rel1.win32_1.0.200.202406191623/tools/bin/../lib/gcc/arm-none-eabi/12.3.1/../../../../arm-none-eabi/lib/thumb/v7e-m+fp/hard\libc_nano.a(libc_a-printf.o)
                0x08008d20                iprintf
                0x08008d20                printf
 .text._puts_r  0x08008d44       0xaa C:/ST/STM32CubeIDE_1.15.1/STM32CubeIDE/plugins/com.st.stm32cube.ide.mcu.externaltools.gnu-tools-for-stm32.12.3.rel1.win32_1.0.200.202406191623/tools/bin/../lib/gcc/arm-none-eabi/12.3.1/../../../../arm-none-eabi/lib/thumb/v7e-m+fp/hard\libc_nano.a(libc_a-puts.o)
                0x08008d44                _puts_r
 *fill*         0x08008dee        0x2 
 .text.puts     0x08008df0       0x10 C:/ST/STM32CubeIDE_1.15.1/STM32CubeIDE/plugins/com.st.stm32cube.ide.mcu.externaltools.gnu-tools-for-stm32.12.3.rel1.win32_1.0.200.202406191623/tools/bin/../lib/gcc/arm-none-eabi/12.3.1/../../../../arm-none-eabi/lib/thumb/v7e-m+fp/hard\libc_nano.a(libc_a-puts.o)
                0x08008df0                puts
 .text.snprintf
                0x08008e00       0x68 C:/ST/STM32CubeIDE_1.15.1/STM32CubeIDE/plugins/com.st.stm32cube.ide.mcu.externaltools.gnu-tools-for-stm32.12.3.rel1.win32_1.0.200.202406191623/tools/bin/../lib/gcc/arm-none-eabi/12.3.1/../../../../arm-none-eabi/lib/thumb/v7e-m+fp/hard\libc_nano.a(libc_a-snprintf.o)
                0x08008e00                sniprintf
                0x08008e00                snprintf
 .text.sprintf  0x08008e68       0x40 C:/ST/STM32CubeIDE_1.15.1/STM32CubeIDE/plugins/com.st.stm32cube.ide.mcu.externaltools.gnu-tools-for-stm32.12.3.rel1.win32_1.0.200.202406191623/tools/bin/../lib/gcc/arm-none-eabi/12.3.1/../../../../arm-none-eabi/lib/thumb/v7e-m+fp/hard\libc_nano.a(libc_a-sprintf.o)
                0x08008e68                siprintf
                0x08008e68                sprintf
 .text.sscanf   0x08008ea8       0x54 C:/ST/STM32CubeIDE_1.15.1/STM32CubeIDE/plugins/com.st.stm32cube.ide.mcu.externaltools.gnu-tools-for-stm32.12.3.rel1.win32_1.0.200.202406191623/tools/bin/../lib/gcc/arm-none-eabi/12.3.1/../../../../arm-none-eabi/lib/thumb/v7e-m+fp/hard\libc_nano.a(libc_a-sscanf.o)
                0x08008ea8                siscanf
                0x08008ea8                sscanf
 .text.__sread  0x08008efc       0x22 C:/ST/STM32CubeIDE_1.15.1/STM32CubeIDE/plugins/com.st.stm32cube.ide.mcu.externaltools.gnu-tools-for-stm32.12.3.rel1.win32_1.0.200.202406191623/tools/bin/../lib/gcc/arm-none-eabi/12.3.1/../../../../arm-none-eabi/lib/thumb/v7e-m+fp/hard\libc_nano.a(libc_a-stdio.o)
                0x08008efc                __sread
 .text.__seofread
                0x08008f1e        0x4 C:/ST/STM32CubeIDE_1.15.1/STM32CubeIDE/plugins/com.st.stm32cube.ide.mcu.externaltools.gnu-tools-for-stm32.12.3.rel1.win32_1.0.200.202406191623/tools/bin/../lib/gcc/arm-none-eabi/12.3.1/../../../../arm-none-eabi/lib/thumb/v7e-m+fp/hard\libc_nano.a(libc_a-stdio.o)
                0x08008f1e                __seofread
 .text.__swrite
                0x08008f22       0x38 C:/ST/STM32CubeIDE_1.15.1/STM32CubeIDE/plugins/com.st.stm32cube.ide.mcu.externaltools.gnu-tools-for-stm32.12.3.rel1.win32_1.0.200.202406191623/tools/bin/../lib/gcc/arm-none-eabi/12.3.1/../../../../arm-none-eabi/lib/thumb/v7e-m+fp/hard\libc_nano.a(libc_a-stdio.o)
                0x08008f22                __swrite
 .text.__sseek  0x08008f5a       0x24 C:/ST/STM32CubeIDE_1.15.1/STM32CubeIDE/plugins/com.st.stm32cube.ide.mcu.externaltools.gnu-tools-for-stm32.12.3.rel1.win32_1.0.200.202406191623/tools/bin/../lib/gcc/arm-none-eabi/12.3.1/../../../../arm-none-eabi/lib/thumb/v7e-m+fp/hard\libc_nano.a(libc_a-stdio.o)
                0x08008f5a                __sseek
 .text.__sclose
                0x08008f7e        0x8 C:/ST/STM32CubeIDE_1.15.1/STM32CubeIDE/plugins/com.st.stm32cube.ide.mcu.externaltools.gnu-tools-for-stm32.12.3.rel1.win32_1.0.200.202406191623/tools/bin/../lib/gcc/arm-none-eabi/12.3.1/../../../../arm-none-eabi/lib/thumb/v7e-m+fp/hard\libc_nano.a(libc_a-stdio.o)
                0x08008f7e                __sclose
 .text.__swbuf_r
                0x08008f86       0x7c C:/ST/STM32CubeIDE_1.15.1/STM32CubeIDE/plugins/com.st.stm32cube.ide.mcu.externaltools.gnu-tools-for-stm32.12.3.rel1.win32_1.0.200.202406191623/tools/bin/../lib/gcc/arm-none-eabi/12.3.1/../../../../arm-none-eabi/lib/thumb/v7e-m+fp/hard\libc_nano.a(libc_a-wbuf.o)
                0x08008f86                __swbuf_r
 *fill*         0x08009002        0x2 
 .text.__swsetup_r
                0x08009004       0xac C:/ST/STM32CubeIDE_1.15.1/STM32CubeIDE/plugins/com.st.stm32cube.ide.mcu.externaltools.gnu-tools-for-stm32.12.3.rel1.win32_1.0.200.202406191623/tools/bin/../lib/gcc/arm-none-eabi/12.3.1/../../../../arm-none-eabi/lib/thumb/v7e-m+fp/hard\libc_nano.a(libc_a-wsetup.o)
                0x08009004                __swsetup_r
 .text.memset   0x080090b0       0x10 C:/ST/STM32CubeIDE_1.15.1/STM32CubeIDE/plugins/com.st.stm32cube.ide.mcu.externaltools.gnu-tools-for-stm32.12.3.rel1.win32_1.0.200.202406191623/tools/bin/../lib/gcc/arm-none-eabi/12.3.1/../../../../arm-none-eabi/lib/thumb/v7e-m+fp/hard\libc_nano.a(libc_a-memset.o)
                0x080090b0                memset
 .text.strchr   0x080090c0       0x1a C:/ST/STM32CubeIDE_1.15.1/STM32CubeIDE/plugins/com.st.stm32cube.ide.mcu.externaltools.gnu-tools-for-stm32.12.3.rel1.win32_1.0.200.202406191623/tools/bin/../lib/gcc/arm-none-eabi/12.3.1/../../../../arm-none-eabi/lib/thumb/v7e-m+fp/hard\libc_nano.a(libc_a-strchr.o)
                0x080090c0                strchr
 .text.strncpy  0x080090da       0x26 C:/ST/STM32CubeIDE_1.15.1/STM32CubeIDE/plugins/com.st.stm32cube.ide.mcu.externaltools.gnu-tools-for-stm32.12.3.rel1.win32_1.0.200.202406191623/tools/bin/../lib/gcc/arm-none-eabi/12.3.1/../../../../arm-none-eabi/lib/thumb/v7e-m+fp/hard\libc_nano.a(libc_a-strncpy.o)
                0x080090da                strncpy
 .text.strrchr  0x08009100       0x2c C:/ST/STM32CubeIDE_1.15.1/STM32CubeIDE/plugins/com.st.stm32cube.ide.mcu.externaltools.gnu-tools-for-stm32.12.3.rel1.win32_1.0.200.202406191623/tools/bin/../lib/gcc/arm-none-eabi/12.3.1/../../../../arm-none-eabi/lib/thumb/v7e-m+fp/hard\libc_nano.a(libc_a-strrchr.o)
                0x08009100                strrchr
 .text.strtok   0x0800912c       0x68 C:/ST/STM32CubeIDE_1.15.1/STM32CubeIDE/plugins/com.st.stm32cube.ide.mcu.externaltools.gnu-tools-for-stm32.12.3.rel1.win32_1.0.200.202406191623/tools/bin/../lib/gcc/arm-none-eabi/12.3.1/../../../../arm-none-eabi/lib/thumb/v7e-m+fp/hard\libc_nano.a(libc_a-strtok.o)
                0x0800912c                strtok
 .text.__strtok_r
                0x08009194       0x50 C:/ST/STM32CubeIDE_1.15.1/STM32CubeIDE/plugins/com.st.stm32cube.ide.mcu.externaltools.gnu-tools-for-stm32.12.3.rel1.win32_1.0.200.202406191623/tools/bin/../lib/gcc/arm-none-eabi/12.3.1/../../../../arm-none-eabi/lib/thumb/v7e-m+fp/hard\libc_nano.a(libc_a-strtok_r.o)
                0x08009194                __strtok_r
 .text.strstr   0x080091e4       0x2c C:/ST/STM32CubeIDE_1.15.1/STM32CubeIDE/plugins/com.st.stm32cube.ide.mcu.externaltools.gnu-tools-for-stm32.12.3.rel1.win32_1.0.200.202406191623/tools/bin/../lib/gcc/arm-none-eabi/12.3.1/../../../../arm-none-eabi/lib/thumb/v7e-m+fp/hard\libc_nano.a(libc_a-strstr.o)
                0x080091e4                strstr
 .text._close_r
                0x08009210       0x20 C:/ST/STM32CubeIDE_1.15.1/STM32CubeIDE/plugins/com.st.stm32cube.ide.mcu.externaltools.gnu-tools-for-stm32.12.3.rel1.win32_1.0.200.202406191623/tools/bin/../lib/gcc/arm-none-eabi/12.3.1/../../../../arm-none-eabi/lib/thumb/v7e-m+fp/hard\libc_nano.a(libc_a-closer.o)
                0x08009210                _close_r
 .text._lseek_r
                0x08009230       0x24 C:/ST/STM32CubeIDE_1.15.1/STM32CubeIDE/plugins/com.st.stm32cube.ide.mcu.externaltools.gnu-tools-for-stm32.12.3.rel1.win32_1.0.200.202406191623/tools/bin/../lib/gcc/arm-none-eabi/12.3.1/../../../../arm-none-eabi/lib/thumb/v7e-m+fp/hard\libc_nano.a(libc_a-lseekr.o)
                0x08009230                _lseek_r
 .text._read_r  0x08009254       0x24 C:/ST/STM32CubeIDE_1.15.1/STM32CubeIDE/plugins/com.st.stm32cube.ide.mcu.externaltools.gnu-tools-for-stm32.12.3.rel1.win32_1.0.200.202406191623/tools/bin/../lib/gcc/arm-none-eabi/12.3.1/../../../../arm-none-eabi/lib/thumb/v7e-m+fp/hard\libc_nano.a(libc_a-readr.o)
                0x08009254                _read_r
 .text._sbrk_r  0x08009278       0x20 C:/ST/STM32CubeIDE_1.15.1/STM32CubeIDE/plugins/com.st.stm32cube.ide.mcu.externaltools.gnu-tools-for-stm32.12.3.rel1.win32_1.0.200.202406191623/tools/bin/../lib/gcc/arm-none-eabi/12.3.1/../../../../arm-none-eabi/lib/thumb/v7e-m+fp/hard\libc_nano.a(libc_a-sbrkr.o)
                0x08009278                _sbrk_r
 .text._write_r
                0x08009298       0x24 C:/ST/STM32CubeIDE_1.15.1/STM32CubeIDE/plugins/com.st.stm32cube.ide.mcu.externaltools.gnu-tools-for-stm32.12.3.rel1.win32_1.0.200.202406191623/tools/bin/../lib/gcc/arm-none-eabi/12.3.1/../../../../arm-none-eabi/lib/thumb/v7e-m+fp/hard\libc_nano.a(libc_a-writer.o)
                0x08009298                _write_r
 .text.__errno  0x080092bc        0xc C:/ST/STM32CubeIDE_1.15.1/STM32CubeIDE/plugins/com.st.stm32cube.ide.mcu.externaltools.gnu-tools-for-stm32.12.3.rel1.win32_1.0.200.202406191623/tools/bin/../lib/gcc/arm-none-eabi/12.3.1/../../../../arm-none-eabi/lib/thumb/v7e-m+fp/hard\libc_nano.a(libc_a-errno.o)
                0x080092bc                __errno
 .text.__libc_init_array
                0x080092c8       0x48 C:/ST/STM32CubeIDE_1.15.1/STM32CubeIDE/plugins/com.st.stm32cube.ide.mcu.externaltools.gnu-tools-for-stm32.12.3.rel1.win32_1.0.200.202406191623/tools/bin/../lib/gcc/arm-none-eabi/12.3.1/../../../../arm-none-eabi/lib/thumb/v7e-m+fp/hard\libc_nano.a(libc_a-init.o)
                0x080092c8                __libc_init_array
 .text.__retarget_lock_init_recursive
                0x08009310        0x2 C:/ST/STM32CubeIDE_1.15.1/STM32CubeIDE/plugins/com.st.stm32cube.ide.mcu.externaltools.gnu-tools-for-stm32.12.3.rel1.win32_1.0.200.202406191623/tools/bin/../lib/gcc/arm-none-eabi/12.3.1/../../../../arm-none-eabi/lib/thumb/v7e-m+fp/hard\libc_nano.a(libc_a-lock.o)
                0x08009310                __retarget_lock_init_recursive
 .text.__retarget_lock_acquire_recursive
                0x08009312        0x2 C:/ST/STM32CubeIDE_1.15.1/STM32CubeIDE/plugins/com.st.stm32cube.ide.mcu.externaltools.gnu-tools-for-stm32.12.3.rel1.win32_1.0.200.202406191623/tools/bin/../lib/gcc/arm-none-eabi/12.3.1/../../../../arm-none-eabi/lib/thumb/v7e-m+fp/hard\libc_nano.a(libc_a-lock.o)
                0x08009312                __retarget_lock_acquire_recursive
 .text.__retarget_lock_release_recursive
                0x08009314        0x2 C:/ST/STM32CubeIDE_1.15.1/STM32CubeIDE/plugins/com.st.stm32cube.ide.mcu.externaltools.gnu-tools-for-stm32.12.3.rel1.win32_1.0.200.202406191623/tools/bin/../lib/gcc/arm-none-eabi/12.3.1/../../../../arm-none-eabi/lib/thumb/v7e-m+fp/hard\libc_nano.a(libc_a-lock.o)
                0x08009314                __retarget_lock_release_recursive
 .text.memcpy   0x08009316       0x1c C:/ST/STM32CubeIDE_1.15.1/STM32CubeIDE/plugins/com.st.stm32cube.ide.mcu.externaltools.gnu-tools-for-stm32.12.3.rel1.win32_1.0.200.202406191623/tools/bin/../lib/gcc/arm-none-eabi/12.3.1/../../../../arm-none-eabi/lib/thumb/v7e-m+fp/hard\libc_nano.a(libc_a-memcpy-stub.o)
                0x08009316                memcpy
 *fill*         0x08009332        0x2 
 .text.__assert_func
                0x08009334       0x3c C:/ST/STM32CubeIDE_1.15.1/STM32CubeIDE/plugins/com.st.stm32cube.ide.mcu.externaltools.gnu-tools-for-stm32.12.3.rel1.win32_1.0.200.202406191623/tools/bin/../lib/gcc/arm-none-eabi/12.3.1/../../../../arm-none-eabi/lib/thumb/v7e-m+fp/hard\libc_nano.a(libc_a-assert.o)
                0x08009334                __assert_func
 .text._free_r  0x08009370       0x94 C:/ST/STM32CubeIDE_1.15.1/STM32CubeIDE/plugins/com.st.stm32cube.ide.mcu.externaltools.gnu-tools-for-stm32.12.3.rel1.win32_1.0.200.202406191623/tools/bin/../lib/gcc/arm-none-eabi/12.3.1/../../../../arm-none-eabi/lib/thumb/v7e-m+fp/hard\libc_nano.a(libc_a-freer.o)
                0x08009370                _free_r
 .text.__ssputs_r
                0x08009404       0xb6 C:/ST/STM32CubeIDE_1.15.1/STM32CubeIDE/plugins/com.st.stm32cube.ide.mcu.externaltools.gnu-tools-for-stm32.12.3.rel1.win32_1.0.200.202406191623/tools/bin/../lib/gcc/arm-none-eabi/12.3.1/../../../../arm-none-eabi/lib/thumb/v7e-m+fp/hard\libc_nano.a(libc_a-nano-svfprintf.o)
                0x08009404                __ssputs_r
 *fill*         0x080094ba        0x2 
 .text._svfprintf_r
                0x080094bc      0x1f8 C:/ST/STM32CubeIDE_1.15.1/STM32CubeIDE/plugins/com.st.stm32cube.ide.mcu.externaltools.gnu-tools-for-stm32.12.3.rel1.win32_1.0.200.202406191623/tools/bin/../lib/gcc/arm-none-eabi/12.3.1/../../../../arm-none-eabi/lib/thumb/v7e-m+fp/hard\libc_nano.a(libc_a-nano-svfprintf.o)
                0x080094bc                _svfiprintf_r
                0x080094bc                _svfprintf_r
 .text._sungetc_r
                0x080096b4       0x76 C:/ST/STM32CubeIDE_1.15.1/STM32CubeIDE/plugins/com.st.stm32cube.ide.mcu.externaltools.gnu-tools-for-stm32.12.3.rel1.win32_1.0.200.202406191623/tools/bin/../lib/gcc/arm-none-eabi/12.3.1/../../../../arm-none-eabi/lib/thumb/v7e-m+fp/hard\libc_nano.a(libc_a-nano-svfscanf.o)
                0x080096b4                _sungetc_r
 .text.__ssrefill_r
                0x0800972a       0x3a C:/ST/STM32CubeIDE_1.15.1/STM32CubeIDE/plugins/com.st.stm32cube.ide.mcu.externaltools.gnu-tools-for-stm32.12.3.rel1.win32_1.0.200.202406191623/tools/bin/../lib/gcc/arm-none-eabi/12.3.1/../../../../arm-none-eabi/lib/thumb/v7e-m+fp/hard\libc_nano.a(libc_a-nano-svfscanf.o)
                0x0800972a                __ssrefill_r
 .text.__ssvfscanf_r
                0x08009764      0x2e8 C:/ST/STM32CubeIDE_1.15.1/STM32CubeIDE/plugins/com.st.stm32cube.ide.mcu.externaltools.gnu-tools-for-stm32.12.3.rel1.win32_1.0.200.202406191623/tools/bin/../lib/gcc/arm-none-eabi/12.3.1/../../../../arm-none-eabi/lib/thumb/v7e-m+fp/hard\libc_nano.a(libc_a-nano-svfscanf.o)
                0x08009764                __ssvfiscanf_r
                0x08009764                __ssvfscanf_r
 .text.__sfputc_r
                0x08009a4c       0x2e C:/ST/STM32CubeIDE_1.15.1/STM32CubeIDE/plugins/com.st.stm32cube.ide.mcu.externaltools.gnu-tools-for-stm32.12.3.rel1.win32_1.0.200.202406191623/tools/bin/../lib/gcc/arm-none-eabi/12.3.1/../../../../arm-none-eabi/lib/thumb/v7e-m+fp/hard\libc_nano.a(libc_a-nano-vfprintf.o)
 .text.__sfputs_r
                0x08009a7a       0x24 C:/ST/STM32CubeIDE_1.15.1/STM32CubeIDE/plugins/com.st.stm32cube.ide.mcu.externaltools.gnu-tools-for-stm32.12.3.rel1.win32_1.0.200.202406191623/tools/bin/../lib/gcc/arm-none-eabi/12.3.1/../../../../arm-none-eabi/lib/thumb/v7e-m+fp/hard\libc_nano.a(libc_a-nano-vfprintf.o)
                0x08009a7a                __sfputs_r
 *fill*         0x08009a9e        0x2 
 .text._vfprintf_r
                0x08009aa0      0x230 C:/ST/STM32CubeIDE_1.15.1/STM32CubeIDE/plugins/com.st.stm32cube.ide.mcu.externaltools.gnu-tools-for-stm32.12.3.rel1.win32_1.0.200.202406191623/tools/bin/../lib/gcc/arm-none-eabi/12.3.1/../../../../arm-none-eabi/lib/thumb/v7e-m+fp/hard\libc_nano.a(libc_a-nano-vfprintf.o)
                0x08009aa0                _vfprintf_r
                0x08009aa0                _vfiprintf_r
 .text._printf_common
                0x08009cd0       0xda C:/ST/STM32CubeIDE_1.15.1/STM32CubeIDE/plugins/com.st.stm32cube.ide.mcu.externaltools.gnu-tools-for-stm32.12.3.rel1.win32_1.0.200.202406191623/tools/bin/../lib/gcc/arm-none-eabi/12.3.1/../../../../arm-none-eabi/lib/thumb/v7e-m+fp/hard\libc_nano.a(libc_a-nano-vfprintf_i.o)
                0x08009cd0                _printf_common
 *fill*         0x08009daa        0x2 
 .text._printf_i
                0x08009dac      0x240 C:/ST/STM32CubeIDE_1.15.1/STM32CubeIDE/plugins/com.st.stm32cube.ide.mcu.externaltools.gnu-tools-for-stm32.12.3.rel1.win32_1.0.200.202406191623/tools/bin/../lib/gcc/arm-none-eabi/12.3.1/../../../../arm-none-eabi/lib/thumb/v7e-m+fp/hard\libc_nano.a(libc_a-nano-vfprintf_i.o)
                0x08009dac                _printf_i
 .text._scanf_chars
                0x08009fec       0xb4 C:/ST/STM32CubeIDE_1.15.1/STM32CubeIDE/plugins/com.st.stm32cube.ide.mcu.externaltools.gnu-tools-for-stm32.12.3.rel1.win32_1.0.200.202406191623/tools/bin/../lib/gcc/arm-none-eabi/12.3.1/../../../../arm-none-eabi/lib/thumb/v7e-m+fp/hard\libc_nano.a(libc_a-nano-vfscanf_i.o)
                0x08009fec                _scanf_chars
 .text._scanf_i
                0x0800a0a0      0x1e8 C:/ST/STM32CubeIDE_1.15.1/STM32CubeIDE/plugins/com.st.stm32cube.ide.mcu.externaltools.gnu-tools-for-stm32.12.3.rel1.win32_1.0.200.202406191623/tools/bin/../lib/gcc/arm-none-eabi/12.3.1/../../../../arm-none-eabi/lib/thumb/v7e-m+fp/hard\libc_nano.a(libc_a-nano-vfscanf_i.o)
                0x0800a0a0                _scanf_i
 .text.__sflush_r
                0x0800a288      0x108 C:/ST/STM32CubeIDE_1.15.1/STM32CubeIDE/plugins/com.st.stm32cube.ide.mcu.externaltools.gnu-tools-for-stm32.12.3.rel1.win32_1.0.200.202406191623/tools/bin/../lib/gcc/arm-none-eabi/12.3.1/../../../../arm-none-eabi/lib/thumb/v7e-m+fp/hard\libc_nano.a(libc_a-fflush.o)
                0x0800a288                __sflush_r
 .text._fflush_r
                0x0800a390       0x50 C:/ST/STM32CubeIDE_1.15.1/STM32CubeIDE/plugins/com.st.stm32cube.ide.mcu.externaltools.gnu-tools-for-stm32.12.3.rel1.win32_1.0.200.202406191623/tools/bin/../lib/gcc/arm-none-eabi/12.3.1/../../../../arm-none-eabi/lib/thumb/v7e-m+fp/hard\libc_nano.a(libc_a-fflush.o)
                0x0800a390                _fflush_r
 .text.__swhatbuf_r
                0x0800a3e0       0x4c C:/ST/STM32CubeIDE_1.15.1/STM32CubeIDE/plugins/com.st.stm32cube.ide.mcu.externaltools.gnu-tools-for-stm32.12.3.rel1.win32_1.0.200.202406191623/tools/bin/../lib/gcc/arm-none-eabi/12.3.1/../../../../arm-none-eabi/lib/thumb/v7e-m+fp/hard\libc_nano.a(libc_a-makebuf.o)
                0x0800a3e0                __swhatbuf_r
 .text.__smakebuf_r
                0x0800a42c       0x78 C:/ST/STM32CubeIDE_1.15.1/STM32CubeIDE/plugins/com.st.stm32cube.ide.mcu.externaltools.gnu-tools-for-stm32.12.3.rel1.win32_1.0.200.202406191623/tools/bin/../lib/gcc/arm-none-eabi/12.3.1/../../../../arm-none-eabi/lib/thumb/v7e-m+fp/hard\libc_nano.a(libc_a-makebuf.o)
                0x0800a42c                __smakebuf_r
 .text.__sccl   0x0800a4a4       0x72 C:/ST/STM32CubeIDE_1.15.1/STM32CubeIDE/plugins/com.st.stm32cube.ide.mcu.externaltools.gnu-tools-for-stm32.12.3.rel1.win32_1.0.200.202406191623/tools/bin/../lib/gcc/arm-none-eabi/12.3.1/../../../../arm-none-eabi/lib/thumb/v7e-m+fp/hard\libc_nano.a(libc_a-sccl.o)
                0x0800a4a4                __sccl
 .text.__submore
                0x0800a516       0x74 C:/ST/STM32CubeIDE_1.15.1/STM32CubeIDE/plugins/com.st.stm32cube.ide.mcu.externaltools.gnu-tools-for-stm32.12.3.rel1.win32_1.0.200.202406191623/tools/bin/../lib/gcc/arm-none-eabi/12.3.1/../../../../arm-none-eabi/lib/thumb/v7e-m+fp/hard\libc_nano.a(libc_a-ungetc.o)
                0x0800a516                __submore
 .text.memmove  0x0800a58a       0x34 C:/ST/STM32CubeIDE_1.15.1/STM32CubeIDE/plugins/com.st.stm32cube.ide.mcu.externaltools.gnu-tools-for-stm32.12.3.rel1.win32_1.0.200.202406191623/tools/bin/../lib/gcc/arm-none-eabi/12.3.1/../../../../arm-none-eabi/lib/thumb/v7e-m+fp/hard\libc_nano.a(libc_a-memmove.o)
                0x0800a58a                memmove
 *fill*         0x0800a5be        0x2 
 .text._fstat_r
                0x0800a5c0       0x24 C:/ST/STM32CubeIDE_1.15.1/STM32CubeIDE/plugins/com.st.stm32cube.ide.mcu.externaltools.gnu-tools-for-stm32.12.3.rel1.win32_1.0.200.202406191623/tools/bin/../lib/gcc/arm-none-eabi/12.3.1/../../../../arm-none-eabi/lib/thumb/v7e-m+fp/hard\libc_nano.a(libc_a-fstatr.o)
                0x0800a5c0                _fstat_r
 .text._isatty_r
                0x0800a5e4       0x20 C:/ST/STM32CubeIDE_1.15.1/STM32CubeIDE/plugins/com.st.stm32cube.ide.mcu.externaltools.gnu-tools-for-stm32.12.3.rel1.win32_1.0.200.202406191623/tools/bin/../lib/gcc/arm-none-eabi/12.3.1/../../../../arm-none-eabi/lib/thumb/v7e-m+fp/hard\libc_nano.a(libc_a-isattyr.o)
                0x0800a5e4                _isatty_r
 .text.abort    0x0800a604        0xe C:/ST/STM32CubeIDE_1.15.1/STM32CubeIDE/plugins/com.st.stm32cube.ide.mcu.externaltools.gnu-tools-for-stm32.12.3.rel1.win32_1.0.200.202406191623/tools/bin/../lib/gcc/arm-none-eabi/12.3.1/../../../../arm-none-eabi/lib/thumb/v7e-m+fp/hard\libc_nano.a(libc_a-abort.o)
                0x0800a604                abort
 .text._realloc_r
                0x0800a612       0x5c C:/ST/STM32CubeIDE_1.15.1/STM32CubeIDE/plugins/com.st.stm32cube.ide.mcu.externaltools.gnu-tools-for-stm32.12.3.rel1.win32_1.0.200.202406191623/tools/bin/../lib/gcc/arm-none-eabi/12.3.1/../../../../arm-none-eabi/lib/thumb/v7e-m+fp/hard\libc_nano.a(libc_a-reallocr.o)
                0x0800a612                _realloc_r
 *fill*         0x0800a66e        0x2 
 .text._strtol_l.constprop.0
                0x0800a670       0xf4 C:/ST/STM32CubeIDE_1.15.1/STM32CubeIDE/plugins/com.st.stm32cube.ide.mcu.externaltools.gnu-tools-for-stm32.12.3.rel1.win32_1.0.200.202406191623/tools/bin/../lib/gcc/arm-none-eabi/12.3.1/../../../../arm-none-eabi/lib/thumb/v7e-m+fp/hard\libc_nano.a(libc_a-strtol.o)
 .text._strtol_r
                0x0800a764        0x4 C:/ST/STM32CubeIDE_1.15.1/STM32CubeIDE/plugins/com.st.stm32cube.ide.mcu.externaltools.gnu-tools-for-stm32.12.3.rel1.win32_1.0.200.202406191623/tools/bin/../lib/gcc/arm-none-eabi/12.3.1/../../../../arm-none-eabi/lib/thumb/v7e-m+fp/hard\libc_nano.a(libc_a-strtol.o)
                0x0800a764                _strtol_r
 .text._strtoul_l.constprop.0
                0x0800a768       0xdc C:/ST/STM32CubeIDE_1.15.1/STM32CubeIDE/plugins/com.st.stm32cube.ide.mcu.externaltools.gnu-tools-for-stm32.12.3.rel1.win32_1.0.200.202406191623/tools/bin/../lib/gcc/arm-none-eabi/12.3.1/../../../../arm-none-eabi/lib/thumb/v7e-m+fp/hard\libc_nano.a(libc_a-strtoul.o)
 .text._strtoul_r
                0x0800a844        0x4 C:/ST/STM32CubeIDE_1.15.1/STM32CubeIDE/plugins/com.st.stm32cube.ide.mcu.externaltools.gnu-tools-for-stm32.12.3.rel1.win32_1.0.200.202406191623/tools/bin/../lib/gcc/arm-none-eabi/12.3.1/../../../../arm-none-eabi/lib/thumb/v7e-m+fp/hard\libc_nano.a(libc_a-strtoul.o)
                0x0800a844                _strtoul_r
 .text._raise_r
                0x0800a848       0x50 C:/ST/STM32CubeIDE_1.15.1/STM32CubeIDE/plugins/com.st.stm32cube.ide.mcu.externaltools.gnu-tools-for-stm32.12.3.rel1.win32_1.0.200.202406191623/tools/bin/../lib/gcc/arm-none-eabi/12.3.1/../../../../arm-none-eabi/lib/thumb/v7e-m+fp/hard\libc_nano.a(libc_a-signal.o)
                0x0800a848                _raise_r
 .text.raise    0x0800a898       0x10 C:/ST/STM32CubeIDE_1.15.1/STM32CubeIDE/plugins/com.st.stm32cube.ide.mcu.externaltools.gnu-tools-for-stm32.12.3.rel1.win32_1.0.200.202406191623/tools/bin/../lib/gcc/arm-none-eabi/12.3.1/../../../../arm-none-eabi/lib/thumb/v7e-m+fp/hard\libc_nano.a(libc_a-signal.o)
                0x0800a898                raise
 .text._kill_r  0x0800a8a8       0x24 C:/ST/STM32CubeIDE_1.15.1/STM32CubeIDE/plugins/com.st.stm32cube.ide.mcu.externaltools.gnu-tools-for-stm32.12.3.rel1.win32_1.0.200.202406191623/tools/bin/../lib/gcc/arm-none-eabi/12.3.1/../../../../arm-none-eabi/lib/thumb/v7e-m+fp/hard\libc_nano.a(libc_a-signalr.o)
                0x0800a8a8                _kill_r
 .text._getpid_r
                0x0800a8cc        0x4 C:/ST/STM32CubeIDE_1.15.1/STM32CubeIDE/plugins/com.st.stm32cube.ide.mcu.externaltools.gnu-tools-for-stm32.12.3.rel1.win32_1.0.200.202406191623/tools/bin/../lib/gcc/arm-none-eabi/12.3.1/../../../../arm-none-eabi/lib/thumb/v7e-m+fp/hard\libc_nano.a(libc_a-signalr.o)
                0x0800a8cc                _getpid_r
 .text._malloc_usable_size_r
                0x0800a8d0       0x10 C:/ST/STM32CubeIDE_1.15.1/STM32CubeIDE/plugins/com.st.stm32cube.ide.mcu.externaltools.gnu-tools-for-stm32.12.3.rel1.win32_1.0.200.202406191623/tools/bin/../lib/gcc/arm-none-eabi/12.3.1/../../../../arm-none-eabi/lib/thumb/v7e-m+fp/hard\libc_nano.a(libc_a-msizer.o)
                0x0800a8d0                _malloc_usable_size_r
 *(.glue_7)
 .glue_7        0x0800a8e0        0x0 linker stubs
 *(.glue_7t)
 .glue_7t       0x0800a8e0        0x0 linker stubs
 *(.eh_frame)
 .eh_frame      0x0800a8e0        0x0 C:/ST/STM32CubeIDE_1.15.1/STM32CubeIDE/plugins/com.st.stm32cube.ide.mcu.externaltools.gnu-tools-for-stm32.12.3.rel1.win32_1.0.200.202406191623/tools/bin/../lib/gcc/arm-none-eabi/12.3.1/thumb/v7e-m+fp/hard/crtbegin.o
 *(.init)
 .init          0x0800a8e0        0x4 C:/ST/STM32CubeIDE_1.15.1/STM32CubeIDE/plugins/com.st.stm32cube.ide.mcu.externaltools.gnu-tools-for-stm32.12.3.rel1.win32_1.0.200.202406191623/tools/bin/../lib/gcc/arm-none-eabi/12.3.1/thumb/v7e-m+fp/hard/crti.o
                0x0800a8e0                _init
 .init          0x0800a8e4        0x8 C:/ST/STM32CubeIDE_1.15.1/STM32CubeIDE/plugins/com.st.stm32cube.ide.mcu.externaltools.gnu-tools-for-stm32.12.3.rel1.win32_1.0.200.202406191623/tools/bin/../lib/gcc/arm-none-eabi/12.3.1/thumb/v7e-m+fp/hard/crtn.o
 *(.fini)
 .fini          0x0800a8ec        0x4 C:/ST/STM32CubeIDE_1.15.1/STM32CubeIDE/plugins/com.st.stm32cube.ide.mcu.externaltools.gnu-tools-for-stm32.12.3.rel1.win32_1.0.200.202406191623/tools/bin/../lib/gcc/arm-none-eabi/12.3.1/thumb/v7e-m+fp/hard/crti.o
                0x0800a8ec                _fini
 .fini          0x0800a8f0        0x8 C:/ST/STM32CubeIDE_1.15.1/STM32CubeIDE/plugins/com.st.stm32cube.ide.mcu.externaltools.gnu-tools-for-stm32.12.3.rel1.win32_1.0.200.202406191623/tools/bin/../lib/gcc/arm-none-eabi/12.3.1/thumb/v7e-m+fp/hard/crtn.o
                0x0800a8f8                        . = ALIGN (0x4)
                0x0800a8f8                        _etext = .

.vfp11_veneer   0x0800a8f8        0x0
 .vfp11_veneer  0x0800a8f8        0x0 linker stubs

.v4_bx          0x0800a8f8        0x0
 .v4_bx         0x0800a8f8        0x0 linker stubs

.iplt           0x0800a8f8        0x0
 .iplt          0x0800a8f8        0x0 C:/ST/STM32CubeIDE_1.15.1/STM32CubeIDE/plugins/com.st.stm32cube.ide.mcu.externaltools.gnu-tools-for-stm32.12.3.rel1.win32_1.0.200.202406191623/tools/bin/../lib/gcc/arm-none-eabi/12.3.1/thumb/v7e-m+fp/hard/crtbegin.o

.rodata         0x0800a8f8     0x14a0
                0x0800a8f8                        . = ALIGN (0x4)
 *(.rodata)
 .rodata        0x0800a8f8      0x1d9 ./Core/Src/main.o
 *fill*         0x0800aad1        0x3 
 .rodata        0x0800aad4        0xc ./embeddedWebSrv/resources/index_html.o
 .rodata        0x0800aae0        0xb ./embeddedWebSrv/resources/timer_ssi.o
 *fill*         0x0800aaeb        0x1 
 .rodata        0x0800aaec        0x4 ./embeddedWebSrv/src/helperFunctions.o
 .rodata        0x0800aaf0       0x8f ./embeddedWebSrv/src/http_SSI_replacer.o
 *fill*         0x0800ab7f        0x1 
 .rodata        0x0800ab80       0xd7 ./embeddedWebSrv/src/http_cgi.o
 *fill*         0x0800ac57        0x1 
 .rodata        0x0800ac58       0x59 ./embeddedWebSrv/src/http_local_filesystem.o
 *fill*         0x0800acb1        0x3 
 .rodata        0x0800acb4       0x94 ./embeddedWebSrv/src/http_request_parser.o
 .rodata        0x0800ad48      0x4ab ./embeddedWebSrv/src/http_response.o
 *fill*         0x0800b1f3        0x1 
 .rodata        0x0800b1f4      0x33c ./embeddedWebSrv/src/http_server.o
 .rodata        0x0800b530      0x24a ./embeddedWebSrv/src/http_server_platform.o
 *fill*         0x0800b77a        0x2 
 .rodata        0x0800b77c       0x39 ./winc1500/bus_wrapper/source/nm_bus_wrapper_stm32f407.o
 *fill*         0x0800b7b5        0x3 
 .rodata        0x0800b7b8       0xaf ./winc1500/driver/source/m2m_wifi.o
 *fill*         0x0800b867        0x1 
 .rodata        0x0800b868       0x3f ./winc1500/driver/source/nmasic.o
 *fill*         0x0800b8a7        0x1 
 .rodata        0x0800b8a8       0x21 ./winc1500/driver/source/nmdrv.o
 *fill*         0x0800b8c9        0x3 
 .rodata        0x0800b8cc        0xc C:/ST/STM32CubeIDE_1.15.1/STM32CubeIDE/plugins/com.st.stm32cube.ide.mcu.externaltools.gnu-tools-for-stm32.12.3.rel1.win32_1.0.200.202406191623/tools/bin/../lib/gcc/arm-none-eabi/12.3.1/../../../../arm-none-eabi/lib/thumb/v7e-m+fp/hard\libc_nano.a(libc_a-nano-vfscanf_i.o)
 *(.rodata*)
 .rodata.AHBPrescTable
                0x0800b8d8       0x10 ./Core/Src/system_stm32f4xx.o
                0x0800b8d8                AHBPrescTable
 .rodata.GPIO_PIN
                0x0800b8e8        0x8 ./Drivers/BSP/STM32F4xx_Discovery_407/Src/stm32f4xx_nucleo_144.o
                0x0800b8e8                GPIO_PIN
 .rodata.__func__.0
                0x0800b8f0       0x1b ./embeddedWebSrv/src/http_SSI_replacer.o
 *fill*         0x0800b90b        0x1 
 .rodata.__func__.0
                0x0800b90c       0x1f ./embeddedWebSrv/src/http_cgi.o
 *fill*         0x0800b92b        0x1 
 .rodata.__func__.0
                0x0800b92c       0x1a ./embeddedWebSrv/src/http_local_filesystem.o
 *fill*         0x0800b946        0x2 
 .rodata.httpFileType_SSIList
                0x0800b948       0x10 ./embeddedWebSrv/src/http_request_parser.o
                0x0800b948                httpFileType_SSIList
 .rodata.httpFileType_CGIList
                0x0800b958        0xc ./embeddedWebSrv/src/http_request_parser.o
                0x0800b958                httpFileType_CGIList
 .rodata.__func__.3
                0x0800b964       0x1a ./embeddedWebSrv/src/http_response.o
 *fill*         0x0800b97e        0x2 
 .rodata.__func__.2
                0x0800b980       0x25 ./embeddedWebSrv/src/http_response.o
 *fill*         0x0800b9a5        0x3 
 .rodata.__func__.1
                0x0800b9a8       0x22 ./embeddedWebSrv/src/http_response.o
 *fill*         0x0800b9ca        0x2 
 .rodata.__func__.0
                0x0800b9cc       0x1e ./embeddedWebSrv/src/http_response.o
 *fill*         0x0800b9ea        0x2 
 .rodata.__func__.3
                0x0800b9ec       0x14 ./embeddedWebSrv/src/http_server.o
 .rodata.__func__.2
                0x0800ba00       0x14 ./embeddedWebSrv/src/http_server.o
 .rodata.__func__.1
                0x0800ba14       0x20 ./embeddedWebSrv/src/http_server.o
 .rodata.__func__.0
                0x0800ba34        0xc ./embeddedWebSrv/src/http_server.o
 .rodata.__func__.2
                0x0800ba40       0x1c ./embeddedWebSrv/src/http_server_platform.o
 .rodata.__func__.1
                0x0800ba5c       0x1e ./embeddedWebSrv/src/http_server_platform.o
 *fill*         0x0800ba7a        0x2 
 .rodata.__func__.0
                0x0800ba7c       0x1f ./embeddedWebSrv/src/http_server_platform.o
 *fill*         0x0800ba9b        0x1 
 .rodata.crc7_syndrome_table
                0x0800ba9c      0x100 ./winc1500/driver/source/nmspi.o
 .rodata.strtok.str1.1
                0x0800bb9c       0x71 C:/ST/STM32CubeIDE_1.15.1/STM32CubeIDE/plugins/com.st.stm32cube.ide.mcu.externaltools.gnu-tools-for-stm32.12.3.rel1.win32_1.0.200.202406191623/tools/bin/../lib/gcc/arm-none-eabi/12.3.1/../../../../arm-none-eabi/lib/thumb/v7e-m+fp/hard\libc_nano.a(libc_a-strtok.o)
 .rodata.__assert_func.str1.1
                0x0800bc0d       0x3c C:/ST/STM32CubeIDE_1.15.1/STM32CubeIDE/plugins/com.st.stm32cube.ide.mcu.externaltools.gnu-tools-for-stm32.12.3.rel1.win32_1.0.200.202406191623/tools/bin/../lib/gcc/arm-none-eabi/12.3.1/../../../../arm-none-eabi/lib/thumb/v7e-m+fp/hard\libc_nano.a(libc_a-assert.o)
                                 0x3d (size before relaxing)
 .rodata._svfprintf_r.str1.1
                0x0800bc49       0x11 C:/ST/STM32CubeIDE_1.15.1/STM32CubeIDE/plugins/com.st.stm32cube.ide.mcu.externaltools.gnu-tools-for-stm32.12.3.rel1.win32_1.0.200.202406191623/tools/bin/../lib/gcc/arm-none-eabi/12.3.1/../../../../arm-none-eabi/lib/thumb/v7e-m+fp/hard\libc_nano.a(libc_a-nano-svfprintf.o)
 .rodata.__ssvfscanf_r.str1.1
                0x0800bc5a        0x4 C:/ST/STM32CubeIDE_1.15.1/STM32CubeIDE/plugins/com.st.stm32cube.ide.mcu.externaltools.gnu-tools-for-stm32.12.3.rel1.win32_1.0.200.202406191623/tools/bin/../lib/gcc/arm-none-eabi/12.3.1/../../../../arm-none-eabi/lib/thumb/v7e-m+fp/hard\libc_nano.a(libc_a-nano-svfscanf.o)
 .rodata._vfprintf_r.str1.1
                0x0800bc5a       0x11 C:/ST/STM32CubeIDE_1.15.1/STM32CubeIDE/plugins/com.st.stm32cube.ide.mcu.externaltools.gnu-tools-for-stm32.12.3.rel1.win32_1.0.200.202406191623/tools/bin/../lib/gcc/arm-none-eabi/12.3.1/../../../../arm-none-eabi/lib/thumb/v7e-m+fp/hard\libc_nano.a(libc_a-nano-vfprintf.o)
 .rodata._printf_i.str1.1
                0x0800bc5a       0x22 C:/ST/STM32CubeIDE_1.15.1/STM32CubeIDE/plugins/com.st.stm32cube.ide.mcu.externaltools.gnu-tools-for-stm32.12.3.rel1.win32_1.0.200.202406191623/tools/bin/../lib/gcc/arm-none-eabi/12.3.1/../../../../arm-none-eabi/lib/thumb/v7e-m+fp/hard\libc_nano.a(libc_a-nano-vfprintf_i.o)
 .rodata._scanf_i.str1.1
                0x0800bc7c       0x12 C:/ST/STM32CubeIDE_1.15.1/STM32CubeIDE/plugins/com.st.stm32cube.ide.mcu.externaltools.gnu-tools-for-stm32.12.3.rel1.win32_1.0.200.202406191623/tools/bin/../lib/gcc/arm-none-eabi/12.3.1/../../../../arm-none-eabi/lib/thumb/v7e-m+fp/hard\libc_nano.a(libc_a-nano-vfscanf_i.o)
 .rodata.str1.1
                0x0800bc8e        0x9 C:/ST/STM32CubeIDE_1.15.1/STM32CubeIDE/plugins/com.st.stm32cube.ide.mcu.externaltools.gnu-tools-for-stm32.12.3.rel1.win32_1.0.200.202406191623/tools/bin/../lib/gcc/arm-none-eabi/12.3.1/../../../../arm-none-eabi/lib/thumb/v7e-m+fp/hard\libc_nano.a(libc_a-nano-vfscanf_i.o)
 .rodata._ctype_
                0x0800bc97      0x101 C:/ST/STM32CubeIDE_1.15.1/STM32CubeIDE/plugins/com.st.stm32cube.ide.mcu.externaltools.gnu-tools-for-stm32.12.3.rel1.win32_1.0.200.202406191623/tools/bin/../lib/gcc/arm-none-eabi/12.3.1/../../../../arm-none-eabi/lib/thumb/v7e-m+fp/hard\libc_nano.a(libc_a-ctype_.o)
                0x0800bc97                _ctype_
                0x0800bd98                        . = ALIGN (0x4)

.ARM.extab      0x0800bd98        0x0
                0x0800bd98                        . = ALIGN (0x4)
 *(.ARM.extab* .gnu.linkonce.armextab.*)
                0x0800bd98                        . = ALIGN (0x4)

.ARM            0x0800bd98        0x8
                0x0800bd98                        . = ALIGN (0x4)
                0x0800bd98                        __exidx_start = .
 *(.ARM.exidx*)
 .ARM.exidx     0x0800bd98        0x8 C:/ST/STM32CubeIDE_1.15.1/STM32CubeIDE/plugins/com.st.stm32cube.ide.mcu.externaltools.gnu-tools-for-stm32.12.3.rel1.win32_1.0.200.202406191623/tools/bin/../lib/gcc/arm-none-eabi/12.3.1/../../../../arm-none-eabi/lib/thumb/v7e-m+fp/hard\libc_nano.a(libc_a-strcmp.o)
 .ARM.exidx     0x0800bda0        0x0 C:/ST/STM32CubeIDE_1.15.1/STM32CubeIDE/plugins/com.st.stm32cube.ide.mcu.externaltools.gnu-tools-for-stm32.12.3.rel1.win32_1.0.200.202406191623/tools/bin/../lib/gcc/arm-none-eabi/12.3.1/../../../../arm-none-eabi/lib/thumb/v7e-m+fp/hard\libc_nano.a(libc_a-strlen.o)
                                  0x8 (size before relaxing)
 .ARM.exidx     0x0800bda0        0x0 C:/ST/STM32CubeIDE_1.15.1/STM32CubeIDE/plugins/com.st.stm32cube.ide.mcu.externaltools.gnu-tools-for-stm32.12.3.rel1.win32_1.0.200.202406191623/tools/bin/../lib/gcc/arm-none-eabi/12.3.1/../../../../arm-none-eabi/lib/thumb/v7e-m+fp/hard\libc_nano.a(libc_a-memchr.o)
                                  0x8 (size before relaxing)
 .ARM.exidx     0x0800bda0        0x0 C:/ST/STM32CubeIDE_1.15.1/STM32CubeIDE/plugins/com.st.stm32cube.ide.mcu.externaltools.gnu-tools-for-stm32.12.3.rel1.win32_1.0.200.202406191623/tools/bin/../lib/gcc/arm-none-eabi/12.3.1/thumb/v7e-m+fp/hard\libgcc.a(_udivmoddi4.o)
                                  0x8 (size before relaxing)
                0x0800bda0                        __exidx_end = .
                0x0800bda0                        . = ALIGN (0x4)

.preinit_array  0x0800bda0        0x0
                0x0800bda0                        . = ALIGN (0x4)
                0x0800bda0                        PROVIDE (__preinit_array_start = .)
 *(.preinit_array*)
                0x0800bda0                        PROVIDE (__preinit_array_end = .)
                0x0800bda0                        . = ALIGN (0x4)

.init_array     0x0800bda0        0x4
                0x0800bda0                        . = ALIGN (0x4)
                0x0800bda0                        PROVIDE (__init_array_start = .)
 *(SORT_BY_NAME(.init_array.*))
 *(.init_array*)
 .init_array    0x0800bda0        0x4 C:/ST/STM32CubeIDE_1.15.1/STM32CubeIDE/plugins/com.st.stm32cube.ide.mcu.externaltools.gnu-tools-for-stm32.12.3.rel1.win32_1.0.200.202406191623/tools/bin/../lib/gcc/arm-none-eabi/12.3.1/thumb/v7e-m+fp/hard/crtbegin.o
                0x0800bda4                        PROVIDE (__init_array_end = .)
                0x0800bda4                        . = ALIGN (0x4)

.fini_array     0x0800bda4        0x4
                0x0800bda4                        . = ALIGN (0x4)
                [!provide]                        PROVIDE (__fini_array_start = .)
 *(SORT_BY_NAME(.fini_array.*))
 *(.fini_array*)
 .fini_array    0x0800bda4        0x4 C:/ST/STM32CubeIDE_1.15.1/STM32CubeIDE/plugins/com.st.stm32cube.ide.mcu.externaltools.gnu-tools-for-stm32.12.3.rel1.win32_1.0.200.202406191623/tools/bin/../lib/gcc/arm-none-eabi/12.3.1/thumb/v7e-m+fp/hard/crtbegin.o
                [!provide]                        PROVIDE (__fini_array_end = .)
                0x0800bda8                        . = ALIGN (0x4)
                0x0800bda8                        _sidata = LOADADDR (.data)

.rel.dyn        0x0800bda8        0x0
 .rel.iplt      0x0800bda8        0x0 C:/ST/STM32CubeIDE_1.15.1/STM32CubeIDE/plugins/com.st.stm32cube.ide.mcu.externaltools.gnu-tools-for-stm32.12.3.rel1.win32_1.0.200.202406191623/tools/bin/../lib/gcc/arm-none-eabi/12.3.1/thumb/v7e-m+fp/hard/crtbegin.o

.data           0x20000000      0xa24 load address 0x0800bda8
                0x20000000                        . = ALIGN (0x4)
                0x20000000                        _sdata = .
 *(.data)
 *(.data*)
 .data.tcp_server_socket
                0x20000000        0x1 ./Core/Src/main.o
                0x20000000                tcp_server_socket
 .data.tcp_client_socket
                0x20000001        0x1 ./Core/Src/main.o
 *fill*         0x20000002        0x2 
 .data.SystemCoreClock
                0x20000004        0x4 ./Core/Src/system_stm32f4xx.o
                0x20000004                SystemCoreClock
 .data.GPIO_PORT
                0x20000008       0x10 ./Drivers/BSP/STM32F4xx_Discovery_407/Src/stm32f4xx_nucleo_144.o
                0x20000008                GPIO_PORT
 .data.uwTickPrio
                0x20000018        0x4 ./Drivers/STM32F4xx_HAL_Driver/Src/stm32f4xx_hal.o
                0x20000018                uwTickPrio
 .data.uwTickFreq
                0x2000001c        0x1 ./Drivers/STM32F4xx_HAL_Driver/Src/stm32f4xx_hal.o
                0x2000001c                uwTickFreq
 *fill*         0x2000001d        0x3 
 .data.index_html
                0x20000020      0x848 ./embeddedWebSrv/resources/index_html.o
                0x20000020                index_html
 .data.index_html_len
                0x20000868        0x4 ./embeddedWebSrv/resources/index_html.o
                0x20000868                index_html_len
 .data.path_index_html
                0x2000086c        0x4 ./embeddedWebSrv/resources/index_html.o
                0x2000086c                path_index_html
 .data.timerVal_ssi
                0x20000870      0x13f ./embeddedWebSrv/resources/timer_ssi.o
                0x20000870                timerVal_ssi
 *fill*         0x200009af        0x1 
 .data.timerVal_ssi_len
                0x200009b0        0x4 ./embeddedWebSrv/resources/timer_ssi.o
                0x200009b0                timerVal_ssi_len
 .data.path_timerVal_ssi
                0x200009b4        0x4 ./embeddedWebSrv/resources/timer_ssi.o
                0x200009b4                path_timerVal_ssi
 .data.httpFileType_SSIList_size
                0x200009b8        0x4 ./embeddedWebSrv/src/http_request_parser.o
                0x200009b8                httpFileType_SSIList_size
 .data.httpFileType_CGIList_size
                0x200009bc        0x4 ./embeddedWebSrv/src/http_request_parser.o
                0x200009bc                httpFileType_CGIList_size
 .data.serverTestCGIPath
                0x200009c0        0x4 ./embeddedWebSrv/src/http_server_platform.o
 .data.egstrNmBusCapabilities
                0x200009c4        0x2 ./winc1500/bus_wrapper/source/nm_bus_wrapper_stm32f407.o
                0x200009c4                egstrNmBusCapabilities
 *fill*         0x200009c6        0x2 
 .data.__sglue  0x200009c8        0xc C:/ST/STM32CubeIDE_1.15.1/STM32CubeIDE/plugins/com.st.stm32cube.ide.mcu.externaltools.gnu-tools-for-stm32.12.3.rel1.win32_1.0.200.202406191623/tools/bin/../lib/gcc/arm-none-eabi/12.3.1/../../../../arm-none-eabi/lib/thumb/v7e-m+fp/hard\libc_nano.a(libc_a-findfp.o)
                0x200009c8                __sglue
 .data._impure_ptr
                0x200009d4        0x4 C:/ST/STM32CubeIDE_1.15.1/STM32CubeIDE/plugins/com.st.stm32cube.ide.mcu.externaltools.gnu-tools-for-stm32.12.3.rel1.win32_1.0.200.202406191623/tools/bin/../lib/gcc/arm-none-eabi/12.3.1/../../../../arm-none-eabi/lib/thumb/v7e-m+fp/hard\libc_nano.a(libc_a-impure.o)
                0x200009d4                _impure_ptr
 .data._impure_data
                0x200009d8       0x4c C:/ST/STM32CubeIDE_1.15.1/STM32CubeIDE/plugins/com.st.stm32cube.ide.mcu.externaltools.gnu-tools-for-stm32.12.3.rel1.win32_1.0.200.202406191623/tools/bin/../lib/gcc/arm-none-eabi/12.3.1/../../../../arm-none-eabi/lib/thumb/v7e-m+fp/hard\libc_nano.a(libc_a-impure.o)
                0x200009d8                _impure_data
 *(.RamFunc)
 *(.RamFunc*)
                0x20000a24                        . = ALIGN (0x4)
                0x20000a24                        _edata = .
                0x0800c7cc                        _siccmram = LOADADDR (.ccmram)

.igot.plt       0x20000a24        0x0 load address 0x0800c7cc
 .igot.plt      0x20000a24        0x0 C:/ST/STM32CubeIDE_1.15.1/STM32CubeIDE/plugins/com.st.stm32cube.ide.mcu.externaltools.gnu-tools-for-stm32.12.3.rel1.win32_1.0.200.202406191623/tools/bin/../lib/gcc/arm-none-eabi/12.3.1/thumb/v7e-m+fp/hard/crtbegin.o

.ccmram         0x10000000        0x0 load address 0x0800c7cc
                0x10000000                        . = ALIGN (0x4)
                0x10000000                        _sccmram = .
 *(.ccmram)
 *(.ccmram*)
                0x10000000                        . = ALIGN (0x4)
                0x10000000                        _eccmram = .
                0x10000000                        . = ALIGN (0x4)

.bss            0x20000a24      0x550
                0x20000a24                        _sbss = .
                0x20000a24                        __bss_start__ = _sbss
 *(.bss)
 .bss           0x20000a24       0x1c C:/ST/STM32CubeIDE_1.15.1/STM32CubeIDE/plugins/com.st.stm32cube.ide.mcu.externaltools.gnu-tools-for-stm32.12.3.rel1.win32_1.0.200.202406191623/tools/bin/../lib/gcc/arm-none-eabi/12.3.1/thumb/v7e-m+fp/hard/crtbegin.o
 *(.bss*)
 .bss.hspi1     0x20000a40       0x58 ./Core/Src/main.o
                0x20000a40                hspi1
 .bss.wifi_connected
                0x20000a98        0x1 ./Core/Src/main.o
 *fill*         0x20000a99        0x3 
 .bss.__sbrk_heap_end
                0x20000a9c        0x4 ./Core/Src/sysmem.o
 .bss.uwTick    0x20000aa0        0x4 ./Drivers/STM32F4xx_HAL_Driver/Src/stm32f4xx_hal.o
                0x20000aa0                uwTick
 .bss.http_SSI_replacer
                0x20000aa4       0x28 ./embeddedWebSrv/src/http_SSI_replacer.o
                0x20000aa4                http_SSI_replacer
 .bss.CGI_path  0x20000acc       0x3c ./embeddedWebSrv/src/http_cgi.o
                0x20000acc                CGI_path
 .bss.http_file_fops
                0x20000b08       0x18 ./embeddedWebSrv/src/http_file.o
                0x20000b08                http_file_fops
 .bss.http_local_filesystem
                0x20000b20       0x64 ./embeddedWebSrv/src/http_local_filesystem.o
 .bss.fileIndex
                0x20000b84        0x4 ./embeddedWebSrv/src/http_local_filesystem.o
 .bss.http_net_netops
                0x20000b88        0xc ./embeddedWebSrv/src/http_net.o
 .bss.timerValCC
                0x20000b94        0x4 ./embeddedWebSrv/src/http_server_platform.o
 .bss.httpNetops
                0x20000b98        0x4 ./embeddedWebSrv/src/http_server_platform.o