Archive member included to satisfy reference by file (symbol)

C:/ST/STM32CubeIDE_1.15.1/STM32CubeIDE/plugins/com.st.stm32cube.ide.mcu.externaltools.gnu-tools-for-stm32.12.3.rel1.win32_1.0.200.202406191623/tools/bin/../lib/gcc/arm-none-eabi/12.3.1/../../../../arm-none-eabi/lib/thumb/v7e-m+fp/hard\libc_nano.a(libc_a-exit.o)
                              C:/ST/STM32CubeIDE_1.15.1/STM32CubeIDE/plugins/com.st.stm32cube.ide.mcu.externaltools.gnu-tools-for-stm32.12.3.rel1.win32_1.0.200.202406191623/tools/bin/../lib/gcc/arm-none-eabi/12.3.1/../../../../arm-none-eabi/lib/thumb/v7e-m+fp/hard/crt0.o (exit)
C:/ST/STM32CubeIDE_1.15.1/STM32CubeIDE/plugins/com.st.stm32cube.ide.mcu.externaltools.gnu-tools-for-stm32.12.3.rel1.win32_1.0.200.202406191623/tools/bin/../lib/gcc/arm-none-eabi/12.3.1/../../../../arm-none-eabi/lib/thumb/v7e-m+fp/hard\libc_nano.a(libc_a-malloc.o)
                              ./embeddedWebSrv/src/http_SSI_replacer.o (malloc)
C:/ST/STM32CubeIDE_1.15.1/STM32CubeIDE/plugins/com.st.stm32cube.ide.mcu.externaltools.gnu-tools-for-stm32.12.3.rel1.win32_1.0.200.202406191623/tools/bin/../lib/gcc/arm-none-eabi/12.3.1/../../../../arm-none-eabi/lib/thumb/v7e-m+fp/hard\libc_nano.a(libc_a-mallocr.o)
                              C:/ST/STM32CubeIDE_1.15.1/STM32CubeIDE/plugins/com.st.stm32cube.ide.mcu.externaltools.gnu-tools-for-stm32.12.3.rel1.win32_1.0.200.202406191623/tools/bin/../lib/gcc/arm-none-eabi/12.3.1/../../../../arm-none-eabi/lib/thumb/v7e-m+fp/hard\libc_nano.a(libc_a-malloc.o) (_malloc_r)
C:/ST/STM32CubeIDE_1.15.1/STM32CubeIDE/plugins/com.st.stm32cube.ide.mcu.externaltools.gnu-tools-for-stm32.12.3.rel1.win32_1.0.200.202406191623/tools/bin/../lib/gcc/arm-none-eabi/12.3.1/../../../../arm-none-eabi/lib/thumb/v7e-m+fp/hard\libc_nano.a(libc_a-mlock.o)
                              C:/ST/STM32CubeIDE_1.15.1/STM32CubeIDE/plugins/com.st.stm32cube.ide.mcu.externaltools.gnu-tools-for-stm32.12.3.rel1.win32_1.0.200.202406191623/tools/bin/../lib/gcc/arm-none-eabi/12.3.1/../../../../arm-none-eabi/lib/thumb/v7e-m+fp/hard\libc_nano.a(libc_a-mallocr.o) (__malloc_lock)
C:/ST/STM32CubeIDE_1.15.1/STM32CubeIDE/plugins/com.st.stm32cube.ide.mcu.externaltools.gnu-tools-for-stm32.12.3.rel1.win32_1.0.200.202406191623/tools/bin/../lib/gcc/arm-none-eabi/12.3.1/../../../../arm-none-eabi/lib/thumb/v7e-m+fp/hard\libc_nano.a(libc_a-findfp.o)
                              C:/ST/STM32CubeIDE_1.15.1/STM32CubeIDE/plugins/com.st.stm32cube.ide.mcu.externaltools.gnu-tools-for-stm32.12.3.rel1.win32_1.0.200.202406191623/tools/bin/../lib/gcc/arm-none-eabi/12.3.1/../../../../arm-none-eabi/lib/thumb/v7e-m+fp/hard\libc_nano.a(libc_a-exit.o) (__stdio_exit_handler)
C:/ST/STM32CubeIDE_1.15.1/STM32CubeIDE/plugins/com.st.stm32cube.ide.mcu.externaltools.gnu-tools-for-stm32.12.3.rel1.win32_1.0.200.202406191623/tools/bin/../lib/gcc/arm-none-eabi/12.3.1/../../../../arm-none-eabi/lib/thumb/v7e-m+fp/hard\libc_nano.a(libc_a-fprintf.o)
                              ./embeddedWebSrv/src/http_SSI_replacer.o (fprintf)
C:/ST/STM32CubeIDE_1.15.1/STM32CubeIDE/plugins/com.st.stm32cube.ide.mcu.externaltools.gnu-tools-for-stm32.12.3.rel1.win32_1.0.200.202406191623/tools/bin/../lib/gcc/arm-none-eabi/12.3.1/../../../../arm-none-eabi/lib/thumb/v7e-m+fp/hard\libc_nano.a(libc_a-fwalk.o)
                              C:/ST/STM32CubeIDE_1.15.1/STM32CubeIDE/plugins/com.st.stm32cube.ide.mcu.externaltools.gnu-tools-for-stm32.12.3.rel1.win32_1.0.200.202406191623/tools/bin/../lib/gcc/arm-none-eabi/12.3.1/../../../../arm-none-eabi/lib/thumb/v7e-m+fp/hard\libc_nano.a(libc_a-findfp.o) (_fwalk_sglue)
C:/ST/STM32CubeIDE_1.15.1/STM32CubeIDE/plugins/com.st.stm32cube.ide.mcu.externaltools.gnu-tools-for-stm32.12.3.rel1.win32_1.0.200.202406191623/tools/bin/../lib/gcc/arm-none-eabi/12.3.1/../../../../arm-none-eabi/lib/thumb/v7e-m+fp/hard\libc_nano.a(libc_a-printf.o)
                              ./Core/Src/SD.o (printf)
C:/ST/STM32CubeIDE_1.15.1/STM32CubeIDE/plugins/com.st.stm32cube.ide.mcu.externaltools.gnu-tools-for-stm32.12.3.rel1.win32_1.0.200.202406191623/tools/bin/../lib/gcc/arm-none-eabi/12.3.1/../../../../arm-none-eabi/lib/thumb/v7e-m+fp/hard\libc_nano.a(libc_a-puts.o)
                              ./Core/Src/SD.o (puts)
C:/ST/STM32CubeIDE_1.15.1/STM32CubeIDE/plugins/com.st.stm32cube.ide.mcu.externaltools.gnu-tools-for-stm32.12.3.rel1.win32_1.0.200.202406191623/tools/bin/../lib/gcc/arm-none-eabi/12.3.1/../../../../arm-none-eabi/lib/thumb/v7e-m+fp/hard\libc_nano.a(libc_a-snprintf.o)
                              ./embeddedWebSrv/src/http_response.o (snprintf)
C:/ST/STM32CubeIDE_1.15.1/STM32CubeIDE/plugins/com.st.stm32cube.ide.mcu.externaltools.gnu-tools-for-stm32.12.3.rel1.win32_1.0.200.202406191623/tools/bin/../lib/gcc/arm-none-eabi/12.3.1/../../../../arm-none-eabi/lib/thumb/v7e-m+fp/hard\libc_nano.a(libc_a-sprintf.o)
                              ./Core/Src/SD.o (sprintf)
[...]
Memory Configuration

Name             Origin             Length             Attributes
CCMRAM           0x10000000         0x00010000         xrw
RAM              0x20000000         0x00020000         xrw
FLASH            0x08000000         0x00100000         xr
*default*        0x00000000         0xffffffff

Linker script and memory map

LOAD C:/ST/STM32CubeIDE_1.15.1/STM32CubeIDE/plugins/com.st.stm32cube.ide.mcu.externaltools.gnu-tools-for-stm32.12.3.rel1.win32_1.0.200.202406191623/tools/bin/../lib/gcc/arm-none-eabi/12.3.1/thumb/v7e-m+fp/hard/crti.o
LOAD C:/ST/STM32CubeIDE_1.15.1/STM32CubeIDE/plugins/com.st.stm32cube.ide.mcu.externaltools.gnu-tools-for-stm32.12.3.rel1.win32_1.0.200.202406191623/tools/bin/../lib/gcc/arm-none-eabi/12.3.1/thumb/v7e-m+fp/hard/crtbegin.o
LOAD C:/ST/STM32CubeIDE_1.15.1/STM32CubeIDE/plugins/com.st.stm32cube.ide.mcu.externaltools.gnu-tools-for-stm32.12.3.rel1.win32_1.0.200.202406191623/tools/bin/../lib/gcc/arm-none-eabi/12.3.1/../../../../arm-none-eabi/lib/thumb/v7e-m+fp/hard/crt0.o
LOAD ./Core/Src/SD.o
LOAD ./Core/Src/main.o
LOAD ./Core/Src/stm32f4xx_hal_msp.o
LOAD ./Core/Src/stm32f4xx_it.o
LOAD ./Core/Src/syscalls.o
LOAD ./Core/Src/sysmem.o
LOAD ./Core/Src/system_stm32f4xx.o
LOAD ./Core/Startup/startup_stm32f407vgtx.o
LOAD ./Drivers/BSP/STM32F4xx_Discovery_407/Src/stm32f4xx_nucleo_144.o
LOAD ./Drivers/STM32F4xx_HAL_Driver/Src/stm32f4xx_hal.o
LOAD ./Drivers/STM32F4xx_HAL_Driver/Src/stm32f4xx_hal_cortex.o
LOAD ./Drivers/STM32F4xx_HAL_Driver/Src/stm32f4xx_hal_dma.o
LOAD ./Drivers/STM32F4xx_HAL_Driver/Src/stm32f4xx_hal_dma_ex.o
LOAD ./Drivers/STM32F4xx_HAL_Driver/Src/stm32f4xx_hal_exti.o
LOAD ./Drivers/STM32F4xx_HAL_Driver/Src/stm32f4xx_hal_flash.o
LOAD ./Drivers/STM32F4xx_HAL_Driver/Src/stm32f4xx_hal_flash_ex.o
LOAD ./Drivers/STM32F4xx_HAL_Driver/Src/stm32f4xx_hal_flash_ramfunc.o
LOAD ./Drivers/STM32F4xx_HAL_Driver/Src/stm32f4xx_hal_gpio.o
LOAD ./Drivers/STM32F4xx_HAL_Driver/Src/stm32f4xx_hal_pwr.o
LOAD ./Drivers/STM32F4xx_HAL_Driver/Src/stm32f4xx_hal_pwr_ex.o
LOAD ./Drivers/STM32F4xx_HAL_Driver/Src/stm32f4xx_hal_rcc.o
LOAD ./Drivers/STM32F4xx_HAL_Driver/Src/stm32f4xx_hal_rcc_ex.o
LOAD ./Drivers/STM32F4xx_HAL_Driver/Src/stm32f4xx_hal_sd.o
LOAD ./Drivers/STM32F4xx_HAL_Driver/Src/stm32f4xx_hal_spi.o
LOAD ./Drivers/STM32F4xx_HAL_Driver/Src/stm32f4xx_hal_tim.o
LOAD ./Drivers/STM32F4xx_HAL_Driver/Src/stm32f4xx_hal_tim_ex.o
LOAD ./Drivers/STM32F4xx_HAL_Driver/Src/stm32f4xx_ll_sdmmc.o
LOAD ./FATFS/App/fatfs.o
LOAD ./FATFS/Target/bsp_driver_sd.o
LOAD ./FATFS/Target/sd_diskio.o
LOAD ./Middlewares/Third_Party/FatFs/src/diskio.o
LOAD ./Middlewares/Third_Party/FatFs/src/ff.o
LOAD ./Middlewares/Third_Party/FatFs/src/ff_gen_drv.o
LOAD ./Middlewares/Third_Party/FatFs/src/option/ccsbcs.o
LOAD ./Middlewares/Third_Party/FatFs/src/option/syscall.o
LOAD ./embeddedWebSrv/resources/index_html.o
LOAD ./embeddedWebSrv/resources/timer_ssi.o
LOAD ./embeddedWebSrv/src/GPS.o
LOAD ./embeddedWebSrv/src/LoremIpsum.o
LOAD ./embeddedWebSrv/src/helperFunctions.o
LOAD ./embeddedWebSrv/src/http_SSI_replacer.o
LOAD ./embeddedWebSrv/src/http_cgi.o
LOAD ./embeddedWebSrv/src/http_file.o
LOAD ./embeddedWebSrv/src/http_local_filesystem.o
LOAD ./embeddedWebSrv/src/http_net.o
LOAD ./embeddedWebSrv/src/http_request_parser.o
LOAD ./embeddedWebSrv/src/http_response.o
LOAD ./embeddedWebSrv/src/http_server.o
LOAD ./embeddedWebSrv/src/http_server_platform.o
LOAD ./embeddedWebSrv/src/imu.o
LOAD ./winc1500/bsp/source/nm_bsp_stm32f407.o
LOAD ./winc1500/bus_wrapper/source/nm_bus_wrapper_stm32f407.o
LOAD ./winc1500/common/source/nm_common.o
LOAD ./winc1500/driver/source/m2m_ate_mode.o
LOAD ./winc1500/driver/source/m2m_crypto.o
LOAD ./winc1500/driver/source/m2m_hif.o
LOAD ./winc1500/driver/source/m2m_ota.o
LOAD ./winc1500/driver/source/m2m_periph.o
LOAD ./winc1500/driver/source/m2m_ssl.o
LOAD ./winc1500/driver/source/m2m_wifi.o
LOAD ./winc1500/driver/source/nmasic.o
LOAD ./winc1500/driver/source/nmbus.o
LOAD ./winc1500/driver/source/nmdrv.o
LOAD ./winc1500/driver/source/nmi2c.o
LOAD ./winc1500/driver/source/nmspi.o
LOAD ./winc1500/driver/source/nmuart.o
LOAD ./winc1500/root_cert/X509/asn1.o
LOAD ./winc1500/root_cert/X509/hash.o
LOAD ./winc1500/root_cert/X509/x509_cert.o
LOAD ./winc1500/root_cert/root_setup.o
LOAD ./winc1500/socket/source/socket.o
LOAD ./winc1500/spi_flash/source/spi_flash.o
START GROUP
LOAD C:/ST/STM32CubeIDE_1.15.1/STM32CubeIDE/plugins/com.st.stm32cube.ide.mcu.externaltools.gnu-tools-for-stm32.12.3.rel1.win32_1.0.200.202406191623/tools/bin/../lib/gcc/arm-none-eabi/12.3.1/../../../../arm-none-eabi/lib/thumb/v7e-m+fp/hard\libc_nano.a
LOAD C:/ST/STM32CubeIDE_1.15.1/STM32CubeIDE/plugins/com.st.stm32cube.ide.mcu.externaltools.gnu-tools-for-stm32.12.3.rel1.win32_1.0.200.202406191623/tools/bin/../lib/gcc/arm-none-eabi/12.3.1/../../../../arm-none-eabi/lib/thumb/v7e-m+fp/hard\libm.a
END GROUP
START GROUP
LOAD C:/ST/STM32CubeIDE_1.15.1/STM32CubeIDE/plugins/com.st.stm32cube.ide.mcu.externaltools.gnu-tools-for-stm32.12.3.rel1.win32_1.0.200.202406191623/tools/bin/../lib/gcc/arm-none-eabi/12.3.1/thumb/v7e-m+fp/hard\libgcc.a
LOAD C:/ST/STM32CubeIDE_1.15.1/STM32CubeIDE/plugins/com.st.stm32cube.ide.mcu.externaltools.gnu-tools-for-stm32.12.3.rel1.win32_1.0.200.202406191623/tools/bin/../lib/gcc/arm-none-eabi/12.3.1/../../../../arm-none-eabi/lib/thumb/v7e-m+fp/hard\libc_nano.a
END GROUP
START GROUP
LOAD C:/ST/STM32CubeIDE_1.15.1/STM32CubeIDE/plugins/com.st.stm32cube.ide.mcu.externaltools.gnu-tools-for-stm32.12.3.rel1.win32_1.0.200.202406191623/tools/bin/../lib/gcc/arm-none-eabi/12.3.1/thumb/v7e-m+fp/hard\libgcc.a
LOAD C:/ST/STM32CubeIDE_1.15.1/STM32CubeIDE/plugins/com.st.stm32cube.ide.mcu.externaltools.gnu-tools-for-stm32.12.3.rel1.win32_1.0.200.202406191623/tools/bin/../lib/gcc/arm-none-eabi/12.3.1/../../../../arm-none-eabi/lib/thumb/v7e-m+fp/hard\libc_nano.a
LOAD C:/ST/STM32CubeIDE_1.15.1/STM32CubeIDE/plugins/com.st.stm32cube.ide.mcu.externaltools.gnu-tools-for-stm32.12.3.rel1.win32_1.0.200.202406191623/tools/bin/../lib/gcc/arm-none-eabi/12.3.1/../../../../arm-none-eabi/lib/thumb/v7e-m+fp/hard\libnosys.a
END GROUP
START GROUP
LOAD C:/ST/STM32CubeIDE_1.15.1/STM32CubeIDE/plugins/com.st.stm32cube.ide.mcu.externaltools.gnu-tools-for-stm32.12.3.rel1.win32_1.0.200.202406191623/tools/bin/../lib/gcc/arm-none-eabi/12.3.1/thumb/v7e-m+fp/hard\libgcc.a
LOAD C:/ST/STM32CubeIDE_1.15.1/STM32CubeIDE/plugins/com.st.stm32cube.ide.mcu.externaltools.gnu-tools-for-stm32.12.3.rel1.win32_1.0.200.202406191623/tools/bin/../lib/gcc/arm-none-eabi/12.3.1/../../../../arm-none-eabi/lib/thumb/v7e-m+fp/hard\libc_nano.a
LOAD C:/ST/STM32CubeIDE_1.15.1/STM32CubeIDE/plugins/com.st.stm32cube.ide.mcu.externaltools.gnu-tools-for-stm32.12.3.rel1.win32_1.0.200.202406191623/tools/bin/../lib/gcc/arm-none-eabi/12.3.1/../../../../arm-none-eabi/lib/thumb/v7e-m+fp/hard\libnosys.a
END GROUP
LOAD C:/ST/STM32CubeIDE_1.15.1/STM32CubeIDE/plugins/com.st.stm32cube.ide.mcu.externaltools.gnu-tools-for-stm32.12.3.rel1.win32_1.0.200.202406191623/tools/bin/../lib/gcc/arm-none-eabi/12.3.1/thumb/v7e-m+fp/hard/crtend.o
LOAD C:/ST/STM32CubeIDE_1.15.1/STM32CubeIDE/plugins/com.st.stm32cube.ide.mcu.externaltools.gnu-tools-for-stm32.12.3.rel1.win32_1.0.200.202406191623/tools/bin/../lib/gcc/arm-none-eabi/12.3.1/thumb/v7e-m+fp/hard/crtn.o
                0x20020000                        _estack = (ORIGIN (RAM) + LENGTH (RAM))
                0x00000200                        _Min_Heap_Size = 0x200
                0x00000400                        _Min_Stack_Size = 0x400

.isr_vector     0x08000000      0x188
                0x08000000                        . = ALIGN (0x4)
 *(.isr_vector)
 .isr_vector    0x08000000      0x188 ./Core/Startup/startup_stm32f407vgtx.o
                0x08000000                g_pfnVectors
                0x08000188                        . = ALIGN (0x4)

.text           0x08000190    0x11184
                0x08000190                        . = ALIGN (0x4)
 *(.text)
 .text          0x08000190       0x40 C:/ST/STM32CubeIDE_1.15.1/STM32CubeIDE/plugins/com.st.stm32cube.ide.mcu.externaltools.gnu-tools-for-stm32.12.3.rel1.win32_1.0.200.202406191623/tools/bin/../lib/gcc/arm-none-eabi/12.3.1/thumb/v7e-m+fp/hard/crtbegin.o
 .text          0x080001d0       0x14 C:/ST/STM32CubeIDE_1.15.1/STM32CubeIDE/plugins/com.st.stm32cube.ide.mcu.externaltools.gnu-tools-for-stm32.12.3.rel1.win32_1.0.200.202406191623/tools/bin/../lib/gcc/arm-none-eabi/12.3.1/../../../../arm-none-eabi/lib/thumb/v7e-m+fp/hard\libc_nano.a(libc_a-strcmp.o)
                0x080001d0                strcmp
 .text          0x080001e4       0x10 C:/ST/STM32CubeIDE_1.15.1/STM32CubeIDE/plugins/com.st.stm32cube.ide.mcu.externaltools.gnu-tools-for-stm32.12.3.rel1.win32_1.0.200.202406191623/tools/bin/../lib/gcc/arm-none-eabi/12.3.1/../../../../arm-none-eabi/lib/thumb/v7e-m+fp/hard\libc_nano.a(libc_a-strlen.o)
                0x080001e4                strlen
 *fill*         0x080001f4        0xc 
 .text          0x08000200       0xa0 C:/ST/STM32CubeIDE_1.15.1/STM32CubeIDE/plugins/com.st.stm32cube.ide.mcu.externaltools.gnu-tools-for-stm32.12.3.rel1.win32_1.0.200.202406191623/tools/bin/../lib/gcc/arm-none-eabi/12.3.1/../../../../arm-none-eabi/lib/thumb/v7e-m+fp/hard\libc_nano.a(libc_a-memchr.o)
                0x08000200                memchr
 .text          0x080002a0      0x254 C:/ST/STM32CubeIDE_1.15.1/STM32CubeIDE/plugins/com.st.stm32cube.ide.mcu.externaltools.gnu-tools-for-stm32.12.3.rel1.win32_1.0.200.202406191623/tools/bin/../lib/gcc/arm-none-eabi/12.3.1/thumb/v7e-m+fp/hard\libgcc.a(_arm_muldf3.o)
                0x080002a0                __muldf3
                0x080002a0                __aeabi_dmul
 .text          0x080004f4      0x378 C:/ST/STM32CubeIDE_1.15.1/STM32CubeIDE/plugins/com.st.stm32cube.ide.mcu.externaltools.gnu-tools-for-stm32.12.3.rel1.win32_1.0.200.202406191623/tools/bin/../lib/gcc/arm-none-eabi/12.3.1/thumb/v7e-m+fp/hard\libgcc.a(_arm_addsubdf3.o)
                0x080004f4                __aeabi_drsub
                0x080004fc                __aeabi_dsub
                0x080004fc                __subdf3
                0x08000500                __aeabi_dadd
                0x08000500                __adddf3
                0x08000778                __floatunsidf
                0x08000778                __aeabi_ui2d
                0x08000798                __floatsidf
                0x08000798                __aeabi_i2d
                0x080007bc                __aeabi_f2d
                0x080007bc                __extendsfdf2
                0x08000800                __floatundidf
                0x08000800                __aeabi_ul2d
                0x08000810                __floatdidf
                0x08000810                __aeabi_l2d
 .text          0x0800086c       0x40 C:/ST/STM32CubeIDE_1.15.1/STM32CubeIDE/plugins/com.st.stm32cube.ide.mcu.externaltools.gnu-tools-for-stm32.12.3.rel1.win32_1.0.200.202406191623/tools/bin/../lib/gcc/arm-none-eabi/12.3.1/thumb/v7e-m+fp/hard\libgcc.a(_arm_fixunsdfsi.o)
                0x0800086c                __aeabi_d2uiz
                0x0800086c                __fixunsdfsi
 .text          0x080008ac       0x30 C:/ST/STM32CubeIDE_1.15.1/STM32CubeIDE/plugins/com.st.stm32cube.ide.mcu.externaltools.gnu-tools-for-stm32.12.3.rel1.win32_1.0.200.202406191623/tools/bin/../lib/gcc/arm-none-eabi/12.3.1/thumb/v7e-m+fp/hard\libgcc.a(_aeabi_uldivmod.o)
                0x080008ac                __aeabi_uldivmod
 .text          0x080008dc      0x2bc C:/ST/STM32CubeIDE_1.15.1/STM32CubeIDE/plugins/com.st.stm32cube.ide.mcu.externaltools.gnu-tools-for-stm32.12.3.rel1.win32_1.0.200.202406191623/tools/bin/../lib/gcc/arm-none-eabi/12.3.1/thumb/v7e-m+fp/hard\libgcc.a(_udivmoddi4.o)
                0x080008dc                __udivmoddi4
 .text          0x08000b98        0x4 C:/ST/STM32CubeIDE_1.15.1/STM32CubeIDE/plugins/com.st.stm32cube.ide.mcu.externaltools.gnu-tools-for-stm32.12.3.rel1.win32_1.0.200.202406191623/tools/bin/../lib/gcc/arm-none-eabi/12.3.1/thumb/v7e-m+fp/hard\libgcc.a(_dvmd_tls.o)
                0x08000b98                __aeabi_idiv0
                0x08000b98                __aeabi_ldiv0
 *(.text*)
 .text.SD_Card_Init
                0x08000b9c       0xf4 ./Core/Src/SD.o
                0x08000b9c                SD_Card_Init
 .text.list_dir
                0x08000c90      0x19c ./Core/Src/SD.o
                0x08000c90                list_dir
 .text.EXTI15_10_IRQHandler
                0x08000e2c       0x2c ./Core/Src/main.o
                0x08000e2c                EXTI15_10_IRQHandler
 .text.HAL_GPIO_EXTI_Callback
                0x08000e58       0x1e ./Core/Src/main.o
                0x08000e58                HAL_GPIO_EXTI_Callback
 *fill*         0x08000e76        0x2 
 .text.socket_cb
                0x08000e78      0x180 ./Core/Src/main.o
 .text.wifi_cb  0x08000ff8       0x88 ./Core/Src/main.o
 .text.main     0x08001080      0x190 ./Core/Src/main.o
                0x08001080                main
 .text.SystemClock_Config
                0x08001210       0xd0 ./Core/Src/main.o
                0x08001210                SystemClock_Config
 .text.MX_SDIO_SD_Init
                0x080012e0       0x40 ./Core/Src/main.o
 .text.MX_SPI1_Init
                0x08001320       0x6c ./Core/Src/main.o
 .text.MX_GPIO_Init
                0x0800138c      0x278 ./Core/Src/main.o
 .text.Error_Handler
                0x08001604        0xc ./Core/Src/main.o
                0x08001604                Error_Handler
 .text.HAL_MspInit
                0x08001610       0x50 ./Core/Src/stm32f4xx_hal_msp.o
                0x08001610                HAL_MspInit
 .text.HAL_SD_MspInit
                0x08001660       0xf4 ./Core/Src/stm32f4xx_hal_msp.o
                0x08001660                HAL_SD_MspInit
 .text.HAL_SPI_MspInit
                0x08001754       0xb8 ./Core/Src/stm32f4xx_hal_msp.o
                0x08001754                HAL_SPI_MspInit
 .text.NMI_Handler
                0x0800180c        0x8 ./Core/Src/stm32f4xx_it.o
                0x0800180c                NMI_Handler
 .text.HardFault_Handler
                0x08001814        0x8 ./Core/Src/stm32f4xx_it.o
                0x08001814                HardFault_Handler
 .text.MemManage_Handler
                0x0800181c        0x8 ./Core/Src/stm32f4xx_it.o
                0x0800181c                MemManage_Handler
 .text.BusFault_Handler
                0x08001824        0x8 ./Core/Src/stm32f4xx_it.o
                0x08001824                BusFault_Handler
 .text.UsageFault_Handler
                0x0800182c        0x8 ./Core/Src/stm32f4xx_it.o
                0x0800182c                UsageFault_Handler
 .text.SVC_Handler
                0x08001834        0xe ./Core/Src/stm32f4xx_it.o
                0x08001834                SVC_Handler
 .text.DebugMon_Handler
                0x08001842        0xe ./Core/Src/stm32f4xx_it.o
                0x08001842                DebugMon_Handler
 .text.PendSV_Handler
                0x08001850        0xe ./Core/Src/stm32f4xx_it.o
                0x08001850                PendSV_Handler
 .text.SysTick_Handler
                0x0800185e        0xc ./Core/Src/stm32f4xx_it.o
                0x0800185e                SysTick_Handler
 *fill*         0x0800186a        0x2 
 .text.ITM_SendChar
                0x0800186c       0x50 ./Core/Src/syscalls.o
                0x0800186c                ITM_SendChar
 .text._getpid  0x080018bc       0x10 ./Core/Src/syscalls.o
                0x080018bc                _getpid
 .text._kill    0x080018cc       0x20 ./Core/Src/syscalls.o
                0x080018cc                _kill
 .text._exit    0x080018ec       0x16 ./Core/Src/syscalls.o
                0x080018ec                _exit
 .text._read    0x08001902       0x3a ./Core/Src/syscalls.o
                0x08001902                _read
 .text._write   0x0800193c       0x38 ./Core/Src/syscalls.o
                0x0800193c                _write
 .text._close   0x08001974       0x18 ./Core/Src/syscalls.o
                0x08001974                _close
 .text._fstat   0x0800198c       0x20 ./Core/Src/syscalls.o
                0x0800198c                _fstat
 .text._isatty  0x080019ac       0x16 ./Core/Src/syscalls.o
                0x080019ac                _isatty
 .text._lseek   0x080019c2       0x1a ./Core/Src/syscalls.o
                0x080019c2                _lseek
 .text._sbrk    0x080019dc       0x6c ./Core/Src/sysmem.o
                0x080019dc                _sbrk
 .text.SystemInit
                0x08001a48       0x24 ./Core/Src/system_stm32f4xx.o
                0x08001a48                SystemInit
 .text.Reset_Handler
                0x08001a6c       0x50 ./Core/Startup/startup_stm32f407vgtx.o
                0x08001a6c                Reset_Handler
 .text.Default_Handler
                0x08001abc        0x2 ./Core/Startup/startup_stm32f407vgtx.o
                0x08001abc                RTC_Alarm_IRQHandler
                0x08001abc                HASH_RNG_IRQHandler
                0x08001abc                EXTI2_IRQHandler
                0x08001abc                TIM8_CC_IRQHandler
                0x08001abc                TIM1_CC_IRQHandler
                0x08001abc                DMA2_Stream5_IRQHandler
                0x08001abc                DMA1_Stream5_IRQHandler
                0x08001abc                PVD_IRQHandler
                0x08001abc                SDIO_IRQHandler
                0x08001abc                TAMP_STAMP_IRQHandler
                0x08001abc                CAN2_RX1_IRQHandler
                0x08001abc                EXTI3_IRQHandler
                0x08001abc                TIM8_TRG_COM_TIM14_IRQHandler
                0x08001abc                TIM1_UP_TIM10_IRQHandler
                0x08001abc                TIM8_UP_TIM13_IRQHandler
                0x08001abc                I2C3_ER_IRQHandler
                0x08001abc                EXTI0_IRQHandler
                0x08001abc                I2C2_EV_IRQHandler
                0x08001abc                DMA1_Stream2_IRQHandler
                0x08001abc                CAN1_RX0_IRQHandler
                0x08001abc                FPU_IRQHandler
                0x08001abc                OTG_HS_WKUP_IRQHandler
                0x08001abc                CAN2_SCE_IRQHandler
                0x08001abc                DMA2_Stream2_IRQHandler
                0x08001abc                SPI1_IRQHandler
                0x08001abc                TIM6_DAC_IRQHandler
                0x08001abc                TIM1_BRK_TIM9_IRQHandler
                0x08001abc                DCMI_IRQHandler
                0x08001abc                CAN2_RX0_IRQHandler
                0x08001abc                DMA2_Stream3_IRQHandler
                0x08001abc                USART6_IRQHandler
                0x08001abc                USART3_IRQHandler
                0x08001abc                CAN1_RX1_IRQHandler
                0x08001abc                UART5_IRQHandler
                0x08001abc                DMA2_Stream0_IRQHandler
                0x08001abc                TIM4_IRQHandler
                0x08001abc                I2C1_EV_IRQHandler
                0x08001abc                DMA1_Stream6_IRQHandler
                0x08001abc                DMA1_Stream1_IRQHandler
                0x08001abc                UART4_IRQHandler
                0x08001abc                TIM3_IRQHandler
                0x08001abc                RCC_IRQHandler
                0x08001abc                TIM8_BRK_TIM12_IRQHandler
                0x08001abc                Default_Handler
                0x08001abc                ADC_IRQHandler
                0x08001abc                DMA1_Stream7_IRQHandler
                0x08001abc                TIM7_IRQHandler
                0x08001abc                CAN2_TX_IRQHandler
                0x08001abc                TIM5_IRQHandler
                0x08001abc                DMA2_Stream7_IRQHandler
                0x08001abc                I2C3_EV_IRQHandler
                0x08001abc                EXTI9_5_IRQHandler
                0x08001abc                RTC_WKUP_IRQHandler
                0x08001abc                ETH_WKUP_IRQHandler
                0x08001abc                SPI2_IRQHandler
                0x08001abc                OTG_HS_EP1_IN_IRQHandler
                0x08001abc                DMA1_Stream0_IRQHandler
                0x08001abc                CAN1_TX_IRQHandler
                0x08001abc                EXTI4_IRQHandler
                0x08001abc                FSMC_IRQHandler
                0x08001abc                ETH_IRQHandler
                0x08001abc                OTG_HS_EP1_OUT_IRQHandler
                0x08001abc                WWDG_IRQHandler
                0x08001abc                TIM2_IRQHandler
                0x08001abc                OTG_FS_WKUP_IRQHandler
                0x08001abc                TIM1_TRG_COM_TIM11_IRQHandler
                0x08001abc                OTG_HS_IRQHandler
                0x08001abc                EXTI1_IRQHandler
                0x08001abc                USART2_IRQHandler
                0x08001abc                I2C2_ER_IRQHandler
                0x08001abc                DMA2_Stream1_IRQHandler
                0x08001abc                CAN1_SCE_IRQHandler
                0x08001abc                FLASH_IRQHandler
                0x08001abc                DMA2_Stream4_IRQHandler
                0x08001abc                USART1_IRQHandler
                0x08001abc                OTG_FS_IRQHandler
                0x08001abc                SPI3_IRQHandler
                0x08001abc                DMA1_Stream4_IRQHandler
                0x08001abc                I2C1_ER_IRQHandler
                0x08001abc                DMA2_Stream6_IRQHandler
                0x08001abc                DMA1_Stream3_IRQHandler
 *fill*         0x08001abe        0x2 
 .text.BSP_LED_On
                0x08001ac0       0x34 ./Drivers/BSP/STM32F4xx_Discovery_407/Src/stm32f4xx_nucleo_144.o
                0x08001ac0                BSP_LED_On
 .text.BSP_LED_Off
                0x08001af4       0x34 ./Drivers/BSP/STM32F4xx_Discovery_407/Src/stm32f4xx_nucleo_144.o
                0x08001af4                BSP_LED_Off
 .text.BSP_LED_Toggle
                0x08001b28       0x34 ./Drivers/BSP/STM32F4xx_Discovery_407/Src/stm32f4xx_nucleo_144.o
                0x08001b28                BSP_LED_Toggle
 .text.HAL_Init
                0x08001b5c       0x44 ./Drivers/STM32F4xx_HAL_Driver/Src/stm32f4xx_hal.o
                0x08001b5c                HAL_Init
 .text.HAL_InitTick
                0x08001ba0       0x60 ./Drivers/STM32F4xx_HAL_Driver/Src/stm32f4xx_hal.o
                0x08001ba0                HAL_InitTick
 .text.HAL_IncTick
                0x08001c00       0x28 ./Drivers/STM32F4xx_HAL_Driver/Src/stm32f4xx_hal.o
                0x08001c00                HAL_IncTick
 .text.HAL_GetTick
                0x08001c28       0x18 ./Drivers/STM32F4xx_HAL_Driver/Src/stm32f4xx_hal.o
                0x08001c28                HAL_GetTick
 .text.HAL_Delay
                0x08001c40       0x48 ./Drivers/STM32F4xx_HAL_Driver/Src/stm32f4xx_hal.o
                0x08001c40                HAL_Delay
 .text.__NVIC_SetPriorityGrouping
                0x08001c88       0x48 ./Drivers/STM32F4xx_HAL_Driver/Src/stm32f4xx_hal_cortex.o
 .text.__NVIC_GetPriorityGrouping
                0x08001cd0       0x1c ./Drivers/STM32F4xx_HAL_Driver/Src/stm32f4xx_hal_cortex.o
 .text.__NVIC_EnableIRQ
                0x08001cec       0x3c ./Drivers/STM32F4xx_HAL_Driver/Src/stm32f4xx_hal_cortex.o
 .text.__NVIC_DisableIRQ
                0x08001d28       0x48 ./Drivers/STM32F4xx_HAL_Driver/Src/stm32f4xx_hal_cortex.o
 .text.__NVIC_SetPriority
                0x08001d70       0x54 ./Drivers/STM32F4xx_HAL_Driver/Src/stm32f4xx_hal_cortex.o
 .text.NVIC_EncodePriority
                0x08001dc4       0x66 ./Drivers/STM32F4xx_HAL_Driver/Src/stm32f4xx_hal_cortex.o
 *fill*         0x08001e2a        0x2 
 .text.SysTick_Config
                0x08001e2c       0x44 ./Drivers/STM32F4xx_HAL_Driver/Src/stm32f4xx_hal_cortex.o
 .text.HAL_NVIC_SetPriorityGrouping
                0x08001e70       0x16 ./Drivers/STM32F4xx_HAL_Driver/Src/stm32f4xx_hal_cortex.o
                0x08001e70                HAL_NVIC_SetPriorityGrouping
 .text.HAL_NVIC_SetPriority
                0x08001e86       0x38 ./Drivers/STM32F4xx_HAL_Driver/Src/stm32f4xx_hal_cortex.o
                0x08001e86                HAL_NVIC_SetPriority
 .text.HAL_NVIC_EnableIRQ
                0x08001ebe       0x1c ./Drivers/STM32F4xx_HAL_Driver/Src/stm32f4xx_hal_cortex.o
                0x08001ebe                HAL_NVIC_EnableIRQ
 .text.HAL_NVIC_DisableIRQ
                0x08001eda       0x1c ./Drivers/STM32F4xx_HAL_Driver/Src/stm32f4xx_hal_cortex.o
                0x08001eda                HAL_NVIC_DisableIRQ
 .text.HAL_SYSTICK_Config
                0x08001ef6       0x18 ./Drivers/STM32F4xx_HAL_Driver/Src/stm32f4xx_hal_cortex.o
                0x08001ef6                HAL_SYSTICK_Config
 *fill*         0x08001f0e        0x2 
 .text.HAL_GPIO_Init
                0x08001f10      0x338 ./Drivers/STM32F4xx_HAL_Driver/Src/stm32f4xx_hal_gpio.o
                0x08001f10                HAL_GPIO_Init
 .text.HAL_GPIO_ReadPin
                0x08002248       0x30 ./Drivers/STM32F4xx_HAL_Driver/Src/stm32f4xx_hal_gpio.o
                0x08002248                HAL_GPIO_ReadPin
 .text.HAL_GPIO_WritePin
                0x08002278       0x32 ./Drivers/STM32F4xx_HAL_Driver/Src/stm32f4xx_hal_gpio.o
                0x08002278                HAL_GPIO_WritePin
 .text.HAL_GPIO_TogglePin
                0x080022aa       0x34 ./Drivers/STM32F4xx_HAL_Driver/Src/stm32f4xx_hal_gpio.o
                0x080022aa                HAL_GPIO_TogglePin
 *fill*         0x080022de        0x2 
 .text.HAL_GPIO_EXTI_IRQHandler
                0x080022e0       0x30 ./Drivers/STM32F4xx_HAL_Driver/Src/stm32f4xx_hal_gpio.o
                0x080022e0                HAL_GPIO_EXTI_IRQHandler
 .text.HAL_RCC_OscConfig
                0x08002310      0x4f0 ./Drivers/STM32F4xx_HAL_Driver/Src/stm32f4xx_hal_rcc.o
                0x08002310                HAL_RCC_OscConfig
 .text.HAL_RCC_ClockConfig
                0x08002800      0x1cc ./Drivers/STM32F4xx_HAL_Driver/Src/stm32f4xx_hal_rcc.o
                0x08002800                HAL_RCC_ClockConfig
 .text.HAL_RCC_GetSysClockFreq
                0x080029cc      0x20c ./Drivers/STM32F4xx_HAL_Driver/Src/stm32f4xx_hal_rcc.o
                0x080029cc                HAL_RCC_GetSysClockFreq
 .text.HAL_SD_Init
                0x08002bd8       0x60 ./Drivers/STM32F4xx_HAL_Driver/Src/stm32f4xx_hal_sd.o
                0x08002bd8                HAL_SD_Init
 .text.HAL_SD_InitCard
                0x08002c38      0x100 ./Drivers/STM32F4xx_HAL_Driver/Src/stm32f4xx_hal_sd.o
                0x08002c38                HAL_SD_InitCard
 .text.HAL_SD_ReadBlocks
                0x08002d38      0x3cc ./Drivers/STM32F4xx_HAL_Driver/Src/stm32f4xx_hal_sd.o
                0x08002d38                HAL_SD_ReadBlocks
 .text.HAL_SD_WriteBlocks
                0x08003104      0x31c ./Drivers/STM32F4xx_HAL_Driver/Src/stm32f4xx_hal_sd.o
                0x08003104                HAL_SD_WriteBlocks
 .text.HAL_SD_GetCardCSD
                0x08003420      0x348 ./Drivers/STM32F4xx_HAL_Driver/Src/stm32f4xx_hal_sd.o
                0x08003420                HAL_SD_GetCardCSD
 .text.HAL_SD_GetCardInfo
                0x08003768       0x58 ./Drivers/STM32F4xx_HAL_Driver/Src/stm32f4xx_hal_sd.o
                0x08003768                HAL_SD_GetCardInfo
 .text.HAL_SD_GetCardState
                0x080037c0       0x40 ./Drivers/STM32F4xx_HAL_Driver/Src/stm32f4xx_hal_sd.o
                0x080037c0                HAL_SD_GetCardState
 .text.SD_InitCard
                0x08003800      0x19c ./Drivers/STM32F4xx_HAL_Driver/Src/stm32f4xx_hal_sd.o
 .text.SD_PowerON
                0x0800399c      0x11c ./Drivers/STM32F4xx_HAL_Driver/Src/stm32f4xx_hal_sd.o
 .text.SD_SendStatus
                0x08003ab8       0x50 ./Drivers/STM32F4xx_HAL_Driver/Src/stm32f4xx_hal_sd.o
 .text.HAL_SPI_Init
                0x08003b08      0x112 ./Drivers/STM32F4xx_HAL_Driver/Src/stm32f4xx_hal_spi.o
                0x08003b08                HAL_SPI_Init
 .text.HAL_SPI_TransmitReceive
                0x08003c1a      0x360 ./Drivers/STM32F4xx_HAL_Driver/Src/stm32f4xx_hal_spi.o
                0x08003c1a                HAL_SPI_TransmitReceive
 *fill*         0x08003f7a        0x2 
 .text.SPI_WaitFlagStateUntilTimeout
                0x08003f7c      0x110 ./Drivers/STM32F4xx_HAL_Driver/Src/stm32f4xx_hal_spi.o
 .text.SPI_EndRxTxTransaction
                0x0800408c       0xa8 ./Drivers/STM32F4xx_HAL_Driver/Src/stm32f4xx_hal_spi.o
 .text.SDIO_Init
                0x08004134       0x56 ./Drivers/STM32F4xx_HAL_Driver/Src/stm32f4xx_ll_sdmmc.o
                0x08004134                SDIO_Init
 .text.SDIO_ReadFIFO
                0x0800418a       0x1a ./Drivers/STM32F4xx_HAL_Driver/Src/stm32f4xx_ll_sdmmc.o
                0x0800418a                SDIO_ReadFIFO
 .text.SDIO_WriteFIFO
                0x080041a4       0x22 ./Drivers/STM32F4xx_HAL_Driver/Src/stm32f4xx_ll_sdmmc.o
                0x080041a4                SDIO_WriteFIFO
 .text.SDIO_PowerState_ON
                0x080041c6       0x1c ./Drivers/STM32F4xx_HAL_Driver/Src/stm32f4xx_ll_sdmmc.o
                0x080041c6                SDIO_PowerState_ON
 .text.SDIO_GetPowerState
                0x080041e2       0x1c ./Drivers/STM32F4xx_HAL_Driver/Src/stm32f4xx_ll_sdmmc.o
                0x080041e2                SDIO_GetPowerState
 .text.SDIO_SendCommand
                0x080041fe       0x54 ./Drivers/STM32F4xx_HAL_Driver/Src/stm32f4xx_ll_sdmmc.o
                0x080041fe                SDIO_SendCommand
 .text.SDIO_GetCommandResponse
                0x08004252       0x1a ./Drivers/STM32F4xx_HAL_Driver/Src/stm32f4xx_ll_sdmmc.o
                0x08004252                SDIO_GetCommandResponse
 .text.SDIO_GetResponse
                0x0800426c       0x26 ./Drivers/STM32F4xx_HAL_Driver/Src/stm32f4xx_ll_sdmmc.o
                0x0800426c                SDIO_GetResponse
 .text.SDIO_ConfigData
                0x08004292       0x58 ./Drivers/STM32F4xx_HAL_Driver/Src/stm32f4xx_ll_sdmmc.o
                0x08004292                SDIO_ConfigData
 .text.SDMMC_CmdBlockLength
                0x080042ea       0x44 ./Drivers/STM32F4xx_HAL_Driver/Src/stm32f4xx_ll_sdmmc.o
                0x080042ea                SDMMC_CmdBlockLength
 .text.SDMMC_CmdReadSingleBlock
                0x0800432e       0x44 ./Drivers/STM32F4xx_HAL_Driver/Src/stm32f4xx_ll_sdmmc.o
                0x0800432e                SDMMC_CmdReadSingleBlock
 .text.SDMMC_CmdReadMultiBlock
                0x08004372       0x44 ./Drivers/STM32F4xx_HAL_Driver/Src/stm32f4xx_ll_sdmmc.o
                0x08004372                SDMMC_CmdReadMultiBlock
 .text.SDMMC_CmdWriteSingleBlock
                0x080043b6       0x44 ./Drivers/STM32F4xx_HAL_Driver/Src/stm32f4xx_ll_sdmmc.o
                0x080043b6                SDMMC_CmdWriteSingleBlock
 .text.SDMMC_CmdWriteMultiBlock
                0x080043fa       0x44 ./Drivers/STM32F4xx_HAL_Driver/Src/stm32f4xx_ll_sdmmc.o
                0x080043fa                SDMMC_CmdWriteMultiBlock
 *fill*         0x0800443e        0x2 
 .text.SDMMC_CmdStopTransfer
                0x08004440       0x44 ./Drivers/STM32F4xx_HAL_Driver/Src/stm32f4xx_ll_sdmmc.o
                0x08004440                SDMMC_CmdStopTransfer
 .text.SDMMC_CmdSelDesel
                0x08004484       0x46 ./Drivers/STM32F4xx_HAL_Driver/Src/stm32f4xx_ll_sdmmc.o
                0x08004484                SDMMC_CmdSelDesel
 .text.SDMMC_CmdGoIdleState
                0x080044ca       0x3c ./Drivers/STM32F4xx_HAL_Driver/Src/stm32f4xx_ll_sdmmc.o
                0x080044ca                SDMMC_CmdGoIdleState
 .text.SDMMC_CmdOperCond
                0x08004506       0x3e ./Drivers/STM32F4xx_HAL_Driver/Src/stm32f4xx_ll_sdmmc.o
                0x08004506                SDMMC_CmdOperCond
 .text.SDMMC_CmdAppCommand
                0x08004544       0x44 ./Drivers/STM32F4xx_HAL_Driver/Src/stm32f4xx_ll_sdmmc.o
                0x08004544                SDMMC_CmdAppCommand
 .text.SDMMC_CmdAppOperCommand
                0x08004588       0x46 ./Drivers/STM32F4xx_HAL_Driver/Src/stm32f4xx_ll_sdmmc.o
                0x08004588                SDMMC_CmdAppOperCommand
 .text.SDMMC_CmdSendCID
                0x080045ce       0x3c ./Drivers/STM32F4xx_HAL_Driver/Src/stm32f4xx_ll_sdmmc.o
                0x080045ce                SDMMC_CmdSendCID
 .text.SDMMC_CmdSendCSD
                0x0800460a       0x3e ./Drivers/STM32F4xx_HAL_Driver/Src/stm32f4xx_ll_sdmmc.o
                0x0800460a                SDMMC_CmdSendCSD
 .text.SDMMC_CmdSetRelAdd
                0x08004648       0x42 ./Drivers/STM32F4xx_HAL_Driver/Src/stm32f4xx_ll_sdmmc.o
                0x08004648                SDMMC_CmdSetRelAdd
 .text.SDMMC_CmdSendStatus
                0x0800468a       0x44 ./Drivers/STM32F4xx_HAL_Driver/Src/stm32f4xx_ll_sdmmc.o
                0x0800468a                SDMMC_CmdSendStatus
 *fill*         0x080046ce        0x2 
 .text.SDMMC_GetCmdResp1
                0x080046d0      0x1dc ./Drivers/STM32F4xx_HAL_Driver/Src/stm32f4xx_ll_sdmmc.o
                0x080046d0                SDMMC_GetCmdResp1
 .text.SDMMC_GetCmdResp2
                0x080048ac       0x90 ./Drivers/STM32F4xx_HAL_Driver/Src/stm32f4xx_ll_sdmmc.o
                0x080048ac                SDMMC_GetCmdResp2
 .text.SDMMC_GetCmdResp3
                0x0800493c       0x7c ./Drivers/STM32F4xx_HAL_Driver/Src/stm32f4xx_ll_sdmmc.o
                0x0800493c                SDMMC_GetCmdResp3
 .text.SDMMC_GetCmdResp6
                0x080049b8       0xec ./Drivers/STM32F4xx_HAL_Driver/Src/stm32f4xx_ll_sdmmc.o
                0x080049b8                SDMMC_GetCmdResp6
 .text.SDMMC_GetCmdResp7
                0x08004aa4       0x9c ./Drivers/STM32F4xx_HAL_Driver/Src/stm32f4xx_ll_sdmmc.o
                0x08004aa4                SDMMC_GetCmdResp7
 .text.SDMMC_GetCmdError
                0x08004b40       0x58 ./Drivers/STM32F4xx_HAL_Driver/Src/stm32f4xx_ll_sdmmc.o
 .text.MX_FATFS_Init
                0x08004b98       0x24 ./FATFS/App/fatfs.o
                0x08004b98                MX_FATFS_Init
 .text.get_fattime
                0x08004bbc       0x10 ./FATFS/App/fatfs.o
                0x08004bbc                get_fattime
 .text.BSP_SD_Init
                0x08004bcc       0x30 ./FATFS/Target/bsp_driver_sd.o
                0x08004bcc                BSP_SD_Init
 .text.BSP_SD_ReadBlocks
                0x08004bfc       0x3c ./FATFS/Target/bsp_driver_sd.o
                0x08004bfc                BSP_SD_ReadBlocks
 .text.BSP_SD_WriteBlocks
                0x08004c38       0x3c ./FATFS/Target/bsp_driver_sd.o
                0x08004c38                BSP_SD_WriteBlocks
 .text.BSP_SD_GetCardState
                0x08004c74       0x20 ./FATFS/Target/bsp_driver_sd.o
                0x08004c74                BSP_SD_GetCardState
 .text.BSP_SD_GetCardInfo
                0x08004c94       0x1c ./FATFS/Target/bsp_driver_sd.o
                0x08004c94                BSP_SD_GetCardInfo
 .text.BSP_SD_IsDetected
                0x08004cb0       0x1a ./FATFS/Target/bsp_driver_sd.o
                0x08004cb0                BSP_SD_IsDetected
 *fill*         0x08004cca        0x2 
 .text.SD_CheckStatus
                0x08004ccc       0x3c ./FATFS/Target/sd_diskio.o
 .text.SD_initialize
                0x08004d08       0x3c ./FATFS/Target/sd_diskio.o
                0x08004d08                SD_initialize
 .text.SD_status
                0x08004d44       0x1c ./FATFS/Target/sd_diskio.o
                0x08004d44                SD_status
 .text.SD_read  0x08004d60       0x42 ./FATFS/Target/sd_diskio.o
                0x08004d60                SD_read
 .text.SD_write
                0x08004da2       0x42 ./FATFS/Target/sd_diskio.o
                0x08004da2                SD_write
 .text.SD_ioctl
                0x08004de4       0xb0 ./FATFS/Target/sd_diskio.o
                0x08004de4                SD_ioctl
 .text.disk_status
                0x08004e94       0x34 ./Middlewares/Third_Party/FatFs/src/diskio.o
                0x08004e94                disk_status
 .text.disk_initialize
                0x08004ec8       0x50 ./Middlewares/Third_Party/FatFs/src/diskio.o
                0x08004ec8                disk_initialize
 .text.disk_read
                0x08004f18       0x40 ./Middlewares/Third_Party/FatFs/src/diskio.o
                0x08004f18                disk_read
 .text.disk_write
                0x08004f58       0x40 ./Middlewares/Third_Party/FatFs/src/diskio.o
                0x08004f58                disk_write
 .text.disk_ioctl
                0x08004f98       0x3c ./Middlewares/Third_Party/FatFs/src/diskio.o
                0x08004f98                disk_ioctl
 .text.ld_word  0x08004fd4       0x30 ./Middlewares/Third_Party/FatFs/src/ff.o
 .text.ld_dword
                0x08005004       0x46 ./Middlewares/Third_Party/FatFs/src/ff.o
 .text.st_word  0x0800504a       0x36 ./Middlewares/Third_Party/FatFs/src/ff.o
 .text.st_dword
                0x08005080       0x58 ./Middlewares/Third_Party/FatFs/src/ff.o
 .text.mem_cpy  0x080050d8       0x42 ./Middlewares/Third_Party/FatFs/src/ff.o
 .text.mem_set  0x0800511a       0x36 ./Middlewares/Third_Party/FatFs/src/ff.o
 .text.mem_cmp  0x08005150       0x4e ./Middlewares/Third_Party/FatFs/src/ff.o
 .text.chk_chr  0x0800519e       0x36 ./Middlewares/Third_Party/FatFs/src/ff.o
 .text.chk_lock
                0x080051d4       0xb8 ./Middlewares/Third_Party/FatFs/src/ff.o
 .text.enq_lock
                0x0800528c       0x44 ./Middlewares/Third_Party/FatFs/src/ff.o
 .text.inc_lock
                0x080052d0      0x11c ./Middlewares/Third_Party/FatFs/src/ff.o
 .text.dec_lock
                0x080053ec       0x78 ./Middlewares/Third_Party/FatFs/src/ff.o
 .text.clear_lock
                0x08005464       0x48 ./Middlewares/Third_Party/FatFs/src/ff.o
 .text.sync_window
                0x080054ac       0x88 ./Middlewares/Third_Party/FatFs/src/ff.o
 .text.move_window
                0x08005534       0x5a ./Middlewares/Third_Party/FatFs/src/ff.o
 *fill*         0x0800558e        0x2 
 .text.sync_fs  0x08005590       0xe0 ./Middlewares/Third_Party/FatFs/src/ff.o
 .text.clust2sect
                0x08005670       0x3e ./Middlewares/Third_Party/FatFs/src/ff.o
 .text.get_fat  0x080056ae      0x1a6 ./Middlewares/Third_Party/FatFs/src/ff.o
 .text.put_fat  0x08005854      0x234 ./Middlewares/Third_Party/FatFs/src/ff.o
 .text.remove_chain
                0x08005a88       0xca ./Middlewares/Third_Party/FatFs/src/ff.o
 .text.create_chain
                0x08005b52      0x130 ./Middlewares/Third_Party/FatFs/src/ff.o
 .text.clmt_clust
                0x08005c82       0x70 ./Middlewares/Third_Party/FatFs/src/ff.o
 .text.dir_sdi  0x08005cf2      0x112 ./Middlewares/Third_Party/FatFs/src/ff.o
 .text.dir_next
                0x08005e04      0x1ac ./Middlewares/Third_Party/FatFs/src/ff.o
 .text.dir_alloc
                0x08005fb0       0x8e ./Middlewares/Third_Party/FatFs/src/ff.o
 .text.ld_clust
                0x0800603e       0x3e ./Middlewares/Third_Party/FatFs/src/ff.o
 .text.st_clust
                0x0800607c       0x40 ./Middlewares/Third_Party/FatFs/src/ff.o
 .text.cmp_lfn  0x080060bc       0xe0 ./Middlewares/Third_Party/FatFs/src/ff.o
 .text.pick_lfn
                0x0800619c       0xc8 ./Middlewares/Third_Party/FatFs/src/ff.o
 .text.put_lfn  0x08006264       0xd0 ./Middlewares/Third_Party/FatFs/src/ff.o
 .text.gen_numname
                0x08006334      0x11c ./Middlewares/Third_Party/FatFs/src/ff.o
 .text.sum_sfn  0x08006450       0x42 ./Middlewares/Third_Party/FatFs/src/ff.o
 .text.dir_read
                0x08006492      0x14e ./Middlewares/Third_Party/FatFs/src/ff.o
 .text.dir_find
                0x080065e0      0x180 ./Middlewares/Third_Party/FatFs/src/ff.o
 .text.dir_register
                0x08006760      0x1f0 ./Middlewares/Third_Party/FatFs/src/ff.o
 .text.get_fileinfo
                0x08006950      0x1bc ./Middlewares/Third_Party/FatFs/src/ff.o
 .text.create_name
                0x08006b0c      0x370 ./Middlewares/Third_Party/FatFs/src/ff.o
 .text.follow_path
                0x08006e7c       0xec ./Middlewares/Third_Party/FatFs/src/ff.o
 .text.get_ldnumber
                0x08006f68       0x88 ./Middlewares/Third_Party/FatFs/src/ff.o
 .text.check_fs
                0x08006ff0       0xac ./Middlewares/Third_Party/FatFs/src/ff.o
 .text.find_volume
                0x0800709c      0x50c ./Middlewares/Third_Party/FatFs/src/ff.o
 .text.validate
                0x080075a8       0x6a ./Middlewares/Third_Party/FatFs/src/ff.o
 *fill*         0x08007612        0x2 
 .text.f_mount  0x08007614       0x8c ./Middlewares/Third_Party/FatFs/src/ff.o
                0x08007614                f_mount
 .text.f_open   0x080076a0      0x390 ./Middlewares/Third_Party/FatFs/src/ff.o
                0x080076a0                f_open
 .text.f_read   0x08007a30      0x2be ./Middlewares/Third_Party/FatFs/src/ff.o
                0x08007a30                f_read
 .text.f_sync   0x08007cee       0xfc ./Middlewares/Third_Party/FatFs/src/ff.o
                0x08007cee                f_sync
 .text.f_close  0x08007dea       0x54 ./Middlewares/Third_Party/FatFs/src/ff.o
                0x08007dea                f_close
 .text.f_opendir
                0x08007e3e       0xe6 ./Middlewares/Third_Party/FatFs/src/ff.o
                0x08007e3e                f_opendir
 .text.f_closedir
                0x08007f24       0x4c ./Middlewares/Third_Party/FatFs/src/ff.o
                0x08007f24                f_closedir
 .text.f_readdir
                0x08007f70       0x7a ./Middlewares/Third_Party/FatFs/src/ff.o
                0x08007f70                f_readdir
 .text.f_stat   0x08007fea       0x72 ./Middlewares/Third_Party/FatFs/src/ff.o
                0x08007fea                f_stat
 .text.f_getfree
                0x0800805c      0x16a ./Middlewares/Third_Party/FatFs/src/ff.o
                0x0800805c                f_getfree
 *fill*         0x080081c6        0x2 
 .text.FATFS_LinkDriverEx
                0x080081c8       0x98 ./Middlewares/Third_Party/FatFs/src/ff_gen_drv.o
                0x080081c8                FATFS_LinkDriverEx
 .text.FATFS_LinkDriver
                0x08008260       0x1e ./Middlewares/Third_Party/FatFs/src/ff_gen_drv.o
                0x08008260                FATFS_LinkDriver
 *fill*         0x0800827e        0x2 
 .text.ff_convert
                0x08008280       0x78 ./Middlewares/Third_Party/FatFs/src/option/ccsbcs.o
                0x08008280                ff_convert
 .text.ff_wtoupper
                0x080082f8      0x114 ./Middlewares/Third_Party/FatFs/src/option/ccsbcs.o
                0x080082f8                ff_wtoupper
 .text.toggle_LED
                0x0800840c       0xa4 ./embeddedWebSrv/src/GPS.o
                0x0800840c                toggle_LED
 .text.Data     0x080084b0       0x24 ./embeddedWebSrv/src/LoremIpsum.o
                0x080084b0                Data
 .text.ishex    0x080084d4       0x3e ./embeddedWebSrv/src/helperFunctions.o
 *fill*         0x08008512        0x2 
 .text.url_decode
                0x08008514       0xac ./embeddedWebSrv/src/helperFunctions.o
                0x08008514                url_decode
 .text.http_SSI_get_replacer_string
                0x080085c0       0x68 ./embeddedWebSrv/src/http_SSI_replacer.o
                0x080085c0                http_SSI_get_replacer_string
 .text.http_SSI_register_replacer
                0x08008628       0xf0 ./embeddedWebSrv/src/http_SSI_replacer.o
                0x08008628                http_SSI_register_replacer
 .text.http_SSI_deRegister_all
                0x08008718       0x5c ./embeddedWebSrv/src/http_SSI_replacer.o
                0x08008718                http_SSI_deRegister_all
 .text.http_CGI_exec_pathFunction
                0x08008774       0x80 ./embeddedWebSrv/src/http_cgi.o
                0x08008774                http_CGI_exec_pathFunction
 .text.http_CGI_register_pathFunction
                0x080087f4      0x138 ./embeddedWebSrv/src/http_cgi.o
                0x080087f4                http_CGI_register_pathFunction
 .text.http_cgi_get_contentType
                0x0800892c       0x22 ./embeddedWebSrv/src/http_cgi.o
                0x0800892c                http_cgi_get_contentType
 *fill*         0x0800894e        0x2 
 .text.http_CGI_get_pathFunctionHandle
                0x08008950       0x6c ./embeddedWebSrv/src/http_cgi.o
                0x08008950                http_CGI_get_pathFunctionHandle
 .text.http_file_init_fopsStruct
                0x080089bc       0x1a ./embeddedWebSrv/src/http_file.o
                0x080089bc                http_file_init_fopsStruct
 *fill*         0x080089d6        0x2 
 .text.http_file_register_fops
                0x080089d8       0x34 ./embeddedWebSrv/src/http_file.o
                0x080089d8                http_file_register_fops
 .text.http_localfs_init
                0x08008a0c       0x18 ./embeddedWebSrv/src/http_local_filesystem.o
                0x08008a0c                http_localfs_init
 .text.http_localfs_registerFile
                0x08008a24       0xd0 ./embeddedWebSrv/src/http_local_filesystem.o
                0x08008a24                http_localfs_registerFile
 .text.http_localfs_fopen
                0x08008af4       0x68 ./embeddedWebSrv/src/http_local_filesystem.o
                0x08008af4                http_localfs_fopen
 .text.http_localfs_fclose
                0x08008b5c       0x24 ./embeddedWebSrv/src/http_local_filesystem.o
                0x08008b5c                http_localfs_fclose
 .text.http_localfs_deinit
                0x08008b80       0x24 ./embeddedWebSrv/src/http_local_filesystem.o
                0x08008b80                http_localfs_deinit
 .text.http_localfs_fgetc
                0x08008ba4       0x74 ./embeddedWebSrv/src/http_local_filesystem.o
                0x08008ba4                http_localfs_fgetc
 .text.http_localfs_feof
                0x08008c18       0x40 ./embeddedWebSrv/src/http_local_filesystem.o
                0x08008c18                http_localfs_feof
 .text.http_localfs_fread
                0x08008c58       0xe8 ./embeddedWebSrv/src/http_local_filesystem.o
                0x08008c58                http_localfs_fread
 .text.http_localfs_fseek
                0x08008d40       0xf0 ./embeddedWebSrv/src/http_local_filesystem.o
                0x08008d40                http_localfs_fseek
 .text.http_net_init_netopsStruct
                0x08008e30       0x20 ./embeddedWebSrv/src/http_net.o
                0x08008e30                http_net_init_netopsStruct
 .text.http_net_register_netops
                0x08008e50       0x2c ./embeddedWebSrv/src/http_net.o
                0x08008e50                http_net_register_netops
 .text.parseRequest_mapMethodToEnum
                0x08008e7c       0xdc ./embeddedWebSrv/src/http_request_parser.o
 .text.parseRequest_identifyFileClass
                0x08008f58      0x110 ./embeddedWebSrv/src/http_request_parser.o
 .text.parseRquest_identifyRequest
                0x08009068      0x204 ./embeddedWebSrv/src/http_request_parser.o
                0x08009068                parseRquest_identifyRequest
 .text.http_response_getFileType
                0x0800926c      0x224 ./embeddedWebSrv/src/http_response.o
                0x0800926c                http_response_getFileType
 .text.http_response_get_contentType_string
                0x08009490      0x254 ./embeddedWebSrv/src/http_response.o
                0x08009490                http_response_get_contentType_string
 .text.http_response_contentTypeToString
                0x080096e4      0x188 ./embeddedWebSrv/src/http_response.o
                0x080096e4                http_response_contentTypeToString
 .text.http_response_response_header
                0x0800986c      0x46c ./embeddedWebSrv/src/http_response.o
                0x0800986c                http_response_response_header
 .text.http_response_initReponseStruct
                0x08009cd8       0x20 ./embeddedWebSrv/src/http_response.o
                0x08009cd8                http_response_initReponseStruct
 .text.http_server_send404
                0x08009cf8       0x84 ./embeddedWebSrv/src/http_server.o
 .text.http_server_send501
                0x08009d7c       0x84 ./embeddedWebSrv/src/http_server.o
 .text.http_server_send_serverError500
                0x08009e00       0x84 ./embeddedWebSrv/src/http_server.o
 .text.http_server_findNreplace
                0x08009e84       0x80 ./embeddedWebSrv/src/http_server.o
 .text.http_server_writeChunkedBody
                0x08009f04       0x68 ./embeddedWebSrv/src/http_server.o
 .text.http_server_findNseekBack
                0x08009f6c      0x144 ./embeddedWebSrv/src/http_server.o
 .text.http_server
                0x0800a0b0     0x18bc ./embeddedWebSrv/src/http_server.o
                0x0800a0b0                http_server
 .text.http_localfs_fopen_w
                0x0800b96c       0x18 ./embeddedWebSrv/src/http_server_platform.o
 .text.http_localfs_fclose_w
                0x0800b984       0x18 ./embeddedWebSrv/src/http_server_platform.o
 .text.http_localfs_fread_w
                0x0800b99c       0x24 ./embeddedWebSrv/src/http_server_platform.o
 .text.http_localfs_fgetc_w
                0x0800b9c0       0x18 ./embeddedWebSrv/src/http_server_platform.o
 .text.http_localfs_fseek_w
                0x0800b9d8       0x20 ./embeddedWebSrv/src/http_server_platform.o
 .text.http_localfs_feof_w
                0x0800b9f8       0x18 ./embeddedWebSrv/src/http_server_platform.o
 .text.tcpServerSocketEventHandler
                0x0800ba10       0x9c ./embeddedWebSrv/src/http_server_platform.o
                0x0800ba10                tcpServerSocketEventHandler
 .text.http_server_WINC15x0_net_read
                0x0800baac       0x8c ./embeddedWebSrv/src/http_server_platform.o
                0x0800baac                http_server_WINC15x0_net_read
 .text.http_server_WINC15x0_net_write
                0x0800bb38       0x78 ./embeddedWebSrv/src/http_server_platform.o
                0x0800bb38                http_server_WINC15x0_net_write
 .text.http_server_WINC15x0_net_disconnect
                0x0800bbb0       0x24 ./embeddedWebSrv/src/http_server_platform.o
                0x0800bbb0                http_server_WINC15x0_net_disconnect
 .text.http_server_timerVal_SSI_replacer_cb
                0x0800bbd4       0x58 ./embeddedWebSrv/src/http_server_platform.o
                0x0800bbd4                http_server_timerVal_SSI_replacer_cb
 .text.http_server_timerValCallCount_SSI_replacer_cb
                0x0800bc2c       0x64 ./embeddedWebSrv/src/http_server_platform.o
                0x0800bc2c                http_server_timerValCallCount_SSI_replacer_cb
 .text.httpServerTest_cgiPathFunction
                0x0800bc90      0x118 ./embeddedWebSrv/src/http_server_platform.o
                0x0800bc90                httpServerTest_cgiPathFunction
 .text.http_server_WINC15x0_init
                0x0800bda8      0x188 ./embeddedWebSrv/src/http_server_platform.o
                0x0800bda8                http_server_WINC15x0_init
 .text.imu_readings
                0x0800bf30       0x74 ./embeddedWebSrv/src/imu.o
                0x0800bf30                imu_readings
 .text.init_chip_pins
                0x0800bfa4       0xac ./winc1500/bsp/source/nm_bsp_stm32f407.o
 .text.nm_bsp_init
                0x0800c050       0x12 ./winc1500/bsp/source/nm_bsp_stm32f407.o
                0x0800c050                nm_bsp_init
 *fill*         0x0800c062        0x2 
 .text.nm_bsp_reset
                0x0800c064       0x68 ./winc1500/bsp/source/nm_bsp_stm32f407.o
                0x0800c064                nm_bsp_reset
 .text.nm_bsp_sleep
                0x0800c0cc       0x16 ./winc1500/bsp/source/nm_bsp_stm32f407.o
                0x0800c0cc                nm_bsp_sleep
 *fill*         0x0800c0e2        0x2 
 .text.nm_bsp_register_isr
                0x0800c0e4       0x60 ./winc1500/bsp/source/nm_bsp_stm32f407.o
                0x0800c0e4                nm_bsp_register_isr
 .text.nm_bsp_interrupt_ctrl
                0x0800c144       0x30 ./winc1500/bsp/source/nm_bsp_stm32f407.o
                0x0800c144                nm_bsp_interrupt_ctrl
 .text.spi_select_slave
                0x0800c174       0x38 ./winc1500/bus_wrapper/source/nm_bus_wrapper_stm32f407.o
 .text.spi_rw   0x0800c1ac       0x98 ./winc1500/bus_wrapper/source/nm_bus_wrapper_stm32f407.o
 .text.nm_bus_wifi_spi_init
                0x0800c244       0x84 ./winc1500/bus_wrapper/source/nm_bus_wrapper_stm32f407.o
                0x0800c244                nm_bus_wifi_spi_init
 .text.nm_bus_init
                0x0800c2c8       0x8c ./winc1500/bus_wrapper/source/nm_bus_wrapper_stm32f407.o
                0x0800c2c8                nm_bus_init
 .text.nm_bus_ioctl
                0x0800c354       0x44 ./winc1500/bus_wrapper/source/nm_bus_wrapper_stm32f407.o
                0x0800c354                nm_bus_ioctl
 .text.nm_bus_deinit
                0x0800c398       0x10 ./winc1500/bus_wrapper/source/nm_bus_wrapper_stm32f407.o
                0x0800c398                nm_bus_deinit
 .text.m2m_memcpy
                0x0800c3a8       0x40 ./winc1500/common/source/nm_common.o
                0x0800c3a8                m2m_memcpy
 .text.m2m_memset
                0x0800c3e8       0x3a ./winc1500/common/source/nm_common.o
                0x0800c3e8                m2m_memset
 .text.m2m_strlen
                0x0800c422       0x30 ./winc1500/common/source/nm_common.o
                0x0800c422                m2m_strlen
 *fill*         0x0800c452        0x2 
 .text.isr      0x0800c454       0x20 ./winc1500/driver/source/m2m_hif.o
                0x0800c454                isr
 .text.hif_set_rx_done
                0x0800c474       0x60 ./winc1500/driver/source/m2m_hif.o
 .text.m2m_hif_cb
                0x0800c4d4       0x1c ./winc1500/driver/source/m2m_hif.o
 .text.hif_chip_wake
                0x0800c4f0       0x60 ./winc1500/driver/source/m2m_hif.o
                0x0800c4f0                hif_chip_wake
 .text.hif_chip_sleep_sc
                0x0800c550       0x2c ./winc1500/driver/source/m2m_hif.o
                0x0800c550                hif_chip_sleep_sc
 .text.hif_chip_sleep
                0x0800c57c       0x58 ./winc1500/driver/source/m2m_hif.o
                0x0800c57c                hif_chip_sleep
 .text.hif_init
                0x0800c5d4       0x38 ./winc1500/driver/source/m2m_hif.o
                0x0800c5d4                hif_init
 .text.hif_send
                0x0800c60c      0x244 ./winc1500/driver/source/m2m_hif.o
                0x0800c60c                hif_send
 .text.hif_isr  0x0800c850      0x22c ./winc1500/driver/source/m2m_hif.o
 .text.hif_handle_isr
                0x0800ca7c       0x44 ./winc1500/driver/source/m2m_hif.o
                0x0800ca7c                hif_handle_isr
 .text.hif_receive
                0x0800cac0       0xc8 ./winc1500/driver/source/m2m_hif.o
                0x0800cac0                hif_receive
 .text.hif_register_cb
                0x0800cb88       0x90 ./winc1500/driver/source/m2m_hif.o
                0x0800cb88                hif_register_cb
 .text.m2m_wifi_cb
                0x0800cc18      0x30c ./winc1500/driver/source/m2m_wifi.o
 .text.m2m_validate_ap_parameters
                0x0800cf24      0x11e ./winc1500/driver/source/m2m_wifi.o
 *fill*         0x0800d042        0x2 
 .text.m2m_wifi_init
                0x0800d044      0x108 ./winc1500/driver/source/m2m_wifi.o
                0x0800d044                m2m_wifi_init
 .text.m2m_wifi_handle_events
                0x0800d14c       0x16 ./winc1500/driver/source/m2m_wifi.o
                0x0800d14c                m2m_wifi_handle_events
 .text.m2m_wifi_enable_ap
                0x0800d162       0x40 ./winc1500/driver/source/m2m_wifi.o
                0x0800d162                m2m_wifi_enable_ap
 .text.chip_apply_conf
                0x0800d1a2       0x60 ./winc1500/driver/source/nmasic.o
                0x0800d1a2                chip_apply_conf
 .text.enable_interrupts
                0x0800d202       0x94 ./winc1500/driver/source/nmasic.o
                0x0800d202                enable_interrupts
 *fill*         0x0800d296        0x2 
 .text.nmi_get_chipid
                0x0800d298       0xe8 ./winc1500/driver/source/nmasic.o
                0x0800d298                nmi_get_chipid
 .text.chip_sleep
                0x0800d380       0xc8 ./winc1500/driver/source/nmasic.o
                0x0800d380                chip_sleep
 .text.chip_wake
                0x0800d448       0xe8 ./winc1500/driver/source/nmasic.o
                0x0800d448                chip_wake
 .text.wait_for_bootrom
                0x0800d530      0x140 ./winc1500/driver/source/nmasic.o
                0x0800d530                wait_for_bootrom
 .text.wait_for_firmware_start
                0x0800d670       0x98 ./winc1500/driver/source/nmasic.o
                0x0800d670                wait_for_firmware_start
 .text.chip_deinit
                0x0800d708       0x50 ./winc1500/driver/source/nmasic.o
                0x0800d708                chip_deinit
 .text.nm_bus_iface_init
                0x0800d758       0x22 ./winc1500/driver/source/nmbus.o
                0x0800d758                nm_bus_iface_init
 .text.nm_bus_iface_deinit
                0x0800d77a       0x1e ./winc1500/driver/source/nmbus.o
                0x0800d77a                nm_bus_iface_deinit
 .text.nm_bus_reset
                0x0800d798       0x1e ./winc1500/driver/source/nmbus.o
                0x0800d798                nm_bus_reset
 .text.nm_read_reg
                0x0800d7b6       0x18 ./winc1500/driver/source/nmbus.o
                0x0800d7b6                nm_read_reg
 .text.nm_read_reg_with_ret
                0x0800d7ce       0x1c ./winc1500/driver/source/nmbus.o
                0x0800d7ce                nm_read_reg_with_ret
 .text.nm_write_reg
                0x0800d7ea       0x1c ./winc1500/driver/source/nmbus.o
                0x0800d7ea                nm_write_reg
 .text.p_nm_read_block
                0x0800d806       0x24 ./winc1500/driver/source/nmbus.o
 *fill*         0x0800d82a        0x2 
 .text.nm_read_block
                0x0800d82c       0x94 ./winc1500/driver/source/nmbus.o
                0x0800d82c                nm_read_block
 .text.p_nm_write_block
                0x0800d8c0       0x24 ./winc1500/driver/source/nmbus.o
 .text.nm_write_block
                0x0800d8e4       0x94 ./winc1500/driver/source/nmbus.o
                0x0800d8e4                nm_write_block
 .text.nm_get_firmware_full_info
                0x0800d978      0x140 ./winc1500/driver/source/nmdrv.o
                0x0800d978                nm_get_firmware_full_info
 .text.nm_drv_init
                0x0800dab8       0xbc ./winc1500/driver/source/nmdrv.o
                0x0800dab8                nm_drv_init
 .text.nm_drv_deinit
                0x0800db74       0x56 ./winc1500/driver/source/nmdrv.o
                0x0800db74                nm_drv_deinit
 .text.nmi_spi_read
                0x0800dbca       0x2e ./winc1500/driver/source/nmspi.o
 .text.nmi_spi_write
                0x0800dbf8       0x2e ./winc1500/driver/source/nmspi.o
 *fill*         0x0800dc26        0x2 
 .text.crc7_byte
                0x0800dc28       0x2c ./winc1500/driver/source/nmspi.o
 .text.crc7     0x0800dc54       0x3a ./winc1500/driver/source/nmspi.o
 *fill*         0x0800dc8e        0x2 
 .text.spi_cmd  0x0800dc90      0x22c ./winc1500/driver/source/nmspi.o
 .text.spi_data_rsp
                0x0800debc       0x74 ./winc1500/driver/source/nmspi.o
 .text.spi_cmd_rsp
                0x0800df30       0xac ./winc1500/driver/source/nmspi.o
 .text.spi_data_read
                0x0800dfdc       0xf0 ./winc1500/driver/source/nmspi.o
 .text.spi_data_write
                0x0800e0cc       0xe8 ./winc1500/driver/source/nmspi.o
 .text.spi_write_reg
                0x0800e1b4       0xa8 ./winc1500/driver/source/nmspi.o
 .text.nm_spi_write
                0x0800e25c       0xc8 ./winc1500/driver/source/nmspi.o
 .text.spi_read_reg
                0x0800e324       0xe6 ./winc1500/driver/source/nmspi.o
 .text.nm_spi_read
                0x0800e40a       0xda ./winc1500/driver/source/nmspi.o
 .text.nm_spi_reset
                0x0800e4e4       0x24 ./winc1500/driver/source/nmspi.o
                0x0800e4e4                nm_spi_reset
 .text.nm_spi_init
                0x0800e508       0xa0 ./winc1500/driver/source/nmspi.o
                0x0800e508                nm_spi_init
 .text.nm_spi_deinit
                0x0800e5a8       0x1c ./winc1500/driver/source/nmspi.o
                0x0800e5a8                nm_spi_deinit
 .text.nm_spi_read_reg
                0x0800e5c4       0x22 ./winc1500/driver/source/nmspi.o
                0x0800e5c4                nm_spi_read_reg
 .text.nm_spi_read_reg_with_ret
                0x0800e5e6       0x34 ./winc1500/driver/source/nmspi.o
                0x0800e5e6                nm_spi_read_reg_with_ret
 .text.nm_spi_write_reg
                0x0800e61a       0x34 ./winc1500/driver/source/nmspi.o
                0x0800e61a                nm_spi_write_reg
 .text.nm_spi_read_block
                0x0800e64e       0x3c ./winc1500/driver/source/nmspi.o
                0x0800e64e                nm_spi_read_block
 .text.nm_spi_write_block
                0x0800e68a       0x3c ./winc1500/driver/source/nmspi.o
                0x0800e68a                nm_spi_write_block
 *fill*         0x0800e6c6        0x2 
 .text.Socket_ReadSocketData
                0x0800e6c8      0x144 ./winc1500/socket/source/socket.o
                0x0800e6c8                Socket_ReadSocketData
 .text.m2m_ip_cb
                0x0800e80c      0x43c ./winc1500/socket/source/socket.o
 .text.socketInit
                0x0800ec48       0x40 ./winc1500/socket/source/socket.o
                0x0800ec48                socketInit
 .text.registerSocketCallback
                0x0800ec88       0x2c ./winc1500/socket/source/socket.o
                0x0800ec88                registerSocketCallback
 .text.socket   0x0800ecb4      0x17c ./winc1500/socket/source/socket.o
                0x0800ecb4                socket
 .text.bind     0x0800ee30       0xbc ./winc1500/socket/source/socket.o
                0x0800ee30                bind
 .text.listen   0x0800eeec       0x84 ./winc1500/socket/source/socket.o
                0x0800eeec                listen
 .text.accept   0x0800ef70       0x48 ./winc1500/socket/source/socket.o
                0x0800ef70                accept
 .text.send     0x0800efb8       0xec ./winc1500/socket/source/socket.o
                0x0800efb8                send
 .text.recv     0x0800f0a4      0x10c ./winc1500/socket/source/socket.o
                0x0800f0a4                recv
 .text.close    0x0800f1b0       0xd0 ./winc1500/socket/source/socket.o
                0x0800f1b0                close
 .text.spi_flash_enter_low_power_mode
                0x0800f280       0x6c ./winc1500/spi_flash/source/spi_flash.o
 .text.spi_flash_leave_low_power_mode
                0x0800f2ec       0x6c ./winc1500/spi_flash/source/spi_flash.o
 .text.spi_flash_enable
                0x0800f358       0xa0 ./winc1500/spi_flash/source/spi_flash.o
                0x0800f358                spi_flash_enable
 .text.malloc   0x0800f3f8       0x10 C:/ST/STM32CubeIDE_1.15.1/STM32CubeIDE/plugins/com.st.stm32cube.ide.mcu.externaltools.gnu-tools-for-stm32.12.3.rel1.win32_1.0.200.202406191623/tools/bin/../lib/gcc/arm-none-eabi/12.3.1/../../../../arm-none-eabi/lib/thumb/v7e-m+fp/hard\libc_nano.a(libc_a-malloc.o)
                0x0800f3f8                malloc
 .text.free     0x0800f408       0x10 C:/ST/STM32CubeIDE_1.15.1/STM32CubeIDE/plugins/com.st.stm32cube.ide.mcu.externaltools.gnu-tools-for-stm32.12.3.rel1.win32_1.0.200.202406191623/tools/bin/../lib/gcc/arm-none-eabi/12.3.1/../../../../arm-none-eabi/lib/thumb/v7e-m+fp/hard\libc_nano.a(libc_a-malloc.o)
                0x0800f408                free
 .text.sbrk_aligned
                0x0800f418       0x44 C:/ST/STM32CubeIDE_1.15.1/STM32CubeIDE/plugins/com.st.stm32cube.ide.mcu.externaltools.gnu-tools-for-stm32.12.3.rel1.win32_1.0.200.202406191623/tools/bin/../lib/gcc/arm-none-eabi/12.3.1/../../../../arm-none-eabi/lib/thumb/v7e-m+fp/hard\libc_nano.a(libc_a-mallocr.o)
 .text._malloc_r
                0x0800f45c      0x100 C:/ST/STM32CubeIDE_1.15.1/STM32CubeIDE/plugins/com.st.stm32cube.ide.mcu.externaltools.gnu-tools-for-stm32.12.3.rel1.win32_1.0.200.202406191623/tools/bin/../lib/gcc/arm-none-eabi/12.3.1/../../../../arm-none-eabi/lib/thumb/v7e-m+fp/hard\libc_nano.a(libc_a-mallocr.o)
                0x0800f45c                _malloc_r
 .text.__malloc_lock
                0x0800f55c        0xc C:/ST/STM32CubeIDE_1.15.1/STM32CubeIDE/plugins/com.st.stm32cube.ide.mcu.externaltools.gnu-tools-for-stm32.12.3.rel1.win32_1.0.200.202406191623/tools/bin/../lib/gcc/arm-none-eabi/12.3.1/../../../../arm-none-eabi/lib/thumb/v7e-m+fp/hard\libc_nano.a(libc_a-mlock.o)
                0x0800f55c                __malloc_lock
 .text.__malloc_unlock
                0x0800f568        0xc C:/ST/STM32CubeIDE_1.15.1/STM32CubeIDE/plugins/com.st.stm32cube.ide.mcu.externaltools.gnu-tools-for-stm32.12.3.rel1.win32_1.0.200.202406191623/tools/bin/../lib/gcc/arm-none-eabi/12.3.1/../../../../arm-none-eabi/lib/thumb/v7e-m+fp/hard\libc_nano.a(libc_a-mlock.o)
                0x0800f568                __malloc_unlock
 .text.std      0x0800f574       0x6c C:/ST/STM32CubeIDE_1.15.1/STM32CubeIDE/plugins/com.st.stm32cube.ide.mcu.externaltools.gnu-tools-for-stm32.12.3.rel1.win32_1.0.200.202406191623/tools/bin/../lib/gcc/arm-none-eabi/12.3.1/../../../../arm-none-eabi/lib/thumb/v7e-m+fp/hard\libc_nano.a(libc_a-findfp.o)
 .text.stdio_exit_handler
                0x0800f5e0       0x18 C:/ST/STM32CubeIDE_1.15.1/STM32CubeIDE/plugins/com.st.stm32cube.ide.mcu.externaltools.gnu-tools-for-stm32.12.3.rel1.win32_1.0.200.202406191623/tools/bin/../lib/gcc/arm-none-eabi/12.3.1/../../../../arm-none-eabi/lib/thumb/v7e-m+fp/hard\libc_nano.a(libc_a-findfp.o)
 .text.cleanup_stdio
                0x0800f5f8       0x40 C:/ST/STM32CubeIDE_1.15.1/STM32CubeIDE/plugins/com.st.stm32cube.ide.mcu.externaltools.gnu-tools-for-stm32.12.3.rel1.win32_1.0.200.202406191623/tools/bin/../lib/gcc/arm-none-eabi/12.3.1/../../../../arm-none-eabi/lib/thumb/v7e-m+fp/hard\libc_nano.a(libc_a-findfp.o)
 .text.global_stdio_init.part.0
                0x0800f638       0x3c C:/ST/STM32CubeIDE_1.15.1/STM32CubeIDE/plugins/com.st.stm32cube.ide.mcu.externaltools.gnu-tools-for-stm32.12.3.rel1.win32_1.0.200.202406191623/tools/bin/../lib/gcc/arm-none-eabi/12.3.1/../../../../arm-none-eabi/lib/thumb/v7e-m+fp/hard\libc_nano.a(libc_a-findfp.o)
 .text.__sfp_lock_acquire
                0x0800f674        0xc C:/ST/STM32CubeIDE_1.15.1/STM32CubeIDE/plugins/com.st.stm32cube.ide.mcu.externaltools.gnu-tools-for-stm32.12.3.rel1.win32_1.0.200.202406191623/tools/bin/../lib/gcc/arm-none-eabi/12.3.1/../../../../arm-none-eabi/lib/thumb/v7e-m+fp/hard\libc_nano.a(libc_a-findfp.o)
                0x0800f674                __sfp_lock_acquire
 .text.__sfp_lock_release
                0x0800f680        0xc C:/ST/STM32CubeIDE_1.15.1/STM32CubeIDE/plugins/com.st.stm32cube.ide.mcu.externaltools.gnu-tools-for-stm32.12.3.rel1.win32_1.0.200.202406191623/tools/bin/../lib/gcc/arm-none-eabi/12.3.1/../../../../arm-none-eabi/lib/thumb/v7e-m+fp/hard\libc_nano.a(libc_a-findfp.o)
                0x0800f680                __sfp_lock_release
 .text.__sinit  0x0800f68c       0x30 C:/ST/STM32CubeIDE_1.15.1/STM32CubeIDE/plugins/com.st.stm32cube.ide.mcu.externaltools.gnu-tools-for-stm32.12.3.rel1.win32_1.0.200.202406191623/tools/bin/../lib/gcc/arm-none-eabi/12.3.1/../../../../arm-none-eabi/lib/thumb/v7e-m+fp/hard\libc_nano.a(libc_a-findfp.o)
                0x0800f68c                __sinit
 .text.fprintf  0x0800f6bc       0x24 C:/ST/STM32CubeIDE_1.15.1/STM32CubeIDE/plugins/com.st.stm32cube.ide.mcu.externaltools.gnu-tools-for-stm32.12.3.rel1.win32_1.0.200.202406191623/tools/bin/../lib/gcc/arm-none-eabi/12.3.1/../../../../arm-none-eabi/lib/thumb/v7e-m+fp/hard\libc_nano.a(libc_a-fprintf.o)
                0x0800f6bc                fiprintf
                0x0800f6bc                fprintf
 .text._fwalk_sglue
                0x0800f6e0       0x3c C:/ST/STM32CubeIDE_1.15.1/STM32CubeIDE/plugins/com.st.stm32cube.ide.mcu.externaltools.gnu-tools-for-stm32.12.3.rel1.win32_1.0.200.202406191623/tools/bin/../lib/gcc/arm-none-eabi/12.3.1/../../../../arm-none-eabi/lib/thumb/v7e-m+fp/hard\libc_nano.a(libc_a-fwalk.o)
                0x0800f6e0                _fwalk_sglue
 .text.printf   0x0800f71c       0x24 C:/ST/STM32CubeIDE_1.15.1/STM32CubeIDE/plugins/com.st.stm32cube.ide.mcu.externaltools.gnu-tools-for-stm32.12.3.rel1.win32_1.0.200.202406191623/tools/bin/../lib/gcc/arm-none-eabi/12.3.1/../../../../arm-none-eabi/lib/thumb/v7e-m+fp/hard\libc_nano.a(libc_a-printf.o)
                0x0800f71c                iprintf
                0x0800f71c                printf
 .text._puts_r  0x0800f740       0xaa C:/ST/STM32CubeIDE_1.15.1/STM32CubeIDE/plugins/com.st.stm32cube.ide.mcu.externaltools.gnu-tools-for-stm32.12.3.rel1.win32_1.0.200.202406191623/tools/bin/../lib/gcc/arm-none-eabi/12.3.1/../../../../arm-none-eabi/lib/thumb/v7e-m+fp/hard\libc_nano.a(libc_a-puts.o)
                0x0800f740                _puts_r
 *fill*         0x0800f7ea        0x2 
 .text.puts     0x0800f7ec       0x10 C:/ST/STM32CubeIDE_1.15.1/STM32CubeIDE/plugins/com.st.stm32cube.ide.mcu.externaltools.gnu-tools-for-stm32.12.3.rel1.win32_1.0.200.202406191623/tools/bin/../lib/gcc/arm-none-eabi/12.3.1/../../../../arm-none-eabi/lib/thumb/v7e-m+fp/hard\libc_nano.a(libc_a-puts.o)
                0x0800f7ec                puts
 .text.snprintf
                0x0800f7fc       0x68 C:/ST/STM32CubeIDE_1.15.1/STM32CubeIDE/plugins/com.st.stm32cube.ide.mcu.externaltools.gnu-tools-for-stm32.12.3.rel1.win32_1.0.200.202406191623/tools/bin/../lib/gcc/arm-none-eabi/12.3.1/../../../../arm-none-eabi/lib/thumb/v7e-m+fp/hard\libc_nano.a(libc_a-snprintf.o)
                0x0800f7fc                sniprintf
                0x0800f7fc                snprintf
 .text.sprintf  0x0800f864       0x40 C:/ST/STM32CubeIDE_1.15.1/STM32CubeIDE/plugins/com.st.stm32cube.ide.mcu.externaltools.gnu-tools-for-stm32.12.3.rel1.win32_1.0.200.202406191623/tools/bin/../lib/gcc/arm-none-eabi/12.3.1/../../../../arm-none-eabi/lib/thumb/v7e-m+fp/hard\libc_nano.a(libc_a-sprintf.o)
                0x0800f864                siprintf
                0x0800f864                sprintf
 .text.sscanf   0x0800f8a4       0x54 C:/ST/STM32CubeIDE_1.15.1/STM32CubeIDE/plugins/com.st.stm32cube.ide.mcu.externaltools.gnu-tools-for-stm32.12.3.rel1.win32_1.0.200.202406191623/tools/bin/../lib/gcc/arm-none-eabi/12.3.1/../../../../arm-none-eabi/lib/thumb/v7e-m+fp/hard\libc_nano.a(libc_a-sscanf.o)
                0x0800f8a4                siscanf
                0x0800f8a4                sscanf
 .text.__sread  0x0800f8f8       0x22 C:/ST/STM32CubeIDE_1.15.1/STM32CubeIDE/plugins/com.st.stm32cube.ide.mcu.externaltools.gnu-tools-for-stm32.12.3.rel1.win32_1.0.200.202406191623/tools/bin/../lib/gcc/arm-none-eabi/12.3.1/../../../../arm-none-eabi/lib/thumb/v7e-m+fp/hard\libc_nano.a(libc_a-stdio.o)
                0x0800f8f8                __sread
 .text.__seofread
                0x0800f91a        0x4 C:/ST/STM32CubeIDE_1.15.1/STM32CubeIDE/plugins/com.st.stm32cube.ide.mcu.externaltools.gnu-tools-for-stm32.12.3.rel1.win32_1.0.200.202406191623/tools/bin/../lib/gcc/arm-none-eabi/12.3.1/../../../../arm-none-eabi/lib/thumb/v7e-m+fp/hard\libc_nano.a(libc_a-stdio.o)
                0x0800f91a                __seofread
 .text.__swrite
                0x0800f91e       0x38 C:/ST/STM32CubeIDE_1.15.1/STM32CubeIDE/plugins/com.st.stm32cube.ide.mcu.externaltools.gnu-tools-for-stm32.12.3.rel1.win32_1.0.200.202406191623/tools/bin/../lib/gcc/arm-none-eabi/12.3.1/../../../../arm-none-eabi/lib/thumb/v7e-m+fp/hard\libc_nano.a(libc_a-stdio.o)
                0x0800f91e                __swrite
 .text.__sseek  0x0800f956       0x24 C:/ST/STM32CubeIDE_1.15.1/STM32CubeIDE/plugins/com.st.stm32cube.ide.mcu.externaltools.gnu-tools-for-stm32.12.3.rel1.win32_1.0.200.202406191623/tools/bin/../lib/gcc/arm-none-eabi/12.3.1/../../../../arm-none-eabi/lib/thumb/v7e-m+fp/hard\libc_nano.a(libc_a-stdio.o)
                0x0800f956                __sseek
 .text.__sclose
                0x0800f97a        0x8 C:/ST/STM32CubeIDE_1.15.1/STM32CubeIDE/plugins/com.st.stm32cube.ide.mcu.externaltools.gnu-tools-for-stm32.12.3.rel1.win32_1.0.200.202406191623/tools/bin/../lib/gcc/arm-none-eabi/12.3.1/../../../../arm-none-eabi/lib/thumb/v7e-m+fp/hard\libc_nano.a(libc_a-stdio.o)
                0x0800f97a                __sclose
 .text.__swbuf_r
                0x0800f982       0x7c C:/ST/STM32CubeIDE_1.15.1/STM32CubeIDE/plugins/com.st.stm32cube.ide.mcu.externaltools.gnu-tools-for-stm32.12.3.rel1.win32_1.0.200.202406191623/tools/bin/../lib/gcc/arm-none-eabi/12.3.1/../../../../arm-none-eabi/lib/thumb/v7e-m+fp/hard\libc_nano.a(libc_a-wbuf.o)
                0x0800f982                __swbuf_r
 *fill*         0x0800f9fe        0x2 
 .text.__swsetup_r
                0x0800fa00       0xac C:/ST/STM32CubeIDE_1.15.1/STM32CubeIDE/plugins/com.st.stm32cube.ide.mcu.externaltools.gnu-tools-for-stm32.12.3.rel1.win32_1.0.200.202406191623/tools/bin/../lib/gcc/arm-none-eabi/12.3.1/../../../../arm-none-eabi/lib/thumb/v7e-m+fp/hard\libc_nano.a(libc_a-wsetup.o)
                0x0800fa00                __swsetup_r
 .text.memmove  0x0800faac       0x34 C:/ST/STM32CubeIDE_1.15.1/STM32CubeIDE/plugins/com.st.stm32cube.ide.mcu.externaltools.gnu-tools-for-stm32.12.3.rel1.win32_1.0.200.202406191623/tools/bin/../lib/gcc/arm-none-eabi/12.3.1/../../../../arm-none-eabi/lib/thumb/v7e-m+fp/hard\libc_nano.a(libc_a-memmove.o)
                0x0800faac                memmove
 .text.memset   0x0800fae0       0x10 C:/ST/STM32CubeIDE_1.15.1/STM32CubeIDE/plugins/com.st.stm32cube.ide.mcu.externaltools.gnu-tools-for-stm32.12.3.rel1.win32_1.0.200.202406191623/tools/bin/../lib/gcc/arm-none-eabi/12.3.1/../../../../arm-none-eabi/lib/thumb/v7e-m+fp/hard\libc_nano.a(libc_a-memset.o)
                0x0800fae0                memset
 .text.strcat   0x0800faf0       0x1e C:/ST/STM32CubeIDE_1.15.1/STM32CubeIDE/plugins/com.st.stm32cube.ide.mcu.externaltools.gnu-tools-for-stm32.12.3.rel1.win32_1.0.200.202406191623/tools/bin/../lib/gcc/arm-none-eabi/12.3.1/../../../../arm-none-eabi/lib/thumb/v7e-m+fp/hard\libc_nano.a(libc_a-strcat.o)
                0x0800faf0                strcat
 .text.strchr   0x0800fb0e       0x1a C:/ST/STM32CubeIDE_1.15.1/STM32CubeIDE/plugins/com.st.stm32cube.ide.mcu.externaltools.gnu-tools-for-stm32.12.3.rel1.win32_1.0.200.202406191623/tools/bin/../lib/gcc/arm-none-eabi/12.3.1/../../../../arm-none-eabi/lib/thumb/v7e-m+fp/hard\libc_nano.a(libc_a-strchr.o)
                0x0800fb0e                strchr
 .text.strncpy  0x0800fb28       0x26 C:/ST/STM32CubeIDE_1.15.1/STM32CubeIDE/plugins/com.st.stm32cube.ide.mcu.externaltools.gnu-tools-for-stm32.12.3.rel1.win32_1.0.200.202406191623/tools/bin/../lib/gcc/arm-none-eabi/12.3.1/../../../../arm-none-eabi/lib/thumb/v7e-m+fp/hard\libc_nano.a(libc_a-strncpy.o)
                0x0800fb28                strncpy
 .text.strrchr  0x0800fb4e       0x2c C:/ST/STM32CubeIDE_1.15.1/STM32CubeIDE/plugins/com.st.stm32cube.ide.mcu.externaltools.gnu-tools-for-stm32.12.3.rel1.win32_1.0.200.202406191623/tools/bin/../lib/gcc/arm-none-eabi/12.3.1/../../../../arm-none-eabi/lib/thumb/v7e-m+fp/hard\libc_nano.a(libc_a-strrchr.o)
                0x0800fb4e                strrchr
 *fill*         0x0800fb7a        0x2 
 .text.strtok   0x0800fb7c       0x68 C:/ST/STM32CubeIDE_1.15.1/STM32CubeIDE/plugins/com.st.stm32cube.ide.mcu.externaltools.gnu-tools-for-stm32.12.3.rel1.win32_1.0.200.202406191623/tools/bin/../lib/gcc/arm-none-eabi/12.3.1/../../../../arm-none-eabi/lib/thumb/v7e-m+fp/hard\libc_nano.a(libc_a-strtok.o)
                0x0800fb7c                strtok
 .text.__strtok_r
                0x0800fbe4       0x50 C:/ST/STM32CubeIDE_1.15.1/STM32CubeIDE/plugins/com.st.stm32cube.ide.mcu.externaltools.gnu-tools-for-stm32.12.3.rel1.win32_1.0.200.202406191623/tools/bin/../lib/gcc/arm-none-eabi/12.3.1/../../../../arm-none-eabi/lib/thumb/v7e-m+fp/hard\libc_nano.a(libc_a-strtok_r.o)
                0x0800fbe4                __strtok_r
 .text.strstr   0x0800fc34       0x2c C:/ST/STM32CubeIDE_1.15.1/STM32CubeIDE/plugins/com.st.stm32cube.ide.mcu.externaltools.gnu-tools-for-stm32.12.3.rel1.win32_1.0.200.202406191623/tools/bin/../lib/gcc/arm-none-eabi/12.3.1/../../../../arm-none-eabi/lib/thumb/v7e-m+fp/hard\libc_nano.a(libc_a-strstr.o)
                0x0800fc34                strstr
 .text._close_r
                0x0800fc60       0x20 C:/ST/STM32CubeIDE_1.15.1/STM32CubeIDE/plugins/com.st.stm32cube.ide.mcu.externaltools.gnu-tools-for-stm32.12.3.rel1.win32_1.0.200.202406191623/tools/bin/../lib/gcc/arm-none-eabi/12.3.1/../../../../arm-none-eabi/lib/thumb/v7e-m+fp/hard\libc_nano.a(libc_a-closer.o)
                0x0800fc60                _close_r
 .text._lseek_r
                0x0800fc80       0x24 C:/ST/STM32CubeIDE_1.15.1/STM32CubeIDE/plugins/com.st.stm32cube.ide.mcu.externaltools.gnu-tools-for-stm32.12.3.rel1.win32_1.0.200.202406191623/tools/bin/../lib/gcc/arm-none-eabi/12.3.1/../../../../arm-none-eabi/lib/thumb/v7e-m+fp/hard\libc_nano.a(libc_a-lseekr.o)
                0x0800fc80                _lseek_r
 .text._read_r  0x0800fca4       0x24 C:/ST/STM32CubeIDE_1.15.1/STM32CubeIDE/plugins/com.st.stm32cube.ide.mcu.externaltools.gnu-tools-for-stm32.12.3.rel1.win32_1.0.200.202406191623/tools/bin/../lib/gcc/arm-none-eabi/12.3.1/../../../../arm-none-eabi/lib/thumb/v7e-m+fp/hard\libc_nano.a(libc_a-readr.o)
                0x0800fca4                _read_r
 .text._sbrk_r  0x0800fcc8       0x20 C:/ST/STM32CubeIDE_1.15.1/STM32CubeIDE/plugins/com.st.stm32cube.ide.mcu.externaltools.gnu-tools-for-stm32.12.3.rel1.win32_1.0.200.202406191623/tools/bin/../lib/gcc/arm-none-eabi/12.3.1/../../../../arm-none-eabi/lib/thumb/v7e-m+fp/hard\libc_nano.a(libc_a-sbrkr.o)
                0x0800fcc8                _sbrk_r
 .text._write_r
                0x0800fce8       0x24 C:/ST/STM32CubeIDE_1.15.1/STM32CubeIDE/plugins/com.st.stm32cube.ide.mcu.externaltools.gnu-tools-for-stm32.12.3.rel1.win32_1.0.200.202406191623/tools/bin/../lib/gcc/arm-none-eabi/12.3.1/../../../../arm-none-eabi/lib/thumb/v7e-m+fp/hard\libc_nano.a(libc_a-writer.o)
                0x0800fce8                _write_r
 .text.__errno  0x0800fd0c        0xc C:/ST/STM32CubeIDE_1.15.1/STM32CubeIDE/plugins/com.st.stm32cube.ide.mcu.externaltools.gnu-tools-for-stm32.12.3.rel1.win32_1.0.200.202406191623/tools/bin/../lib/gcc/arm-none-eabi/12.3.1/../../../../arm-none-eabi/lib/thumb/v7e-m+fp/hard\libc_nano.a(libc_a-errno.o)
                0x0800fd0c                __errno
 .text.__libc_init_array
                0x0800fd18       0x48 C:/ST/STM32CubeIDE_1.15.1/STM32CubeIDE/plugins/com.st.stm32cube.ide.mcu.externaltools.gnu-tools-for-stm32.12.3.rel1.win32_1.0.200.202406191623/tools/bin/../lib/gcc/arm-none-eabi/12.3.1/../../../../arm-none-eabi/lib/thumb/v7e-m+fp/hard\libc_nano.a(libc_a-init.o)
                0x0800fd18                __libc_init_array
 .text.__retarget_lock_init_recursive
                0x0800fd60        0x2 C:/ST/STM32CubeIDE_1.15.1/STM32CubeIDE/plugins/com.st.stm32cube.ide.mcu.externaltools.gnu-tools-for-stm32.12.3.rel1.win32_1.0.200.202406191623/tools/bin/../lib/gcc/arm-none-eabi/12.3.1/../../../../arm-none-eabi/lib/thumb/v7e-m+fp/hard\libc_nano.a(libc_a-lock.o)
                0x0800fd60                __retarget_lock_init_recursive
 .text.__retarget_lock_acquire_recursive
                0x0800fd62        0x2 C:/ST/STM32CubeIDE_1.15.1/STM32CubeIDE/plugins/com.st.stm32cube.ide.mcu.externaltools.gnu-tools-for-stm32.12.3.rel1.win32_1.0.200.202406191623/tools/bin/../lib/gcc/arm-none-eabi/12.3.1/../../../../arm-none-eabi/lib/thumb/v7e-m+fp/hard\libc_nano.a(libc_a-lock.o)
                0x0800fd62                __retarget_lock_acquire_recursive
 .text.__retarget_lock_release_recursive
                0x0800fd64        0x2 C:/ST/STM32CubeIDE_1.15.1/STM32CubeIDE/plugins/com.st.stm32cube.ide.mcu.externaltools.gnu-tools-for-stm32.12.3.rel1.win32_1.0.200.202406191623/tools/bin/../lib/gcc/arm-none-eabi/12.3.1/../../../../arm-none-eabi/lib/thumb/v7e-m+fp/hard\libc_nano.a(libc_a-lock.o)
                0x0800fd64                __retarget_lock_release_recursive
 .text.memcpy   0x0800fd66       0x1c C:/ST/STM32CubeIDE_1.15.1/STM32CubeIDE/plugins/com.st.stm32cube.ide.mcu.externaltools.gnu-tools-for-stm32.12.3.rel1.win32_1.0.200.202406191623/tools/bin/../lib/gcc/arm-none-eabi/12.3.1/../../../../arm-none-eabi/lib/thumb/v7e-m+fp/hard\libc_nano.a(libc_a-memcpy-stub.o)
                0x0800fd66                memcpy
 *fill*         0x0800fd82        0x2 
 .text.__assert_func
                0x0800fd84       0x3c C:/ST/STM32CubeIDE_1.15.1/STM32CubeIDE/plugins/com.st.stm32cube.ide.mcu.externaltools.gnu-tools-for-stm32.12.3.rel1.win32_1.0.200.202406191623/tools/bin/../lib/gcc/arm-none-eabi/12.3.1/../../../../arm-none-eabi/lib/thumb/v7e-m+fp/hard\libc_nano.a(libc_a-assert.o)
                0x0800fd84                __assert_func
 .text._free_r  0x0800fdc0       0x94 C:/ST/STM32CubeIDE_1.15.1/STM32CubeIDE/plugins/com.st.stm32cube.ide.mcu.externaltools.gnu-tools-for-stm32.12.3.rel1.win32_1.0.200.202406191623/tools/bin/../lib/gcc/arm-none-eabi/12.3.1/../../../../arm-none-eabi/lib/thumb/v7e-m+fp/hard\libc_nano.a(libc_a-freer.o)
                0x0800fdc0                _free_r
 .text.__ssputs_r
                0x0800fe54       0xb6 C:/ST/STM32CubeIDE_1.15.1/STM32CubeIDE/plugins/com.st.stm32cube.ide.mcu.externaltools.gnu-tools-for-stm32.12.3.rel1.win32_1.0.200.202406191623/tools/bin/../lib/gcc/arm-none-eabi/12.3.1/../../../../arm-none-eabi/lib/thumb/v7e-m+fp/hard\libc_nano.a(libc_a-nano-svfprintf.o)
                0x0800fe54                __ssputs_r
 *fill*         0x0800ff0a        0x2 
 .text._svfprintf_r
                0x0800ff0c      0x1f8 C:/ST/STM32CubeIDE_1.15.1/STM32CubeIDE/plugins/com.st.stm32cube.ide.mcu.externaltools.gnu-tools-for-stm32.12.3.rel1.win32_1.0.200.202406191623/tools/bin/../lib/gcc/arm-none-eabi/12.3.1/../../../../arm-none-eabi/lib/thumb/v7e-m+fp/hard\libc_nano.a(libc_a-nano-svfprintf.o)
                0x0800ff0c                _svfiprintf_r
                0x0800ff0c                _svfprintf_r
 .text._sungetc_r
                0x08010104       0x76 C:/ST/STM32CubeIDE_1.15.1/STM32CubeIDE/plugins/com.st.stm32cube.ide.mcu.externaltools.gnu-tools-for-stm32.12.3.rel1.win32_1.0.200.202406191623/tools/bin/../lib/gcc/arm-none-eabi/12.3.1/../../../../arm-none-eabi/lib/thumb/v7e-m+fp/hard\libc_nano.a(libc_a-nano-svfscanf.o)
                0x08010104                _sungetc_r
 .text.__ssrefill_r
                0x0801017a       0x3a C:/ST/STM32CubeIDE_1.15.1/STM32CubeIDE/plugins/com.st.stm32cube.ide.mcu.externaltools.gnu-tools-for-stm32.12.3.rel1.win32_1.0.200.202406191623/tools/bin/../lib/gcc/arm-none-eabi/12.3.1/../../../../arm-none-eabi/lib/thumb/v7e-m+fp/hard\libc_nano.a(libc_a-nano-svfscanf.o)
                0x0801017a                __ssrefill_r
 .text.__ssvfscanf_r
                0x080101b4      0x2e8 C:/ST/STM32CubeIDE_1.15.1/STM32CubeIDE/plugins/com.st.stm32cube.ide.mcu.externaltools.gnu-tools-for-stm32.12.3.rel1.win32_1.0.200.202406191623/tools/bin/../lib/gcc/arm-none-eabi/12.3.1/../../../../arm-none-eabi/lib/thumb/v7e-m+fp/hard\libc_nano.a(libc_a-nano-svfscanf.o)
                0x080101b4                __ssvfiscanf_r
                0x080101b4                __ssvfscanf_r
 .text.__sfputc_r
                0x0801049c       0x2e C:/ST/STM32CubeIDE_1.15.1/STM32CubeIDE/plugins/com.st.stm32cube.ide.mcu.externaltools.gnu-tools-for-stm32.12.3.rel1.win32_1.0.200.202406191623/tools/bin/../lib/gcc/arm-none-eabi/12.3.1/../../../../arm-none-eabi/lib/thumb/v7e-m+fp/hard\libc_nano.a(libc_a-nano-vfprintf.o)
 .text.__sfputs_r
                0x080104ca       0x24 C:/ST/STM32CubeIDE_1.15.1/STM32CubeIDE/plugins/com.st.stm32cube.ide.mcu.externaltools.gnu-tools-for-stm32.12.3.rel1.win32_1.0.200.202406191623/tools/bin/../lib/gcc/arm-none-eabi/12.3.1/../../../../arm-none-eabi/lib/thumb/v7e-m+fp/hard\libc_nano.a(libc_a-nano-vfprintf.o)
                0x080104ca                __sfputs_r
 *fill*         0x080104ee        0x2 
 .text._vfprintf_r
                0x080104f0      0x230 C:/ST/STM32CubeIDE_1.15.1/STM32CubeIDE/plugins/com.st.stm32cube.ide.mcu.externaltools.gnu-tools-for-stm32.12.3.rel1.win32_1.0.200.202406191623/tools/bin/../lib/gcc/arm-none-eabi/12.3.1/../../../../arm-none-eabi/lib/thumb/v7e-m+fp/hard\libc_nano.a(libc_a-nano-vfprintf.o)
                0x080104f0                _vfprintf_r
                0x080104f0                _vfiprintf_r
 .text._printf_common
                0x08010720       0xda C:/ST/STM32CubeIDE_1.15.1/STM32CubeIDE/plugins/com.st.stm32cube.ide.mcu.externaltools.gnu-tools-for-stm32.12.3.rel1.win32_1.0.200.202406191623/tools/bin/../lib/gcc/arm-none-eabi/12.3.1/../../../../arm-none-eabi/lib/thumb/v7e-m+fp/hard\libc_nano.a(libc_a-nano-vfprintf_i.o)
                0x08010720                _printf_common
 *fill*         0x080107fa        0x2 
 .text._printf_i
                0x080107fc      0x240 C:/ST/STM32CubeIDE_1.15.1/STM32CubeIDE/plugins/com.st.stm32cube.ide.mcu.externaltools.gnu-tools-for-stm32.12.3.rel1.win32_1.0.200.202406191623/tools/bin/../lib/gcc/arm-none-eabi/12.3.1/../../../../arm-none-eabi/lib/thumb/v7e-m+fp/hard\libc_nano.a(libc_a-nano-vfprintf_i.o)
                0x080107fc                _printf_i
 .text._scanf_chars
                0x08010a3c       0xb4 C:/ST/STM32CubeIDE_1.15.1/STM32CubeIDE/plugins/com.st.stm32cube.ide.mcu.externaltools.gnu-tools-for-stm32.12.3.rel1.win32_1.0.200.202406191623/tools/bin/../lib/gcc/arm-none-eabi/12.3.1/../../../../arm-none-eabi/lib/thumb/v7e-m+fp/hard\libc_nano.a(libc_a-nano-vfscanf_i.o)
                0x08010a3c                _scanf_chars
 .text._scanf_i
                0x08010af0      0x1e8 C:/ST/STM32CubeIDE_1.15.1/STM32CubeIDE/plugins/com.st.stm32cube.ide.mcu.externaltools.gnu-tools-for-stm32.12.3.rel1.win32_1.0.200.202406191623/tools/bin/../lib/gcc/arm-none-eabi/12.3.1/../../../../arm-none-eabi/lib/thumb/v7e-m+fp/hard\libc_nano.a(libc_a-nano-vfscanf_i.o)
                0x08010af0                _scanf_i
 .text.__sflush_r
                0x08010cd8      0x108 C:/ST/STM32CubeIDE_1.15.1/STM32CubeIDE/plugins/com.st.stm32cube.ide.mcu.externaltools.gnu-tools-for-stm32.12.3.rel1.win32_1.0.200.202406191623/tools/bin/../lib/gcc/arm-none-eabi/12.3.1/../../../../arm-none-eabi/lib/thumb/v7e-m+fp/hard\libc_nano.a(libc_a-fflush.o)
                0x08010cd8                __sflush_r
 .text._fflush_r
                0x08010de0       0x50 C:/ST/STM32CubeIDE_1.15.1/STM32CubeIDE/plugins/com.st.stm32cube.ide.mcu.externaltools.gnu-tools-for-stm32.12.3.rel1.win32_1.0.200.202406191623/tools/bin/../lib/gcc/arm-none-eabi/12.3.1/../../../../arm-none-eabi/lib/thumb/v7e-m+fp/hard\libc_nano.a(libc_a-fflush.o)
                0x08010de0                _fflush_r
 .text.__swhatbuf_r
                0x08010e30       0x4c C:/ST/STM32CubeIDE_1.15.1/STM32CubeIDE/plugins/com.st.stm32cube.ide.mcu.externaltools.gnu-tools-for-stm32.12.3.rel1.win32_1.0.200.202406191623/tools/bin/../lib/gcc/arm-none-eabi/12.3.1/../../../../arm-none-eabi/lib/thumb/v7e-m+fp/hard\libc_nano.a(libc_a-makebuf.o)
                0x08010e30                __swhatbuf_r
 .text.__smakebuf_r
                0x08010e7c       0x78 C:/ST/STM32CubeIDE_1.15.1/STM32CubeIDE/plugins/com.st.stm32cube.ide.mcu.externaltools.gnu-tools-for-stm32.12.3.rel1.win32_1.0.200.202406191623/tools/bin/../lib/gcc/arm-none-eabi/12.3.1/../../../../arm-none-eabi/lib/thumb/v7e-m+fp/hard\libc_nano.a(libc_a-makebuf.o)
                0x08010e7c                __smakebuf_r
 .text.__sccl   0x08010ef4       0x72 C:/ST/STM32CubeIDE_1.15.1/STM32CubeIDE/plugins/com.st.stm32cube.ide.mcu.externaltools.gnu-tools-for-stm32.12.3.rel1.win32_1.0.200.202406191623/tools/bin/../lib/gcc/arm-none-eabi/12.3.1/../../../../arm-none-eabi/lib/thumb/v7e-m+fp/hard\libc_nano.a(libc_a-sccl.o)
                0x08010ef4                __sccl
 .text.__submore
                0x08010f66       0x74 C:/ST/STM32CubeIDE_1.15.1/STM32CubeIDE/plugins/com.st.stm32cube.ide.mcu.externaltools.gnu-tools-for-stm32.12.3.rel1.win32_1.0.200.202406191623/tools/bin/../lib/gcc/arm-none-eabi/12.3.1/../../../../arm-none-eabi/lib/thumb/v7e-m+fp/hard\libc_nano.a(libc_a-ungetc.o)
                0x08010f66                __submore
 *fill*         0x08010fda        0x2 
 .text._fstat_r
                0x08010fdc       0x24 C:/ST/STM32CubeIDE_1.15.1/STM32CubeIDE/plugins/com.st.stm32cube.ide.mcu.externaltools.gnu-tools-for-stm32.12.3.rel1.win32_1.0.200.202406191623/tools/bin/../lib/gcc/arm-none-eabi/12.3.1/../../../../arm-none-eabi/lib/thumb/v7e-m+fp/hard\libc_nano.a(libc_a-fstatr.o)
                0x08010fdc                _fstat_r
 .text._isatty_r
                0x08011000       0x20 C:/ST/STM32CubeIDE_1.15.1/STM32CubeIDE/plugins/com.st.stm32cube.ide.mcu.externaltools.gnu-tools-for-stm32.12.3.rel1.win32_1.0.200.202406191623/tools/bin/../lib/gcc/arm-none-eabi/12.3.1/../../../../arm-none-eabi/lib/thumb/v7e-m+fp/hard\libc_nano.a(libc_a-isattyr.o)
                0x08011000                _isatty_r
 .text.abort    0x08011020        0xe C:/ST/STM32CubeIDE_1.15.1/STM32CubeIDE/plugins/com.st.stm32cube.ide.mcu.externaltools.gnu-tools-for-stm32.12.3.rel1.win32_1.0.200.202406191623/tools/bin/../lib/gcc/arm-none-eabi/12.3.1/../../../../arm-none-eabi/lib/thumb/v7e-m+fp/hard\libc_nano.a(libc_a-abort.o)
                0x08011020                abort
 .text._realloc_r
                0x0801102e       0x5c C:/ST/STM32CubeIDE_1.15.1/STM32CubeIDE/plugins/com.st.stm32cube.ide.mcu.externaltools.gnu-tools-for-stm32.12.3.rel1.win32_1.0.200.202406191623/tools/bin/../lib/gcc/arm-none-eabi/12.3.1/../../../../arm-none-eabi/lib/thumb/v7e-m+fp/hard\libc_nano.a(libc_a-reallocr.o)
                0x0801102e                _realloc_r
 *fill*         0x0801108a        0x2 
 .text._strtol_l.constprop.0
                0x0801108c       0xf4 C:/ST/STM32CubeIDE_1.15.1/STM32CubeIDE/plugins/com.st.stm32cube.ide.mcu.externaltools.gnu-tools-for-stm32.12.3.rel1.win32_1.0.200.202406191623/tools/bin/../lib/gcc/arm-none-eabi/12.3.1/../../../../arm-none-eabi/lib/thumb/v7e-m+fp/hard\libc_nano.a(libc_a-strtol.o)
 .text._strtol_r
                0x08011180        0x4 C:/ST/STM32CubeIDE_1.15.1/STM32CubeIDE/plugins/com.st.stm32cube.ide.mcu.externaltools.gnu-tools-for-stm32.12.3.rel1.win32_1.0.200.202406191623/tools/bin/../lib/gcc/arm-none-eabi/12.3.1/../../../../arm-none-eabi/lib/thumb/v7e-m+fp/hard\libc_nano.a(libc_a-strtol.o)
                0x08011180                _strtol_r
 .text._strtoul_l.constprop.0
                0x08011184       0xdc C:/ST/STM32CubeIDE_1.15.1/STM32CubeIDE/plugins/com.st.stm32cube.ide.mcu.externaltools.gnu-tools-for-stm32.12.3.rel1.win32_1.0.200.202406191623/tools/bin/../lib/gcc/arm-none-eabi/12.3.1/../../../../arm-none-eabi/lib/thumb/v7e-m+fp/hard\libc_nano.a(libc_a-strtoul.o)
 .text._strtoul_r
                0x08011260        0x4 C:/ST/STM32CubeIDE_1.15.1/STM32CubeIDE/plugins/com.st.stm32cube.ide.mcu.externaltools.gnu-tools-for-stm32.12.3.rel1.win32_1.0.200.202406191623/tools/bin/../lib/gcc/arm-none-eabi/12.3.1/../../../../arm-none-eabi/lib/thumb/v7e-m+fp/hard\libc_nano.a(libc_a-strtoul.o)
                0x08011260                _strtoul_r
 .text._raise_r
                0x08011264       0x50 C:/ST/STM32CubeIDE_1.15.1/STM32CubeIDE/plugins/com.st.stm32cube.ide.mcu.externaltools.gnu-tools-for-stm32.12.3.rel1.win32_1.0.200.202406191623/tools/bin/../lib/gcc/arm-none-eabi/12.3.1/../../../../arm-none-eabi/lib/thumb/v7e-m+fp/hard\libc_nano.a(libc_a-signal.o)
                0x08011264                _raise_r
 .text.raise    0x080112b4       0x10 C:/ST/STM32CubeIDE_1.15.1/STM32CubeIDE/plugins/com.st.stm32cube.ide.mcu.externaltools.gnu-tools-for-stm32.12.3.rel1.win32_1.0.200.202406191623/tools/bin/../lib/gcc/arm-none-eabi/12.3.1/../../../../arm-none-eabi/lib/thumb/v7e-m+fp/hard\libc_nano.a(libc_a-signal.o)
                0x080112b4                raise
 .text._kill_r  0x080112c4       0x24 C:/ST/STM32CubeIDE_1.15.1/STM32CubeIDE/plugins/com.st.stm32cube.ide.mcu.externaltools.gnu-tools-for-stm32.12.3.rel1.win32_1.0.200.202406191623/tools/bin/../lib/gcc/arm-none-eabi/12.3.1/../../../../arm-none-eabi/lib/thumb/v7e-m+fp/hard\libc_nano.a(libc_a-signalr.o)
                0x080112c4                _kill_r
 .text._getpid_r
                0x080112e8        0x4 C:/ST/STM32CubeIDE_1.15.1/STM32CubeIDE/plugins/com.st.stm32cube.ide.mcu.externaltools.gnu-tools-for-stm32.12.3.rel1.win32_1.0.200.202406191623/tools/bin/../lib/gcc/arm-none-eabi/12.3.1/../../../../arm-none-eabi/lib/thumb/v7e-m+fp/hard\libc_nano.a(libc_a-signalr.o)
                0x080112e8                _getpid_r
 .text._malloc_usable_size_r
                0x080112ec       0x10 C:/ST/STM32CubeIDE_1.15.1/STM32CubeIDE/plugins/com.st.stm32cube.ide.mcu.externaltools.gnu-tools-for-stm32.12.3.rel1.win32_1.0.200.202406191623/tools/bin/../lib/gcc/arm-none-eabi/12.3.1/../../../../arm-none-eabi/lib/thumb/v7e-m+fp/hard\libc_nano.a(libc_a-msizer.o)
                0x080112ec                _malloc_usable_size_r
 *(.glue_7)
 .glue_7        0x080112fc        0x0 linker stubs
 *(.glue_7t)
 .glue_7t       0x080112fc        0x0 linker stubs
 *(.eh_frame)
 .eh_frame      0x080112fc        0x0 C:/ST/STM32CubeIDE_1.15.1/STM32CubeIDE/plugins/com.st.stm32cube.ide.mcu.externaltools.gnu-tools-for-stm32.12.3.rel1.win32_1.0.200.202406191623/tools/bin/../lib/gcc/arm-none-eabi/12.3.1/thumb/v7e-m+fp/hard/crtbegin.o
 *(.init)
 .init          0x080112fc        0x4 C:/ST/STM32CubeIDE_1.15.1/STM32CubeIDE/plugins/com.st.stm32cube.ide.mcu.externaltools.gnu-tools-for-stm32.12.3.rel1.win32_1.0.200.202406191623/tools/bin/../lib/gcc/arm-none-eabi/12.3.1/thumb/v7e-m+fp/hard/crti.o
                0x080112fc                _init