../Core/Src/main.c:71:6:HAL_UART_RxCpltCallback	16	static
../Core/Src/main.c:88:5:main	264	static
../Core/Src/main.c:143:6:SystemClock_Config	88	static
../Core/Src/main.c:190:13:MX_SDIO_SD_Init	4	static
../Core/Src/main.c:218:13:MX_USART2_UART_Init	8	static
../Core/Src/main.c:249:13:MX_DMA_Init	16	static
../Core/Src/main.c:267:13:MX_GPIO_Init	56	static
../Core/Src/main.c:401:20:GPS_UART_define	16	static
../Core/Src/main.c:405:6:HAL_GPIO_EXTI_Callback	120	static
../Core/Src/main.c:419:6:Error_Handler	4	static,ignoring_inline_asm
