../Drivers/BSP/STM32F4xx_Discovery_407/Src/stm32f4xx_nucleo_144.c:180:10:BSP_GetVersion	4	static
../Drivers/BSP/STM32F4xx_Discovery_407/Src/stm32f4xx_nucleo_144.c:194:6:BSP_LED_Init	48	static
../Drivers/BSP/STM32F4xx_Discovery_407/Src/stm32f4xx_nucleo_144.c:221:6:BSP_LED_DeInit	40	static
../Drivers/BSP/STM32F4xx_Discovery_407/Src/stm32f4xx_nucleo_144.c:239:6:BSP_LED_On	16	static
../Drivers/BSP/STM32F4xx_Discovery_407/Src/stm32f4xx_nucleo_144.c:253:6:BSP_LED_Off	16	static
../Drivers/BSP/STM32F4xx_Discovery_407/Src/stm32f4xx_nucleo_144.c:267:6:BSP_LED_Toggle	16	static
../Drivers/BSP/STM32F4xx_Discovery_407/Src/stm32f4xx_nucleo_144.c:283:6:BSP_PB_Init	40	static
../Drivers/BSP/STM32F4xx_Discovery_407/Src/stm32f4xx_nucleo_144.c:321:6:BSP_PB_DeInit	40	static
../Drivers/BSP/STM32F4xx_Discovery_407/Src/stm32f4xx_nucleo_144.c:336:10:BSP_PB_GetState	16	static
../Drivers/BSP/STM32F4xx_Discovery_407/Src/stm32f4xx_nucleo_144.c:354:13:SPIx_MspInit	48	static
../Drivers/BSP/STM32F4xx_Discovery_407/Src/stm32f4xx_nucleo_144.c:391:13:SPIx_Init	8	static
../Drivers/BSP/STM32F4xx_Discovery_407/Src/stm32f4xx_nucleo_144.c:427:13:SPIx_WriteReadData	40	static
../Drivers/BSP/STM32F4xx_Discovery_407/Src/stm32f4xx_nucleo_144.c:446:13:SPIx_Write	32	static
../Drivers/BSP/STM32F4xx_Discovery_407/Src/stm32f4xx_nucleo_144.c:466:13:SPIx_Error	8	static
../Drivers/BSP/STM32F4xx_Discovery_407/Src/stm32f4xx_nucleo_144.c:486:6:SD_IO_Init	40	static
../Drivers/BSP/STM32F4xx_Discovery_407/Src/stm32f4xx_nucleo_144.c:533:6:SD_IO_CSState	16	static
../Drivers/BSP/STM32F4xx_Discovery_407/Src/stm32f4xx_nucleo_144.c:550:6:SD_IO_WriteReadData	24	static
../Drivers/BSP/STM32F4xx_Discovery_407/Src/stm32f4xx_nucleo_144.c:561:9:SD_IO_WriteByte	24	static
../Drivers/BSP/STM32F4xx_Discovery_407/Src/stm32f4xx_nucleo_144.c:575:6:LCD_IO_Init	40	static
../Drivers/BSP/STM32F4xx_Discovery_407/Src/stm32f4xx_nucleo_144.c:606:6:LCD_IO_WriteReg	16	static
../Drivers/BSP/STM32F4xx_Discovery_407/Src/stm32f4xx_nucleo_144.c:627:6:LCD_IO_WriteData	16	static
../Drivers/BSP/STM32F4xx_Discovery_407/Src/stm32f4xx_nucleo_144.c:648:6:LCD_IO_WriteMultipleData	24	static
../Drivers/BSP/STM32F4xx_Discovery_407/Src/stm32f4xx_nucleo_144.c:704:6:LCD_Delay	16	static
